18.136.196.0 - - [23/Aug/2021:06:06:04 +0200] "GET /2019/wp-includes/wlwmanifest.xml HTTP/1.1" 404 640 sensalgo.com "-" "Mozilla/5.0 (Windows NT 10.0; Win64; x64) AppleWebKit/537.36 (KHTML, like Gecko) Chrome/88.0.4240.193 Safari/537.36" "-"
18.136.196.0 - - [23/Aug/2021:06:06:05 +0200] "GET /shop/wp-includes/wlwmanifest.xml HTTP/1.1" 404 640 sensalgo.com "-" "Mozilla/5.0 (Windows NT 10.0; Win64; x64) AppleWebKit/537.36 (KHTML, like Gecko) Chrome/88.0.4240.193 Safari/537.36" "-"
18.136.196.0 - - [23/Aug/2021:06:06:05 +0200] "GET /wp1/wp-includes/wlwmanifest.xml HTTP/1.1" 404 640 sensalgo.com "-" "Mozilla/5.0 (Windows NT 10.0; Win64; x64) AppleWebKit/537.36 (KHTML, like Gecko) Chrome/88.0.4240.193 Safari/537.36" "-"
18.136.196.0 - - [23/Aug/2021:06:06:06 +0200] "GET /test/wp-includes/wlwmanifest.xml HTTP/1.1" 404 640 sensalgo.com "-" "Mozilla/5.0 (Windows NT 10.0; Win64; x64) AppleWebKit/537.36 (KHTML, like Gecko) Chrome/88.0.4240.193 Safari/537.36" "-"
18.136.196.0 - - [23/Aug/2021:06:06:06 +0200] "GET /wp2/wp-includes/wlwmanifest.xml HTTP/1.1" 404 640 sensalgo.com "-" "Mozilla/5.0 (Windows NT 10.0; Win64; x64) AppleWebKit/537.36 (KHTML, like Gecko) Chrome/88.0.4240.193 Safari/537.36" "-"
18.136.196.0 - - [23/Aug/2021:06:06:07 +0200] "GET /site/wp-includes/wlwmanifest.xml HTTP/1.1" 404 640 sensalgo.com "-" "Mozilla/5.0 (Windows NT 10.0; Win64; x64) AppleWebKit/537.36 (KHTML, like Gecko) Chrome/88.0.4240.193 Safari/537.36" "-"
18.136.196.0 - - [23/Aug/2021:06:06:07 +0200] "GET /cms/wp-includes/wlwmanifest.xml HTTP/1.1" 404 640 sensalgo.com "-" "Mozilla/5.0 (Windows NT 10.0; Win64; x64) AppleWebKit/537.36 (KHTML, like Gecko) Chrome/88.0.4240.193 Safari/537.36" "-"
18.136.196.0 - - [23/Aug/2021:06:06:08 +0200] "GET /sito/wp-includes/wlwmanifest.xml HTTP/1.1" 404 640 sensalgo.com "-" "Mozilla/5.0 (Windows NT 10.0; Win64; x64) AppleWebKit/537.36 (KHTML, like Gecko) Chrome/88.0.4240.193 Safari/537.36" "-"
46.187.26.0 - - [23/Aug/2021:06:10:26 +0200] "GET /tristat2/pro2/index.php?export=pac&rand=877 HTTP/1.1" 404 640 www.sensalgo.com "-" "Mozilla/5.0 (Windows NT 10.0; WOW64; rv:45.0) Gecko/20100101 Firefox/45.0" "-"
82.77.245.0 - - [23/Aug/2021:06:10:38 +0200] "GET / HTTP/1.1" 200 8403 shelfclauses.txt-soft.com "-" "Mozilla/5.0 (compatible; MSIE 9.0; Windows NT 6.1; Trident/5.0)" "-"
223.141.71.0 - - [23/Aug/2021:06:13:01 +0200] "GET /cgi-bin/index_en_us.pl?URL=https://www.qima.cn/testing/eyewear HTTP/1.1" 500 614 www.sensalgo.com "http://www.sensalgo.com/" "Mozilla/5.0 (Windows NT 6.1; Win64; x64) AppleWebKit/537.36 (KHTML, like Gecko) Chrome/66.0.3359.117 Safari/537.36" "-"
223.141.71.0 - - [23/Aug/2021:06:13:02 +0200] "GET /cgi-bin/index_en_us.pl?URL=https://sell-apple.eu HTTP/1.1" 500 614 www.sensalgo.com "http://www.sensalgo.com/cgi-bin/index_en_us.pl?URL=https://www.qima.cn/testing/eyewear" "Mozilla/5.0 (Windows NT 6.1; Win64; x64) AppleWebKit/537.36 (KHTML, like Gecko) Chrome/66.0.3359.117 Safari/537.36" "-"
114.119.151.0 - - [23/Aug/2021:06:13:17 +0200] "GET /cgi-bin/index_en_us.pl?URL=https%3A%2F%2F0loft.com%2Frooms-by-hour%2F HTTP/1.1" 500 614 www.sensalgo.com "-" "Mozilla/5.0 (Linux; Android 7.0;) AppleWebKit/537.36 (KHTML, like Gecko) Mobile Safari/537.36 (compatible; PetalBot;+https://webmaster.petalsearch.com/site/petalbot)" "-"
216.131.114.0 - - [23/Aug/2021:06:14:15 +0200] "GET / HTTP/1.1" 200 489 sensalgo.com "https://www.quay.co.ua" "Mozilla/5.0 (Windows NT 6.1) AppleWebKit/537.36 (KHTML, like Gecko) Chrome/90.0.4430.85 Safari/537.36" "-"
64.62.252.0 - - [23/Aug/2021:06:14:56 +0200] "GET /robots.txt HTTP/1.1" 404 640 www.sensalgo.com "-" "The Knowledge AI" "-"
64.62.252.0 - - [23/Aug/2021:06:14:57 +0200] "GET /cgi-bin/index_en_us.pl?URL=https://astro-live.eu HTTP/1.1" 500 614 www.sensalgo.com "-" "The Knowledge AI" "-"
123.183.224.0 - - [23/Aug/2021:06:15:02 +0200] "GET /en_us/index.php HTTP/1.1" 302 2 www.sensalgo.com "-" "Sogou web spider/4.0(+http://www.sogou.com/docs/help/webmasters.htm#07)" "-"
92.220.10.0 - - [23/Aug/2021:06:15:20 +0200] "GET /robots.txt HTTP/1.1" 404 640 www.sensalgo.com "-" "Mozilla/5.0 (compatible; MJ12bot/v1.4.8; http://mj12bot.com/)" "-"
92.220.10.0 - - [23/Aug/2021:06:15:22 +0200] "GET /en_us/downloadmodule.php?T%C3%A9l%C3%A9charger=saoaccax.zip HTTP/1.1" 200 74 www.sensalgo.com "-" "Mozilla/5.0 (compatible; MJ12bot/v1.4.8; http://mj12bot.com/)" "-"
92.220.10.0 - - [23/Aug/2021:06:15:24 +0200] "GET /en_us/downloadmodule.php?T%C3%A9l%C3%A9charger=saoguiax.zip HTTP/1.1" 200 74 www.sensalgo.com "-" "Mozilla/5.0 (compatible; MJ12bot/v1.4.8; http://mj12bot.com/)" "-"
82.77.245.0 - - [23/Aug/2021:06:17:13 +0200] "GET / HTTP/1.1" 200 8403 shelfclauses.txt-soft.com "-" "Mozilla/5.0 (compatible; MSIE 9.0; Windows NT 6.1; Trident/5.0)" "-"
114.119.140.0 - - [23/Aug/2021:06:19:06 +0200] "GET /robots.txt HTTP/1.1" 404 643 mbfxwords.txt-soft.com "-" "Mozilla/5.0 (compatible;PetalBot;+https://webmaster.petalsearch.com/site/petalbot)" "-"
195.136.106.0 - - [23/Aug/2021:06:23:11 +0200] "GET /cgi-bin/index_en_us.pl?URL=http://trade.forexbinaryoptions.info/ HTTP/1.1" 500 614 www.sensalgo.com "http://www.sensalgo.com/" "Mozilla/5.0 (Windows NT 6.1; Win64; x64) AppleWebKit/537.36 (KHTML, like Gecko) Chrome/68.0.3440.7 Safari/537.36" "-"
195.136.106.0 - - [23/Aug/2021:06:23:13 +0200] "GET /cgi-bin/index_en_us.pl?URL=http://trade.forexbinaryoptions.info/ HTTP/1.1" 500 614 www.sensalgo.com "http://www.sensalgo.com/cgi-bin/index_en_us.pl?URL=http://trade.forexbinaryoptions.info/" "Mozilla/5.0 (Windows NT 6.1; Win64; x64) AppleWebKit/537.36 (KHTML, like Gecko) Chrome/68.0.3440.7 Safari/537.36" "-"
82.77.245.0 - - [23/Aug/2021:06:23:52 +0200] "GET / HTTP/1.1" 200 8403 shelfclauses.txt-soft.com "-" "Mozilla/5.0 (compatible; MSIE 9.0; Windows NT 6.1; Trident/5.0)" "-"
189.126.51.0 - - [23/Aug/2021:06:25:00 +0200] "GET /cgi-bin/index_en_us.pl?URL=https://abnehmtabletten.eu HTTP/1.1" 500 614 www.sensalgo.com "http://www.sensalgo.com/" "Mozilla/5.0 (Windows NT 6.1; WOW64) AppleWebKit/537.36 (KHTML, like Gecko) Chrome/56.0.2924.90 Safari/537.36 2345Explorer/9.3.2.17331" "-"
114.119.151.0 - - [23/Aug/2021:06:26:22 +0200] "GET /cgi-bin/index_en_us.pl?URL=https%3A%2F%2Fstepanakert.info%2Fold%2Fof-profiles-to-view-for-free-campus-filipinocupid.php HTTP/1.1" 500 614 www.sensalgo.com "-" "Mozilla/5.0 (Linux; Android 7.0;) AppleWebKit/537.36 (KHTML, like Gecko) Mobile Safari/537.36 (compatible; PetalBot;+https://webmaster.petalsearch.com/site/petalbot)" "-"
54.36.148.0 - - [23/Aug/2021:06:31:28 +0200] "GET /robots.txt HTTP/1.1" 404 640 sensalgo.com "-" "Mozilla/5.0 (compatible; AhrefsBot/7.0; +http://ahrefs.com/robot/)" "-"
82.77.245.0 - - [23/Aug/2021:06:32:29 +0200] "GET / HTTP/1.1" 200 8403 shelfclauses.txt-soft.com "-" "Mozilla/5.0 (compatible; MSIE 9.0; Windows NT 6.1; Trident/5.0)" "-"
185.191.171.0 - - [23/Aug/2021:06:33:45 +0200] "GET /robots.txt HTTP/1.1" 404 640 www.sensalgo.com "-" "Mozilla/5.0 (compatible; SemrushBot/7~bl; +http://www.semrush.com/bot.html)" "-"
185.191.171.0 - - [23/Aug/2021:06:33:46 +0200] "GET /cgi-bin/index_en_us.pl?URL=http%3A%2F%2Fwww.sensalgo.com%2Fhelp_files%2Finstanthelp%20help.htm HTTP/1.1" 500 614 www.sensalgo.com "-" "Mozilla/5.0 (compatible; SemrushBot/7~bl; +http://www.semrush.com/bot.html)" "-"
207.53.234.0 - - [23/Aug/2021:06:35:06 +0200] "GET /help_files/CarRent_LeasingInstallment.jpg HTTP/1.1" 200 80520 www.sensalgo.com "-" "Mozilla/5.0 (X11; Ubuntu; Linux x86_64; rv:72.0) Gecko/20100101 Firefox/72.0" "-"
157.55.39.0 - - [23/Aug/2021:06:35:29 +0200] "GET / HTTP/1.1" 200 8403 shelfclauses.txt-soft.com "-" "Mozilla/5.0 (compatible; bingbot/2.0; +http://www.bing.com/bingbot.htm)" "-"
64.77.16.0 - - [23/Aug/2021:06:37:42 +0200] "GET / HTTP/1.1" 200 6942 mbfxwords.txt-soft.com "-" "Mozilla/5.0 (Windows NT 10.0; Win64; x64) AppleWebKit/537.36 (KHTML, like Gecko) Chrome/74.0.3729.131 Safari/537.36" "-"
64.77.16.0 - - [23/Aug/2021:06:37:43 +0200] "GET / HTTP/1.1" 200 8403 shelfclauses.txt-soft.com "-" "Mozilla/5.0 (Windows NT 10.0; Win64; x64) AppleWebKit/537.36 (KHTML, like Gecko) Chrome/74.0.3729.131 Safari/537.36" "-"
82.77.245.0 - - [23/Aug/2021:06:37:45 +0200] "GET / HTTP/1.1" 200 8403 shelfclauses.txt-soft.com "-" "Mozilla/5.0 (compatible; MSIE 9.0; Windows NT 6.1; Trident/5.0)" "-"
114.119.151.0 - - [23/Aug/2021:06:39:28 +0200] "GET /cgi-bin/index_en_us.pl?URL=https%3A%2F%2Fonline-casino-italia.eu%2Fgioco-slot-machine-jimi-hendrix-online-soldi-veri.html HTTP/1.1" 500 614 www.sensalgo.com "-" "Mozilla/5.0 (Linux; Android 7.0;) AppleWebKit/537.36 (KHTML, like Gecko) Mobile Safari/537.36 (compatible; PetalBot;+https://webmaster.petalsearch.com/site/petalbot)" "-"
75.127.11.0 - - [23/Aug/2021:06:39:53 +0200] "GET /cgi-bin/index_en_us.pl?URL=https://diyar22.com/%D9%BE%D8%B1%D9%88%DA%98%D9%87-%D8%B3%D8%AA%DB%8C%D9%86/ HTTP/1.1" 500 614 www.sensalgo.com "http://www.sensalgo.com/" "Mozilla/5.0 (Windows NT 6.1; Win64; x64; rv:52.0) Gecko/20100101 Firefox/4FD9" "-"
75.127.11.0 - - [23/Aug/2021:06:39:53 +0200] "GET /cgi-bin/index_en_us.pl?URL=https://diyar22.com/%D9%BE%D8%B1%D9%88%DA%98%D9%87-%D8%B3%D8%AA%DB%8C%D9%86/ HTTP/1.1" 500 614 www.sensalgo.com "http://www.sensalgo.com/cgi-bin/index_en_us.pl?URL=https://diyar22.com/%D9%BE%D8%B1%D9%88%DA%98%D9%87-%D8%B3%D8%AA%DB%8C%D9%86/" "Mozilla/5.0 (Windows NT 6.1; Win64; x64; rv:52.0) Gecko/20100101 Firefox/4FD9" "-"
119.13.83.0 - - [23/Aug/2021:06:41:30 +0200] "GET /ShelfClauses-main.jpg HTTP/1.1" 200 255006 shelfclauses.txt-soft.com "-" "Python/3.7 aiohttp/3.7.4.post0" "-"
47.204.244.0 - - [23/Aug/2021:06:42:34 +0200] "GET /cgi-bin/index_en_us.pl?url=https://penzu.com/public/d62468d8 HTTP/1.1" 500 614 www.sensalgo.com "http://www.sensalgo.com/" "Mozilla/5.0 (Windows NT 6.1; WOW64) AppleWebKit/537.36 (KHTML, like Gecko) Chrome/63.0.3239.26 Safari/537.36 Core/1.63.4737.400 QQBrowser/10.0.654.400" "-"
47.204.244.0 - - [23/Aug/2021:06:42:34 +0200] "GET /cgi-bin/index_en_us.pl?url=http://vshk.ru.ridder.co/url/go/?url=http://mineralssupplements.tube/testoryze-male-enhancement-reviews-1-most-powerful-testosterone-booster-pills-does-it-works/ HTTP/1.1" 500 614 www.sensalgo.com "http://www.sensalgo.com/cgi-bin/index_en_us.pl?url=https://penzu.com/public/d62468d8" "Mozilla/5.0 (Windows NT 6.1; WOW64) AppleWebKit/537.36 (KHTML, like Gecko) Chrome/63.0.3239.26 Safari/537.36 Core/1.63.4737.400 QQBrowser/10.0.654.400" "-"
47.204.244.0 - - [23/Aug/2021:06:42:35 +0200] "GET /cgi-bin/index_en_us.pl?url=https://penzu.com/public/d62468d8 HTTP/1.1" 500 614 www.sensalgo.com "http://www.sensalgo.com/" "Mozilla/5.0 (Windows NT 6.1; WOW64) AppleWebKit/537.36 (KHTML, like Gecko) Chrome/63.0.3239.26 Safari/537.36 Core/1.63.4737.400 QQBrowser/10.0.654.400" "-"
49.149.99.0 - - [23/Aug/2021:06:42:59 +0200] "GET /cgi-bin/index_en_us.pl?URL=https://bfl-solutions.eu HTTP/1.1" 500 614 www.sensalgo.com "http://www.sensalgo.com/" "Mozilla/5.0 (Windows NT 6.1; Win64; x64; rv:47.0) Gecko/20100101 Firefox/47.0 Cyberfox/47.0.2" "-"
223.204.221.0 - - [23/Aug/2021:06:43:48 +0200] "GET /cgi-bin/index_en_us.pl?URL=https://huaydee.com/ HTTP/1.1" 500 614 www.sensalgo.com "http://www.sensalgo.com/" "Mozilla/5.0 (Windows NT 6.1; Win64; x64) AppleWebKit/537.36 (KHTML, like Gecko)" "-"
223.204.221.0 - - [23/Aug/2021:06:43:49 +0200] "GET /cgi-bin/index_en_us.pl?URL=https://huaydee.com/ HTTP/1.1" 500 614 www.sensalgo.com "http://www.sensalgo.com/cgi-bin/index_en_us.pl?URL=https://huaydee.com/" "Mozilla/5.0 (Windows NT 6.1; Win64; x64) AppleWebKit/537.36 (KHTML, like Gecko)" "-"
82.77.245.0 - - [23/Aug/2021:06:44:20 +0200] "GET / HTTP/1.1" 200 8403 shelfclauses.txt-soft.com "-" "Mozilla/5.0 (compatible; MSIE 9.0; Windows NT 6.1; Trident/5.0)" "-"
139.99.8.0 - - [23/Aug/2021:06:45:18 +0200] "GET /cgi-bin/index_en_us.pl?URL=https://www.widerightnattylite.com/users/watchmuseumir HTTP/1.1" 500 614 www.sensalgo.com "http://www.sensalgo.com/" "Mozilla/5.0 (Windows NT 6.1) AppleWebKit/537.36 (KHTML, like Gecko) Chrome/63.0.3239.132 YaBrowser/18.2.1.174 Yowser/2.5 Safari/537.36" "-"
139.99.8.0 - - [23/Aug/2021:06:45:20 +0200] "GET /cgi-bin/index_en_us.pl?URL=https://www.bibsonomy.org/url/3f17c86e18b5dd79391e02343bc440d4 HTTP/1.1" 500 614 www.sensalgo.com "http://www.sensalgo.com/cgi-bin/index_en_us.pl?URL=https://www.widerightnattylite.com/users/watchmuseumir" "Mozilla/5.0 (Windows NT 6.1) AppleWebKit/537.36 (KHTML, like Gecko) Chrome/63.0.3239.132 YaBrowser/18.2.1.174 Yowser/2.5 Safari/537.36" "-"
2600:1f18:6500:: - - [23/Aug/2021:06:47:17 +0200] "GET / HTTP/1.1" 200 8403 shelfclauses.txt-soft.com "-" "Mozilla/5.0 (Windows NT 6.1; Win64; x64) AppleWebKit/537.36 (KHTML, like Gecko) Chrome/72.0.3626.109 Safari/537.36" "-"
143.110.152.0 - - [23/Aug/2021:06:48:27 +0200] "GET / HTTP/1.1" 200 489 sensalgo.com "-" "Mozilla/5.0 (Macintosh; Intel Mac OS X 10_10_1) AppleWebKit/537.36 (KHTML, like Gecko) Chrome/39.0.2171.95 Safari/537.36" "-"
222.74.202.0 - - [23/Aug/2021:06:48:38 +0200] "GET /cgi-bin/index_en_us.pl?URL=https://go.binarybroker.eu/CAhQwG HTTP/1.1" 500 614 www.sensalgo.com "http://www.sensalgo.com/" "Mozilla/5.0 (Windows NT 6.1; WOW64) AppleWebKit/537.36 (KHTML, like Gecko) Chrome/55.0.2883.96 Safari/537.36" "-"
222.74.202.0 - - [23/Aug/2021:06:48:41 +0200] "GET /cgi-bin/index_en_us.pl?URL=https://bfl-solutions.eu HTTP/1.1" 500 614 www.sensalgo.com "http://www.sensalgo.com/cgi-bin/index_en_us.pl?URL=https://go.binarybroker.eu/CAhQwG" "Mozilla/5.0 (Windows NT 6.1; WOW64) AppleWebKit/537.36 (KHTML, like Gecko) Chrome/55.0.2883.96 Safari/537.36" "-"
82.77.245.0 - - [23/Aug/2021:06:50:36 +0200] "GET / HTTP/1.1" 200 8403 shelfclauses.txt-soft.com "-" "Mozilla/5.0 (compatible; MSIE 9.0; Windows NT 6.1; Trident/5.0)" "-"
103.131.71.0 - - [23/Aug/2021:06:51:09 +0200] "GET /robots.txt HTTP/1.1" 404 640 txt-soft.com "-" "Mozilla/5.0 (compatible; coccocbot-web/1.0; +http://help.coccoc.com/searchengine)" "-"
185.191.171.0 - - [23/Aug/2021:06:52:38 +0200] "GET /cgi-bin/index_en_us.pl?URL=http%3A%2F%2Fwww.sensalgo.com%2Fhelp_files%2Fgraphinquire%20help.htm HTTP/1.1" 500 614 www.sensalgo.com "-" "Mozilla/5.0 (compatible; SemrushBot/7~bl; +http://www.semrush.com/bot.html)" "-"
157.55.39.0 - - [23/Aug/2021:06:53:10 +0200] "GET /de_de/email.htm HTTP/1.1" 200 6287 www.sensalgo.com "-" "Mozilla/5.0 (compatible; bingbot/2.0; +http://www.bing.com/bingbot.htm)" "-"
103.146.23.0 - - [23/Aug/2021:06:55:44 +0200] "GET /cgi-bin/index_en_us.pl?URL=https://mbee.com.vn/tam-compact-hpl-12mm-bang-bao-gia-si-tam-compact-toan-quoc/ HTTP/1.1" 500 614 www.sensalgo.com "http://www.sensalgo.com/" "Mozilla/5.0 (Windows NT 6.1; WOW64) AppleWebKit/537.36 (KHTML, like Gecko) Chrome/63.0.3239.26 Safari/537.36 Core/1.63.5359.400 QQBrowser/10.0.1299.400" "-"
103.146.23.0 - - [23/Aug/2021:06:55:45 +0200] "GET /cgi-bin/index_en_us.pl?URL=https://mbee.com.vn/tam-compact-hpl-12mm-bang-bao-gia-si-tam-compact-toan-quoc/ HTTP/1.1" 500 614 www.sensalgo.com "http://www.sensalgo.com/cgi-bin/index_en_us.pl?URL=https://mbee.com.vn/tam-compact-hpl-12mm-bang-bao-gia-si-tam-compact-toan-quoc/" "Mozilla/5.0 (Windows NT 6.1; WOW64) AppleWebKit/537.36 (KHTML, like Gecko) Chrome/63.0.3239.26 Safari/537.36 Core/1.63.5359.400 QQBrowser/10.0.1299.400" "-"
49.49.235.0 - - [23/Aug/2021:06:56:13 +0200] "GET /cgi-bin/index_en_us.pl?URL=https://allruay.com/ HTTP/1.1" 500 614 www.sensalgo.com "http://www.sensalgo.com/" "Mozilla/5.0 (Windows NT 6.1; WOW64) AppleWebKit/537.36 (KHTML, like Gecko) Chrome/61.0.3163.69 Freeu/61.0.3163.69 MRCHROME SOC Safari/537.36" "-"
49.49.235.0 - - [23/Aug/2021:06:56:14 +0200] "GET /cgi-bin/index_en_us.pl?URL=https://aremia.eu HTTP/1.1" 500 614 www.sensalgo.com "http://www.sensalgo.com/cgi-bin/index_en_us.pl?URL=https://allruay.com/" "Mozilla/5.0 (Windows NT 6.1; WOW64) AppleWebKit/537.36 (KHTML, like Gecko) Chrome/61.0.3163.69 Freeu/61.0.3163.69 MRCHROME SOC Safari/537.36" "-"
82.77.245.0 - - [23/Aug/2021:06:59:36 +0200] "GET / HTTP/1.1" 200 8403 shelfclauses.txt-soft.com "-" "Mozilla/5.0 (compatible; MSIE 9.0; Windows NT 6.1; Trident/5.0)" "-"
177.223.15.0 - - [23/Aug/2021:07:03:00 +0200] "GET /cgi-bin/index_en_us.pl?URL=http://722133.vip/comment/html/?195857.html HTTP/1.1" 500 614 www.sensalgo.com "http://www.sensalgo.com/" "Mozilla/5.0 (Windows NT 6.1; WOW64) AppleWebKit/537.36 (KHTML, like Gecko) Chrome/53.0.2785.104 Safari/537.36 Core/1.53.2759.400 QQBrowser/9.6.11266.400" "-"
177.223.15.0 - - [23/Aug/2021:07:03:01 +0200] "GET /cgi-bin/index_en_us.pl?URL=http://722133.vip/comment/html/?192224.html HTTP/1.1" 500 614 www.sensalgo.com "http://www.sensalgo.com/cgi-bin/index_en_us.pl?URL=http://722133.vip/comment/html/?195857.html" "Mozilla/5.0 (Windows NT 6.1; WOW64) AppleWebKit/537.36 (KHTML, like Gecko) Chrome/53.0.2785.104 Safari/537.36 Core/1.53.2759.400 QQBrowser/9.6.11266.400" "-"
81.71.3.0 - - [23/Aug/2021:07:03:32 +0200] "GET /wp-login.php HTTP/1.1" 404 640 www.txt-soft.com "-" "Apache-HttpClient/4.5.2 (Java/1.8.0_161)" "-"
81.71.3.0 - - [23/Aug/2021:07:03:33 +0200] "GET /?author=1 HTTP/1.1" 200 1689 www.txt-soft.com "-" "Apache-HttpClient/4.5.2 (Java/1.8.0_161)" "-"
81.71.3.0 - - [23/Aug/2021:07:03:33 +0200] "GET /?author=2 HTTP/1.1" 200 1689 www.txt-soft.com "-" "Apache-HttpClient/4.5.2 (Java/1.8.0_161)" "-"
81.71.3.0 - - [23/Aug/2021:07:03:33 +0200] "GET /?author=3 HTTP/1.1" 200 1689 www.txt-soft.com "-" "Apache-HttpClient/4.5.2 (Java/1.8.0_161)" "-"
81.71.3.0 - - [23/Aug/2021:07:03:33 +0200] "GET /?author=4 HTTP/1.1" 200 1689 www.txt-soft.com "-" "Apache-HttpClient/4.5.2 (Java/1.8.0_161)" "-"
81.71.3.0 - - [23/Aug/2021:07:03:34 +0200] "GET /?author=5 HTTP/1.1" 200 1689 www.txt-soft.com "-" "Apache-HttpClient/4.5.2 (Java/1.8.0_161)" "-"
81.71.3.0 - - [23/Aug/2021:07:03:34 +0200] "GET /?author=6 HTTP/1.1" 200 1689 www.txt-soft.com "-" "Apache-HttpClient/4.5.2 (Java/1.8.0_161)" "-"
81.71.3.0 - - [23/Aug/2021:07:03:35 +0200] "GET /?author=7 HTTP/1.1" 200 1689 www.txt-soft.com "-" "Apache-HttpClient/4.5.2 (Java/1.8.0_161)" "-"
81.71.3.0 - - [23/Aug/2021:07:03:35 +0200] "GET /?author=8 HTTP/1.1" 200 1689 www.txt-soft.com "-" "Apache-HttpClient/4.5.2 (Java/1.8.0_161)" "-"
81.71.3.0 - - [23/Aug/2021:07:03:35 +0200] "GET /?author=9 HTTP/1.1" 200 1689 www.txt-soft.com "-" "Apache-HttpClient/4.5.2 (Java/1.8.0_161)" "-"
81.71.3.0 - - [23/Aug/2021:07:03:35 +0200] "GET /?author=10 HTTP/1.1" 200 1689 www.txt-soft.com "-" "Apache-HttpClient/4.5.2 (Java/1.8.0_161)" "-"
81.71.3.0 - - [23/Aug/2021:07:03:36 +0200] "GET /?author=11 HTTP/1.1" 200 1689 www.txt-soft.com "-" "Apache-HttpClient/4.5.2 (Java/1.8.0_161)" "-"
81.71.3.0 - - [23/Aug/2021:07:03:36 +0200] "GET /?author=12 HTTP/1.1" 200 1689 www.txt-soft.com "-" "Apache-HttpClient/4.5.2 (Java/1.8.0_161)" "-"
81.71.3.0 - - [23/Aug/2021:07:03:36 +0200] "GET /?author=13 HTTP/1.1" 200 1689 www.txt-soft.com "-" "Apache-HttpClient/4.5.2 (Java/1.8.0_161)" "-"
81.71.3.0 - - [23/Aug/2021:07:03:36 +0200] "GET /?author=14 HTTP/1.1" 200 1689 www.txt-soft.com "-" "Apache-HttpClient/4.5.2 (Java/1.8.0_161)" "-"
81.71.3.0 - - [23/Aug/2021:07:03:36 +0200] "GET /?author=15 HTTP/1.1" 200 1689 www.txt-soft.com "-" "Apache-HttpClient/4.5.2 (Java/1.8.0_161)" "-"
81.71.3.0 - - [23/Aug/2021:07:03:37 +0200] "GET /?author=16 HTTP/1.1" 200 1689 www.txt-soft.com "-" "Apache-HttpClient/4.5.2 (Java/1.8.0_161)" "-"
81.71.3.0 - - [23/Aug/2021:07:03:37 +0200] "GET /?author=17 HTTP/1.1" 200 1689 www.txt-soft.com "-" "Apache-HttpClient/4.5.2 (Java/1.8.0_161)" "-"
81.71.3.0 - - [23/Aug/2021:07:03:37 +0200] "GET /?author=18 HTTP/1.1" 200 1689 www.txt-soft.com "-" "Apache-HttpClient/4.5.2 (Java/1.8.0_161)" "-"
81.71.3.0 - - [23/Aug/2021:07:03:37 +0200] "GET /?author=19 HTTP/1.1" 200 1689 www.txt-soft.com "-" "Apache-HttpClient/4.5.2 (Java/1.8.0_161)" "-"
81.71.3.0 - - [23/Aug/2021:07:03:38 +0200] "GET /?author=20 HTTP/1.1" 200 1689 www.txt-soft.com "-" "Apache-HttpClient/4.5.2 (Java/1.8.0_161)" "-"
114.119.140.0 - - [23/Aug/2021:07:05:22 +0200] "GET /cgi-bin/index_en_us.pl?URL=https%3A%2F%2Fdifferentespol.eu HTTP/1.1" 500 614 www.sensalgo.com "-" "Mozilla/5.0 (Linux; Android 7.0;) AppleWebKit/537.36 (KHTML, like Gecko) Mobile Safari/537.36 (compatible; PetalBot;+https://webmaster.petalsearch.com/site/petalbot)" "-"
143.110.152.0 - - [23/Aug/2021:07:06:13 +0200] "GET / HTTP/1.1" 200 489 sensalgo.com "-" "Mozilla/5.0 (Macintosh; Intel Mac OS X 10_10_1) AppleWebKit/537.36 (KHTML, like Gecko) Chrome/39.0.2171.95 Safari/537.36" "-"
82.77.245.0 - - [23/Aug/2021:07:06:58 +0200] "GET / HTTP/1.1" 200 8403 shelfclauses.txt-soft.com "-" "Mozilla/5.0 (compatible; MSIE 9.0; Windows NT 6.1; Trident/5.0)" "-"
107.173.4.0 - - [23/Aug/2021:07:07:54 +0200] "GET /cgi-bin/index_en_us.pl?URL=https://wrhel.com/james-web-coo-of-farmers-of-north-america-banned-for-racist-online-comments/ HTTP/1.1" 500 614 www.sensalgo.com "http://www.sensalgo.com/" "Mozilla/5.0 (Windows NT 6.1; Win64; x64) AppleWebKit/537.36 (KHTML, like Gecko) Chrome/68.0.3427.0 Safari/537.36" "-"
107.173.4.0 - - [23/Aug/2021:07:07:55 +0200] "GET /cgi-bin/index_en_us.pl?URL=https://wrhel.com/james-web-coo-of-farmers-of-north-america-banned-for-racist-online-comments/ HTTP/1.1" 500 614 www.sensalgo.com "http://www.sensalgo.com/cgi-bin/index_en_us.pl?URL=https://wrhel.com/james-web-coo-of-farmers-of-north-america-banned-for-racist-online-comments/" "Mozilla/5.0 (Windows NT 6.1; Win64; x64) AppleWebKit/537.36 (KHTML, like Gecko) Chrome/68.0.3427.0 Safari/537.36" "-"
95.142.127.0 - - [23/Aug/2021:07:08:56 +0200] "GET /cgi-bin/index_en_us.pl?URL=https://www.channels-tv-live.com/ HTTP/1.1" 500 614 www.sensalgo.com "http://www.sensalgo.com/" "Mozilla/5.0 (Windows NT 6.1; WOW64) AppleWebKit/537.36 (KHTML, like Gecko) Chrome/67.0.3396.10 Safari/537.36" "-"
95.142.127.0 - - [23/Aug/2021:07:08:56 +0200] "GET /cgi-bin/index_en_us.pl?URL=https://www.channels-tv-live.com/ HTTP/1.1" 500 614 www.sensalgo.com "http://www.sensalgo.com/cgi-bin/index_en_us.pl?URL=https://www.channels-tv-live.com/" "Mozilla/5.0 (Windows NT 6.1; WOW64) AppleWebKit/537.36 (KHTML, like Gecko) Chrome/67.0.3396.10 Safari/537.36" "-"
46.187.26.0 - - [23/Aug/2021:07:10:29 +0200] "GET /tristat2/pro2/index.php?export=pac&rand=877 HTTP/1.1" 404 640 www.sensalgo.com "-" "Mozilla/5.0 (Windows NT 10.0; WOW64; rv:45.0) Gecko/20100101 Firefox/45.0" "-"
119.76.128.0 - - [23/Aug/2021:07:11:05 +0200] "GET /tristat2/pro2/index.php?export=pac&rand=877 HTTP/1.1" 404 640 www.sensalgo.com "-" "-" "-"
123.183.224.0 - - [23/Aug/2021:07:12:40 +0200] "GET /index_en_us.htm HTTP/1.1" 200 647 www.sensalgo.com "-" "Sogou web spider/4.0(+http://www.sogou.com/docs/help/webmasters.htm#07)" "-"
158.69.236.0 - - [23/Aug/2021:07:13:33 +0200] "GET /cgi-bin/index_en_us.pl?URL=https://accountwarehouse.ru HTTP/1.1" 500 614 www.sensalgo.com "http://www.sensalgo.com/" "Mozilla/5.0 (Windows NT 6.1; WOW64) AppleWebKit/537.36 (KHTML, like Gecko) Chrome/61.0.3163.31 Safari/537.36" "-"
158.69.236.0 - - [23/Aug/2021:07:13:33 +0200] "GET /cgi-bin/index_en_us.pl?URL=https://accountwarehouse.ru HTTP/1.1" 500 614 www.sensalgo.com "http://www.sensalgo.com/cgi-bin/index_en_us.pl?URL=https://accountwarehouse.ru" "Mozilla/5.0 (Windows NT 6.1; WOW64) AppleWebKit/537.36 (KHTML, like Gecko) Chrome/61.0.3163.31 Safari/537.36" "-"
82.77.245.0 - - [23/Aug/2021:07:13:36 +0200] "GET / HTTP/1.1" 200 8403 shelfclauses.txt-soft.com "-" "Mozilla/5.0 (compatible; MSIE 9.0; Windows NT 6.1; Trident/5.0)" "-"
114.119.152.0 - - [23/Aug/2021:07:18:38 +0200] "GET /cgi-bin/index_en_us.pl?URL=https%3A%2F%2Fspeser.info HTTP/1.1" 500 614 www.sensalgo.com "-" "Mozilla/5.0 (Linux; Android 7.0;) AppleWebKit/537.36 (KHTML, like Gecko) Mobile Safari/537.36 (compatible; PetalBot;+https://webmaster.petalsearch.com/site/petalbot)" "-"
82.77.245.0 - - [23/Aug/2021:07:22:28 +0200] "GET / HTTP/1.1" 200 8403 shelfclauses.txt-soft.com "-" "Mozilla/5.0 (compatible; MSIE 9.0; Windows NT 6.1; Trident/5.0)" "-"
119.76.128.0 - - [23/Aug/2021:07:28:36 +0200] "GET /tristat2/pro2/index.php?export=pac&rand=877 HTTP/1.1" 404 640 www.sensalgo.com "-" "-" "-"
82.77.245.0 - - [23/Aug/2021:07:31:22 +0200] "GET / HTTP/1.1" 200 8403 shelfclauses.txt-soft.com "-" "Mozilla/5.0 (compatible; MSIE 9.0; Windows NT 6.1; Trident/5.0)" "-"
114.119.150.0 - - [23/Aug/2021:07:31:28 +0200] "GET /cgi-bin/index_en_us.pl?URL=https%3A%2F%2Fsessex.xyz%2Fnude%2F139439-victoria-garden-of-eden.php HTTP/1.1" 500 614 www.sensalgo.com "-" "Mozilla/5.0 (Linux; Android 7.0;) AppleWebKit/537.36 (KHTML, like Gecko) Mobile Safari/537.36 (compatible; PetalBot;+https://webmaster.petalsearch.com/site/petalbot)" "-"
66.249.66.0 - - [23/Aug/2021:07:35:26 +0200] "GET /drktb/tv/ HTTP/1.1" 404 640 www.sensalgo.com "http://tv.drktb.de/" "Mozilla/5.0 (Linux; Android 6.0.1; Nexus 5X Build/MMB29P) AppleWebKit/537.36 (KHTML, like Gecko) Chrome/92.0.4515.119 Mobile Safari/537.36 (compatible; Googlebot/2.1; +http://www.google.com/bot.html)" "-"
82.77.245.0 - - [23/Aug/2021:07:40:02 +0200] "GET / HTTP/1.1" 200 8403 shelfclauses.txt-soft.com "-" "Mozilla/5.0 (compatible; MSIE 9.0; Windows NT 6.1; Trident/5.0)" "-"
212.89.173.0 - - [23/Aug/2021:07:41:01 +0200] "GET /cgi-bin/index_en_us.pl?URL=https://l.betiforex.com/eev0uO HTTP/1.1" 500 614 www.sensalgo.com "http://www.sensalgo.com/" "Mozilla/5.0 (Windows NT 6.1; WOW64) AppleWebKit/537.36 (KHTML, like Gecko) Chrome/47.0.2526.80 Safari/537.36 Core/1.47.516.400 QQBrowser/9.4.8186.400" "-"
212.89.173.0 - - [23/Aug/2021:07:41:02 +0200] "GET /cgi-bin/index_en_us.pl?URL=https://autorouteplanner.eu HTTP/1.1" 500 614 www.sensalgo.com "http://www.sensalgo.com/cgi-bin/index_en_us.pl?URL=https://l.betiforex.com/eev0uO" "Mozilla/5.0 (Windows NT 6.1; WOW64) AppleWebKit/537.36 (KHTML, like Gecko) Chrome/47.0.2526.80 Safari/537.36 Core/1.47.516.400 QQBrowser/9.4.8186.400" "-"
88.99.96.0 - - [23/Aug/2021:07:41:24 +0200] "GET /cgi-bin/index_en_us.pl?URL=http://108.61.246.203/ HTTP/1.1" 500 614 www.sensalgo.com "http://www.sensalgo.com/" "Mozilla/5.0 (Windows NT 6.1; Win64; x64) AppleWebKit/537.36 (KHTML, like Gecko) Chrome/66.0.3343.4 Safari/537.36" "-"
114.119.136.0 - - [23/Aug/2021:07:44:11 +0200] "GET /cgi-bin/index_en_us.pl?URL=http%3A%2F%2Fwww.sensalgo.com%2Fhelp_files%2Fsencopy%20help.htm HTTP/1.1" 500 614 www.sensalgo.com "-" "Mozilla/5.0 (Linux; Android 7.0;) AppleWebKit/537.36 (KHTML, like Gecko) Mobile Safari/537.36 (compatible; PetalBot;+https://webmaster.petalsearch.com/site/petalbot)" "-"
82.77.245.0 - - [23/Aug/2021:07:47:05 +0200] "GET / HTTP/1.1" 200 8403 shelfclauses.txt-soft.com "-" "Mozilla/5.0 (compatible; MSIE 9.0; Windows NT 6.1; Trident/5.0)" "-"
114.119.141.0 - - [23/Aug/2021:07:47:27 +0200] "GET /images.html HTTP/1.1" 200 1556 shelfclauses.txt-soft.com "-" "Mozilla/5.0 (Linux; Android 7.0;) AppleWebKit/537.36 (KHTML, like Gecko) Mobile Safari/537.36 (compatible; PetalBot;+https://webmaster.petalsearch.com/site/petalbot)" "-"
2600:1f18:6500:: - - [23/Aug/2021:07:49:47 +0200] "GET / HTTP/1.1" 200 8403 shelfclauses.txt-soft.com "-" "Mozilla/5.0 (Windows NT 6.1; Win64; x64) AppleWebKit/537.36 (KHTML, like Gecko) Chrome/72.0.3626.109 Safari/537.36" "-"
207.46.13.0 - - [23/Aug/2021:07:51:37 +0200] "GET / HTTP/1.1" 200 8403 shelfclauses.txt-soft.com "-" "Mozilla/5.0 (compatible; bingbot/2.0; +http://www.bing.com/bingbot.htm)" "-"
82.77.245.0 - - [23/Aug/2021:07:55:46 +0200] "GET / HTTP/1.1" 200 8403 shelfclauses.txt-soft.com "-" "Mozilla/5.0 (compatible; MSIE 9.0; Windows NT 6.1; Trident/5.0)" "-"
124.122.59.0 - - [23/Aug/2021:07:56:33 +0200] "GET /cgi-bin/index_en_us.pl?URL=https://ufaking.com/ HTTP/1.1" 500 614 www.sensalgo.com "http://www.sensalgo.com/" "Mozilla/5.0 (Windows NT 6.1; WOW64) AppleWebKit/537.36 (KHTML, like Gecko) Chrome/52.0.2743.116 YaBrowser/16.9.1.1131 Yowser/2.5 Safari/537.36" "-"
114.119.130.0 - - [23/Aug/2021:07:56:45 +0200] "GET /cgi-bin/index_en_us.pl?URL=http%3A%2F%2Fwithoutdoctorsprescription.us%3Ecanadian HTTP/1.1" 500 614 www.sensalgo.com "-" "Mozilla/5.0 (Linux; Android 7.0;) AppleWebKit/537.36 (KHTML, like Gecko) Mobile Safari/537.36 (compatible; PetalBot;+https://webmaster.petalsearch.com/site/petalbot)" "-"
82.77.245.0 - - [23/Aug/2021:08:04:32 +0200] "GET / HTTP/1.1" 200 8403 shelfclauses.txt-soft.com "-" "Mozilla/5.0 (compatible; MSIE 9.0; Windows NT 6.1; Trident/5.0)" "-"
188.130.211.0 - - [23/Aug/2021:08:05:58 +0200] "GET /cgi-bin/index_en_us.pl?URL=https://www.techsite.io/p/2493956 HTTP/1.1" 500 614 www.sensalgo.com "http://www.sensalgo.com/" "Mozilla/5.0 (Windows NT 6.1; Win64; x64) AppleWebKit/537.36 (KHTML, like Gecko) Chrome/67.0.3396.87 Safari/537.36" "-"
188.130.211.0 - - [23/Aug/2021:08:05:59 +0200] "GET /cgi-bin/index_en_us.pl?URL=https://www.techsite.io/u/showerglasspartition HTTP/1.1" 500 614 www.sensalgo.com "http://www.sensalgo.com/cgi-bin/index_en_us.pl?URL=https://www.techsite.io/p/2493956" "Mozilla/5.0 (Windows NT 6.1; Win64; x64) AppleWebKit/537.36 (KHTML, like Gecko) Chrome/67.0.3396.87 Safari/537.36" "-"
121.184.19.0 - - [23/Aug/2021:08:06:29 +0200] "GET /cgi-bin/index_en_us.pl?URL=https://www.korea13.com HTTP/1.1" 500 614 www.sensalgo.com "http://www.sensalgo.com/" "Mozilla/5.0 (Windows NT 6.1) AppleWebKit/537.36 (KHTML, like Gecko) Chrome/66.0.3355.4 Safari/537.36" "-"
121.184.19.0 - - [23/Aug/2021:08:06:29 +0200] "GET /cgi-bin/index_en_us.pl?URL=https://abh-nachhilfe.eu HTTP/1.1" 500 614 www.sensalgo.com "http://www.sensalgo.com/cgi-bin/index_en_us.pl?URL=https://www.korea13.com" "Mozilla/5.0 (Windows NT 6.1) AppleWebKit/537.36 (KHTML, like Gecko) Chrome/66.0.3355.4 Safari/537.36" "-"
114.119.151.0 - - [23/Aug/2021:08:09:25 +0200] "GET /cgi-bin/index_en_us.pl?URL=https%3A%2F%2Fcapsex.xyz%2Fbabes%2F137092-met-art-alina-mayer-show-babes.php HTTP/1.1" 500 614 www.sensalgo.com "-" "Mozilla/5.0 (Linux; Android 7.0;) AppleWebKit/537.36 (KHTML, like Gecko) Mobile Safari/537.36 (compatible; PetalBot;+https://webmaster.petalsearch.com/site/petalbot)" "-"
82.77.245.0 - - [23/Aug/2021:08:09:49 +0200] "GET / HTTP/1.1" 200 8403 shelfclauses.txt-soft.com "-" "Mozilla/5.0 (compatible; MSIE 9.0; Windows NT 6.1; Trident/5.0)" "-"
46.187.26.0 - - [23/Aug/2021:08:10:35 +0200] "GET /tristat2/pro2/index.php?export=pac&rand=877 HTTP/1.1" 404 640 www.sensalgo.com "-" "Mozilla/5.0 (Windows NT 10.0; WOW64; rv:45.0) Gecko/20100101 Firefox/45.0" "-"
114.119.140.0 - - [23/Aug/2021:08:13:35 +0200] "GET /downloads/mbFXWords-pad.xml HTTP/1.1" 200 14094 mbfxwords.txt-soft.com "-" "Mozilla/5.0 (Linux; Android 7.0;) AppleWebKit/537.36 (KHTML, like Gecko) Mobile Safari/537.36 (compatible; PetalBot;+https://webmaster.petalsearch.com/site/petalbot)" "-"
82.77.245.0 - - [23/Aug/2021:08:16:11 +0200] "GET / HTTP/1.1" 200 8403 shelfclauses.txt-soft.com "-" "Mozilla/5.0 (compatible; MSIE 9.0; Windows NT 6.1; Trident/5.0)" "-"
173.208.83.0 - - [23/Aug/2021:08:20:30 +0200] "GET /cgi-bin/index_en_us.pl?URL=https://trano.tistory.com/ HTTP/1.1" 500 614 www.sensalgo.com "http://www.sensalgo.com/" "Mozilla/5.0 (Windows NT 6.1; Win64; x64) AppleWebKit/537.36 (KHTML, like Gecko) Chrome/67.0.3396.79 Safari/537.36" "-"
114.119.151.0 - - [23/Aug/2021:08:22:00 +0200] "GET /cgi-bin/index_en_us.pl?URL=https%3A%2F%2Fniosex.com%2Fteen%2F60288-blonde-teen-kennedy-leigh-shagged.php HTTP/1.1" 500 614 www.sensalgo.com "-" "Mozilla/5.0 (Linux; Android 7.0;) AppleWebKit/537.36 (KHTML, like Gecko) Mobile Safari/537.36 (compatible; PetalBot;+https://webmaster.petalsearch.com/site/petalbot)" "-"
82.77.245.0 - - [23/Aug/2021:08:23:13 +0200] "GET / HTTP/1.1" 200 8403 shelfclauses.txt-soft.com "-" "Mozilla/5.0 (compatible; MSIE 9.0; Windows NT 6.1; Trident/5.0)" "-"
49.49.235.0 - - [23/Aug/2021:08:27:21 +0200] "GET /cgi-bin/index_en_us.pl?URL=https://slotlion777.com HTTP/1.1" 500 614 www.sensalgo.com "http://www.sensalgo.com/" "Mozilla/5.0 (Windows NT 6.1; Win64; x64) AppleWebKit/537.36 (KHTML, like Gecko) Chrome/68.0.3427.0 Safari/537.36" "-"
49.49.235.0 - - [23/Aug/2021:08:27:21 +0200] "GET /cgi-bin/index_en_us.pl?URL=https://slotlion777.com HTTP/1.1" 500 614 www.sensalgo.com "http://www.sensalgo.com/cgi-bin/index_en_us.pl?URL=https://slotlion777.com" "Mozilla/5.0 (Windows NT 6.1; Win64; x64) AppleWebKit/537.36 (KHTML, like Gecko) Chrome/68.0.3427.0 Safari/537.36" "-"
175.158.36.0 - - [23/Aug/2021:08:27:42 +0200] "GET /cgi-bin/index_en_us.pl?URL=https://nytka.org/wp-content/themes/frontier/responsive.css?ver=1.3.3 HTTP/1.1" 500 614 www.sensalgo.com "http://www.sensalgo.com/cgi-bin/index_en_us.pl?URL=https://nytka.org/" "Mozilla/5.0 (Windows NT 6.1; WOW64) AppleWebKit/537.36 (KHTML, like Gecko) Chrome/59.0.3071.30 Safari/537.36 Core/1.59.3969.400 QQBrowser/10.0.184.400" "-"
94.155.33.0 - - [23/Aug/2021:08:28:52 +0200] "GET /cgi-bin/index_en_us.pl?URL=https://bfl-solutions.eu HTTP/1.1" 500 614 www.sensalgo.com "http://www.sensalgo.com/" "Mozilla/5.0 (Windows NT 6.1; Win64; x64) AppleWebKit/537.36 (KHTML, like Gecko) Chrome/68.0.3440.7 Safari/537.36" "-"
103.120.168.0 - - [23/Aug/2021:08:29:32 +0200] "GET /cgi-bin/index_en_us.pl?url=http://66.29.137.173/ HTTP/1.1" 500 614 www.sensalgo.com "http://www.sensalgo.com/" "Mozilla/5.0 (Windows NT 6.1; WOW64) AppleWebKit/537.36 (KHTML, like Gecko) Chrome/53.0.2785.104 Safari/537.36 Core/1.53.4843.400 QQBrowser/9.7.13021.400" "-"
82.77.245.0 - - [23/Aug/2021:08:30:01 +0200] "GET / HTTP/1.1" 200 8403 shelfclauses.txt-soft.com "-" "Mozilla/5.0 (compatible; MSIE 9.0; Windows NT 6.1; Trident/5.0)" "-"
35.237.96.0 - - [23/Aug/2021:08:31:14 +0200] "GET /robots.txt HTTP/1.1" 404 640 www.sensalgo.com "-" "ZoominfoBot (zoominfobot at zoominfo dot com)" "-"
35.237.96.0 - - [23/Aug/2021:08:31:14 +0200] "GET / HTTP/1.1" 200 489 www.sensalgo.com "-" "ZoominfoBot (zoominfobot at zoominfo dot com)" "-"
64.77.16.0 - - [23/Aug/2021:08:32:35 +0200] "GET / HTTP/1.1" 200 6942 mbfxwords.txt-soft.com "-" "Mozilla/5.0 (Windows NT 10.0; Win64; x64) AppleWebKit/537.36 (KHTML, like Gecko) Chrome/74.0.3729.131 Safari/537.36" "-"
64.77.16.0 - - [23/Aug/2021:08:32:36 +0200] "GET / HTTP/1.1" 200 8403 shelfclauses.txt-soft.com "-" "Mozilla/5.0 (Windows NT 10.0; Win64; x64) AppleWebKit/537.36 (KHTML, like Gecko) Chrome/74.0.3729.131 Safari/537.36" "-"
188.130.128.0 - - [23/Aug/2021:08:34:21 +0200] "GET /cgi-bin/index_en_us.pl?URL=http://search.bt.com/result?p=%22lionaluminiumglass.com HTTP/1.1" 500 614 www.sensalgo.com "http://www.sensalgo.com/" "Mozilla/5.0 (Windows NT 6.1; Win64; x64) AppleWebKit/537.36 (KHTML, like Gecko) Chrome/66.0.3359.117 Safari/537.36" "-"
188.130.128.0 - - [23/Aug/2021:08:34:22 +0200] "GET /cgi-bin/index_en_us.pl?URL=http://search.bt.com/result?p=%22lionaluminiumglass.com%22%20glass%20door%20repairing HTTP/1.1" 500 614 www.sensalgo.com "http://www.sensalgo.com/cgi-bin/index_en_us.pl?URL=http://search.bt.com/result?p=%22lionaluminiumglass.com" "Mozilla/5.0 (Windows NT 6.1; Win64; x64) AppleWebKit/537.36 (KHTML, like Gecko) Chrome/66.0.3359.117 Safari/537.36" "-"
114.119.150.0 - - [23/Aug/2021:08:34:35 +0200] "GET /cgi-bin/index_en_us.pl?URL=https%3A%2F%2Fzohsex.xyz%2Fnude%2F24773-piacere-della-squeezeing.php HTTP/1.1" 500 614 www.sensalgo.com "-" "Mozilla/5.0 (Linux; Android 7.0;) AppleWebKit/537.36 (KHTML, like Gecko) Mobile Safari/537.36 (compatible; PetalBot;+https://webmaster.petalsearch.com/site/petalbot)" "-"
2a01:e0a:300:: - - [23/Aug/2021:08:35:51 +0200] "GET /help_files/CarRent_LeasingInstallment.jpg HTTP/1.1" 200 80520 www.sensalgo.com "-" "Mozilla/5.0 (X11; Ubuntu; Linux x86_64; rv:72.0) Gecko/20100101 Firefox/72.0" "-"
82.77.245.0 - - [23/Aug/2021:08:37:06 +0200] "GET / HTTP/1.1" 200 8403 shelfclauses.txt-soft.com "-" "Mozilla/5.0 (compatible; MSIE 9.0; Windows NT 6.1; Trident/5.0)" "-"
35.237.96.0 - - [23/Aug/2021:08:39:04 +0200] "GET /robots.txt HTTP/1.1" 404 640 sensalgo.com "-" "ZoominfoBot (zoominfobot at zoominfo dot com)" "-"
35.237.96.0 - - [23/Aug/2021:08:39:04 +0200] "GET / HTTP/1.1" 200 489 sensalgo.com "-" "ZoominfoBot (zoominfobot at zoominfo dot com)" "-"
104.167.6.0 - - [23/Aug/2021:08:39:40 +0200] "GET /cgi-bin/index_en_us.pl?URL=https://www.voordeliginslaan.nl HTTP/1.1" 500 614 www.sensalgo.com "http://www.sensalgo.com/" "Mozilla/5.0 (Windows NT 6.1; WOW64) AppleWebKit/537.36 (KHTML, like Gecko) Chrome/53.0.2785.104 Safari/537.36 Core/1.53.3084.400 QQBrowser/9.6.11346.400" "-"
104.167.6.0 - - [23/Aug/2021:08:39:40 +0200] "GET /cgi-bin/index_en_us.pl?URL=https://www.voordeliginslaan.nl HTTP/1.1" 500 614 www.sensalgo.com "http://www.sensalgo.com/cgi-bin/index_en_us.pl?URL=https://www.voordeliginslaan.nl" "Mozilla/5.0 (Windows NT 6.1; WOW64) AppleWebKit/537.36 (KHTML, like Gecko) Chrome/53.0.2785.104 Safari/537.36 Core/1.53.3084.400 QQBrowser/9.6.11346.400" "-"
124.122.59.0 - - [23/Aug/2021:08:43:01 +0200] "GET /cgi-bin/index_en_us.pl?URL=https://ufaking.com/ HTTP/1.1" 500 614 www.sensalgo.com "http://www.sensalgo.com/cgi-bin/index_en_us.pl?URL=https://ufaking.com/" "Mozilla/5.0 (Windows NT 6.1; rv:57.0) Gecko/20100101 Firefox/B8A7" "-"
116.203.94.0 - - [23/Aug/2021:08:43:07 +0200] "GET /cgi-bin/index_en_us.pl?URL=https://kbcjiolotterywinner.info/ HTTP/1.1" 500 614 www.sensalgo.com "http://www.sensalgo.com/" "Mozilla/5.0 (Windows NT 6.1; WOW64) AppleWebKit/537.36 (KHTML, like Gecko) Chrome/65.0.3325.181 Safari/537.36 OPR/52.0.2871.64" "-"
116.203.94.0 - - [23/Aug/2021:08:43:07 +0200] "GET /cgi-bin/index_en_us.pl?URL=https://kbcjiolotterywinner.info/ HTTP/1.1" 500 614 www.sensalgo.com "http://www.sensalgo.com/cgi-bin/index_en_us.pl?URL=https://kbcjiolotterywinner.info/" "Mozilla/5.0 (Windows NT 6.1; WOW64) AppleWebKit/537.36 (KHTML, like Gecko) Chrome/65.0.3325.181 Safari/537.36 OPR/52.0.2871.64" "-"
82.77.245.0 - - [23/Aug/2021:08:43:59 +0200] "GET / HTTP/1.1" 200 8403 shelfclauses.txt-soft.com "-" "Mozilla/5.0 (compatible; MSIE 9.0; Windows NT 6.1; Trident/5.0)" "-"
185.191.171.0 - - [23/Aug/2021:08:44:56 +0200] "GET /robots.txt HTTP/1.1" 404 640 www.sensalgo.com "-" "Mozilla/5.0 (compatible; SemrushBot/7~bl; +http://www.semrush.com/bot.html)" "-"
185.191.171.0 - - [23/Aug/2021:08:44:56 +0200] "GET /en_us/downloadmodule.php?download=SAO-GUI-AX.exe HTTP/1.1" 200 88 www.sensalgo.com "-" "Mozilla/5.0 (compatible; SemrushBot/7~bl; +http://www.semrush.com/bot.html)" "-"
103.131.71.0 - - [23/Aug/2021:08:45:36 +0200] "GET /robots.txt HTTP/1.1" 404 640 txt-soft.com "-" "Mozilla/5.0 (compatible; coccocbot-web/1.0; +http://help.coccoc.com/searchengine)" "-"
66.249.66.0 - - [23/Aug/2021:08:46:37 +0200] "GET /drktb/tv/ HTTP/1.1" 404 640 www.sensalgo.com "http://tv.drktb.de/" "Mozilla/5.0 AppleWebKit/537.36 (KHTML, like Gecko; compatible; Googlebot/2.1; +http://www.google.com/bot.html) Chrome/92.0.4515.119 Safari/537.36" "-"
114.119.150.0 - - [23/Aug/2021:08:47:15 +0200] "GET /cgi-bin/index_en_us.pl?URL=https%3A%2F%2Fpytgirls.xyz%2Fgirls%2F5385.html HTTP/1.1" 500 614 www.sensalgo.com "-" "Mozilla/5.0 (Linux; Android 7.0;) AppleWebKit/537.36 (KHTML, like Gecko) Mobile Safari/537.36 (compatible; PetalBot;+https://webmaster.petalsearch.com/site/petalbot)" "-"
173.245.203.0 - - [23/Aug/2021:08:49:19 +0200] "GET / HTTP/1.1" 200 6942 mbfxwords.txt-soft.com "http://mbfxwords.txt-soft.com/" "Mozilla/5.0 (Windows NT 10.0; Win64; x64) AppleWebKit/537.36 (KHTML, like Gecko) Chrome/74.0.3729.157 Safari/537.36" "-"
82.77.245.0 - - [23/Aug/2021:08:51:23 +0200] "GET / HTTP/1.1" 200 8403 shelfclauses.txt-soft.com "-" "Mozilla/5.0 (compatible; MSIE 9.0; Windows NT 6.1; Trident/5.0)" "-"
2600:1f18:6500:: - - [23/Aug/2021:08:52:20 +0200] "GET / HTTP/1.1" 200 8403 shelfclauses.txt-soft.com "-" "Mozilla/5.0 (Windows NT 6.1; Win64; x64) AppleWebKit/537.36 (KHTML, like Gecko) Chrome/72.0.3626.109 Safari/537.36" "-"
54.36.148.0 - - [23/Aug/2021:08:53:36 +0200] "GET / HTTP/1.1" 200 489 sensalgo.com "-" "Mozilla/5.0 (compatible; AhrefsBot/7.0; +http://ahrefs.com/robot/)" "-"
49.7.21.0 - - [23/Aug/2021:08:55:02 +0200] "GET / HTTP/1.1" 200 489 sensalgo.com "-" "Sogou web spider/4.0(+http://www.sogou.com/docs/help/webmasters.htm#07)" "-"
49.7.21.0 - - [23/Aug/2021:08:55:09 +0200] "GET /en_us/index.php HTTP/1.1" 302 2 www.sensalgo.com "-" "Sogou web spider/4.0(+http://www.sogou.com/docs/help/webmasters.htm#07)" "-"
49.7.21.0 - - [23/Aug/2021:08:56:22 +0200] "GET /index_en_us.htm HTTP/1.1" 200 647 www.sensalgo.com "-" "Sogou web spider/4.0(+http://www.sogou.com/docs/help/webmasters.htm#07)" "-"
82.77.245.0 - - [23/Aug/2021:08:58:40 +0200] "GET / HTTP/1.1" 200 8403 shelfclauses.txt-soft.com "-" "Mozilla/5.0 (compatible; MSIE 9.0; Windows NT 6.1; Trident/5.0)" "-"
114.119.151.0 - - [23/Aug/2021:08:59:43 +0200] "GET /cgi-bin/index_en_us.pl?URL=https%3A%2F%2Fokosex.com%2Fyoung%2F4006-karolina-young-brunette-artistic-frontal.php HTTP/1.1" 500 614 www.sensalgo.com "-" "Mozilla/5.0 (Linux; Android 7.0;) AppleWebKit/537.36 (KHTML, like Gecko) Mobile Safari/537.36 (compatible; PetalBot;+https://webmaster.petalsearch.com/site/petalbot)" "-"
195.246.120.0 - - [23/Aug/2021:09:01:50 +0200] "GET /cgi-bin/index_en_us.pl?url=http://www.corporacioneg.com/userprofile/tabid/43/userid/7046918/default.aspx HTTP/1.1" 500 614 www.sensalgo.com "http://www.sensalgo.com/cgi-bin/index_en_us.pl?url=http://www.corporacioneg.com/userprofile/tabid/43/userid/7046918/default.aspx" "Mozilla/5.0 (Windows NT 10.0; WOW64) AppleWebKit/537.36 (KHTML, like Gecko) Chrome/83.0.4103.61 Safari/537.36" "-"
195.246.120.0 - - [23/Aug/2021:09:01:50 +0200] "GET / HTTP/1.1" 200 489 www.sensalgo.com "http://www.sensalgo.com/" "Mozilla/5.0 (Windows NT 10.0; WOW64) AppleWebKit/537.36 (KHTML, like Gecko) Chrome/83.0.4103.61 Safari/537.36" "-"
82.77.245.0 - - [23/Aug/2021:09:04:18 +0200] "GET / HTTP/1.1" 200 8403 shelfclauses.txt-soft.com "-" "Mozilla/5.0 (compatible; MSIE 9.0; Windows NT 6.1; Trident/5.0)" "-"
82.77.245.0 - - [23/Aug/2021:09:09:37 +0200] "GET / HTTP/1.1" 200 8403 shelfclauses.txt-soft.com "-" "Mozilla/5.0 (compatible; MSIE 9.0; Windows NT 6.1; Trident/5.0)" "-"
82.77.245.0 - - [23/Aug/2021:09:12:09 +0200] "GET / HTTP/1.1" 200 8403 shelfclauses.txt-soft.com "-" "Mozilla/5.0 (compatible; MSIE 9.0; Windows NT 6.1; Trident/5.0)" "-"
114.119.151.0 - - [23/Aug/2021:09:12:11 +0200] "GET /cgi-bin/index_en_us.pl?URL=http%3A%2F%2Fbitly.com%2F3cMAXea%5Dkxr HTTP/1.1" 500 614 www.sensalgo.com "-" "Mozilla/5.0 (Linux; Android 7.0;) AppleWebKit/537.36 (KHTML, like Gecko) Mobile Safari/537.36 (compatible; PetalBot;+https://webmaster.petalsearch.com/site/petalbot)" "-"
207.53.234.0 - - [23/Aug/2021:09:14:58 +0200] "GET /help_files/CarRent_LeasingInstallment.jpg HTTP/1.1" 200 80520 www.sensalgo.com "-" "Mozilla/5.0 (X11; Ubuntu; Linux x86_64; rv:72.0) Gecko/20100101 Firefox/72.0" "-"
46.187.26.0 - - [23/Aug/2021:09:15:36 +0200] "GET /tristat2/pro2/index.php?export=pac&rand=877 HTTP/1.1" 404 640 www.sensalgo.com "-" "Mozilla/5.0 (Windows NT 10.0; WOW64; rv:45.0) Gecko/20100101 Firefox/45.0" "-"
82.77.245.0 - - [23/Aug/2021:09:16:12 +0200] "GET / HTTP/1.1" 200 8403 shelfclauses.txt-soft.com "-" "Mozilla/5.0 (compatible; MSIE 9.0; Windows NT 6.1; Trident/5.0)" "-"
66.249.66.0 - - [23/Aug/2021:09:16:14 +0200] "GET /cgi-bin/index_en_us.pl?URL=http://bitly.com/3cMAXea HTTP/1.1" 500 614 www.sensalgo.com "-" "Mozilla/5.0 (compatible; Googlebot/2.1; +http://www.google.com/bot.html)" "-"
39.36.237.0 - - [23/Aug/2021:09:18:46 +0200] "GET /downloads/ShelfClauses-1.11-win64.exe HTTP/1.1" 200 321324793 shelfclauses.txt-soft.com "-" "Mozilla/5.0 (Windows NT 10.0; Win64; x64) AppleWebKit/537.36 (KHTML, like Gecko) Chrome/92.0.4515.159 Safari/537.36 Edg/92.0.902.78" "-"
82.77.245.0 - - [23/Aug/2021:09:20:27 +0200] "GET / HTTP/1.1" 200 8403 shelfclauses.txt-soft.com "-" "Mozilla/5.0 (compatible; MSIE 9.0; Windows NT 6.1; Trident/5.0)" "-"
5.255.253.0 - - [23/Aug/2021:09:21:58 +0200] "GET /robots.txt HTTP/1.1" 404 640 sensalgo.com "-" "Mozilla/5.0 (compatible; YandexBot/3.0; +http://yandex.com/bots)" "-"
213.180.203.0 - - [23/Aug/2021:09:22:02 +0200] "GET /cgi-bin/index_en_us.pl?URL=https://enoughtube.com/tube/sri-lanka-sinhala/1/ HTTP/1.1" 500 614 sensalgo.com "-" "Mozilla/5.0 (compatible; YandexBot/3.0; +http://yandex.com/bots)" "-"
114.119.142.0 - - [23/Aug/2021:09:24:38 +0200] "GET /cgi-bin/index_en_us.pl?URL=https%3A%2F%2Fejezep.top HTTP/1.1" 500 614 www.sensalgo.com "-" "Mozilla/5.0 (Linux; Android 7.0;) AppleWebKit/537.36 (KHTML, like Gecko) Mobile Safari/537.36 (compatible; PetalBot;+https://webmaster.petalsearch.com/site/petalbot)" "-"
82.77.245.0 - - [23/Aug/2021:09:25:48 +0200] "GET / HTTP/1.1" 200 8403 shelfclauses.txt-soft.com "-" "Mozilla/5.0 (compatible; MSIE 9.0; Windows NT 6.1; Trident/5.0)" "-"
114.119.140.0 - - [23/Aug/2021:09:25:52 +0200] "GET /robots.txt HTTP/1.1" 404 643 www.mbfxwords.txt-soft.com "-" "Mozilla/5.0 (compatible;PetalBot;+https://webmaster.petalsearch.com/site/petalbot)" "-"
196.240.143.0 - - [23/Aug/2021:09:31:43 +0200] "GET /cgi-bin/index_en_us.pl?URL=https://onesport.ir/ HTTP/1.1" 500 614 www.sensalgo.com "http://www.sensalgo.com/" "Mozilla/5.0 (Windows NT 6.1; Win64; x64; rv:52.0) Gecko/20100101 Firefox/4FD9" "-"
196.240.143.0 - - [23/Aug/2021:09:31:44 +0200] "GET /cgi-bin/index_en_us.pl?URL=https://onesport.ir/ HTTP/1.1" 500 614 www.sensalgo.com "http://www.sensalgo.com/" "Mozilla/5.0 (Windows NT 6.1; Win64; x64; rv:52.0) Gecko/20100101 Firefox/4FD9" "-"
82.77.245.0 - - [23/Aug/2021:09:32:27 +0200] "GET / HTTP/1.1" 200 8403 shelfclauses.txt-soft.com "-" "Mozilla/5.0 (compatible; MSIE 9.0; Windows NT 6.1; Trident/5.0)" "-"
183.88.232.0 - - [23/Aug/2021:09:33:39 +0200] "GET /__media__/js/netsoltrademark.php?d=osteriacrocina.it%2F__media__%2Fjs%2Fnetsoltrademark.php%3Fd%3Dwww.melissakulpa.com%252F__media__%252Fjs%252Fnetsoltrademark.php%253Fd%253Dwww.slideshare.net%25252FMajorVehicleExchange%25252Fshuttle-bus-for-sale-uses-and-benefits-of-shuttle-buses-over-cars-and-15-passenger-vans HTTP/1.1" 404 640 www.sensalgo.com "http://www.sensalgo.com/" "Mozilla/5.0 (Windows NT 6.1; WOW64) AppleWebKit/537.36 (KHTML, like Gecko) Chrome/61.0.3163.69 Freeu/61.0.3163.69 MRCHROME SOC Safari/537.36" "-"
123.183.224.0 - - [23/Aug/2021:09:34:37 +0200] "GET / HTTP/1.1" 200 489 sensalgo.com "-" "Sogou web spider/4.0(+http://www.sogou.com/docs/help/webmasters.htm#07)" "-"
114.119.140.0 - - [23/Aug/2021:09:36:22 +0200] "GET /partner.html HTTP/1.1" 200 13469 mbfxwords.txt-soft.com "-" "Mozilla/5.0 (Linux; Android 7.0;) AppleWebKit/537.36 (KHTML, like Gecko) Mobile Safari/537.36 (compatible; PetalBot;+https://webmaster.petalsearch.com/site/petalbot)" "-"
114.119.151.0 - - [23/Aug/2021:09:37:02 +0200] "GET /cgi-bin/index_en_us.pl?URL=https%3A%2F%2Fcasinos-seguros.eu%2Fblackjack-strategie-holland-casino.html HTTP/1.1" 500 614 www.sensalgo.com "-" "Mozilla/5.0 (Linux; Android 7.0;) AppleWebKit/537.36 (KHTML, like Gecko) Mobile Safari/537.36 (compatible; PetalBot;+https://webmaster.petalsearch.com/site/petalbot)" "-"
82.77.245.0 - - [23/Aug/2021:09:39:45 +0200] "GET / HTTP/1.1" 200 8403 shelfclauses.txt-soft.com "-" "Mozilla/5.0 (compatible; MSIE 9.0; Windows NT 6.1; Trident/5.0)" "-"
123.183.224.0 - - [23/Aug/2021:09:41:44 +0200] "GET /en_us/index.php HTTP/1.1" 302 2 www.sensalgo.com "-" "Sogou web spider/4.0(+http://www.sogou.com/docs/help/webmasters.htm#07)" "-"
195.246.120.0 - - [23/Aug/2021:09:43:50 +0200] "GET /cgi-bin/index_en_us.pl?url=http://www.corporacioneg.com/userprofile/tabid/43/userid/7046918/default.aspx HTTP/1.1" 500 614 www.sensalgo.com "http://www.sensalgo.com/cgi-bin/index_en_us.pl?url=http://www.corporacioneg.com/userprofile/tabid/43/userid/7046918/default.aspx" "Mozilla/5.0 (Windows NT 6.1; Win64; x64) AppleWebKit/537.36 (KHTML, like Gecko) Chrome/83.0.4103.24 Safari/537.36 Edg/83.0.478.18" "-"
195.246.120.0 - - [23/Aug/2021:09:43:51 +0200] "GET / HTTP/1.1" 200 489 www.sensalgo.com "http://www.sensalgo.com/" "Mozilla/5.0 (Windows NT 6.1; Win64; x64) AppleWebKit/537.36 (KHTML, like Gecko) Chrome/83.0.4103.24 Safari/537.36 Edg/83.0.478.18" "-"
82.77.245.0 - - [23/Aug/2021:09:46:31 +0200] "GET / HTTP/1.1" 200 8403 shelfclauses.txt-soft.com "-" "Mozilla/5.0 (compatible; MSIE 9.0; Windows NT 6.1; Trident/5.0)" "-"
123.183.224.0 - - [23/Aug/2021:09:49:01 +0200] "GET /index_en_us.htm HTTP/1.1" 200 647 www.sensalgo.com "-" "Sogou web spider/4.0(+http://www.sogou.com/docs/help/webmasters.htm#07)" "-"
114.119.151.0 - - [23/Aug/2021:09:49:21 +0200] "GET /cgi-bin/index_en_us.pl?URL=https%3A%2F%2Fcutepix.info%2Fass%2Fgerman-big-butt.php HTTP/1.1" 500 614 www.sensalgo.com "-" "Mozilla/5.0 (Linux; Android 7.0;) AppleWebKit/537.36 (KHTML, like Gecko) Mobile Safari/537.36 (compatible; PetalBot;+https://webmaster.petalsearch.com/site/petalbot)" "-"
82.77.245.0 - - [23/Aug/2021:09:53:45 +0200] "GET / HTTP/1.1" 200 8403 shelfclauses.txt-soft.com "-" "Mozilla/5.0 (compatible; MSIE 9.0; Windows NT 6.1; Trident/5.0)" "-"
123.183.224.0 - - [23/Aug/2021:09:55:04 +0200] "GET / HTTP/1.1" 200 489 www.sensalgo.com "-" "Sogou web spider/4.0(+http://www.sogou.com/docs/help/webmasters.htm#07)" "-"
122.55.202.0 - - [23/Aug/2021:09:55:37 +0200] "GET /cgi-bin/index_en_us.pl?URL=https://bfl-solutions.eu HTTP/1.1" 500 614 www.sensalgo.com "http://www.sensalgo.com/" "Mozilla/5.0 (Windows NT 6.1; WOW64) AppleWebKit/537.36 (KHTML, like Gecko) Chrome/66.0.3359.170 Safari/537.36 Ionic/2.16.8" "-"
82.77.245.0 - - [23/Aug/2021:09:58:59 +0200] "GET / HTTP/1.1" 200 8403 shelfclauses.txt-soft.com "-" "Mozilla/5.0 (compatible; MSIE 9.0; Windows NT 6.1; Trident/5.0)" "-"
114.119.151.0 - - [23/Aug/2021:10:01:34 +0200] "GET /cgi-bin/index_en_us.pl?URL=https%3A%2F%2Fnelsex.xyz%2Fbed%2F1513.html HTTP/1.1" 500 614 www.sensalgo.com "-" "Mozilla/5.0 (Linux; Android 7.0;) AppleWebKit/537.36 (KHTML, like Gecko) Mobile Safari/537.36 (compatible; PetalBot;+https://webmaster.petalsearch.com/site/petalbot)" "-"
2600:1f14:b00:: - - [23/Aug/2021:10:05:16 +0200] "GET / HTTP/1.1" 200 8403 shelfclauses.txt-soft.com "-" "Mozilla/5.0 (Windows NT 6.1; Win64; x64) AppleWebKit/537.36 (KHTML, like Gecko) Chrome/72.0.3626.109 Safari/537.36" "-"
