95.78.35.0 - - [23/Aug/2021:10:06:22 +0200] "GET /tristat2/pro2/index.php?sort=last&rand=428 HTTP/1.1" 404 640 www.sensalgo.com "http://www.sensalgo.com/" "Mozilla/5.0 (compatible; Googlebot/2.1; +http://www.google.com/bot.html)" "-"
82.77.245.0 - - [23/Aug/2021:10:06:40 +0200] "GET / HTTP/1.1" 200 8403 shelfclauses.txt-soft.com "-" "Mozilla/5.0 (compatible; MSIE 9.0; Windows NT 6.1; Trident/5.0)" "-"
85.208.98.0 - - [23/Aug/2021:10:07:05 +0200] "GET / HTTP/1.1" 200 8403 shelfclauses.txt-soft.com "-" "SEMrushBot" "-"
66.70.247.0 - - [23/Aug/2021:10:08:16 +0200] "GET /cgi-bin/index_en_us.pl?URL=https://cardingteam.ru/ HTTP/1.1" 500 614 www.sensalgo.com "http://www.sensalgo.com/" "Mozilla/5.0 (Windows NT 6.1; Win64; x64) AppleWebKit/537.36 (KHTML, like Gecko) Chrome/67.0.3396.18 Safari/537.36 OPR/55.0.2962.0 (Edition developer)" "-"
66.70.247.0 - - [23/Aug/2021:10:08:16 +0200] "GET /cgi-bin/index_en_us.pl?URL=https://cardingteam.ru/ HTTP/1.1" 500 614 www.sensalgo.com "http://www.sensalgo.com/cgi-bin/index_en_us.pl?URL=https://cardingteam.ru/" "Mozilla/5.0 (Windows NT 6.1; Win64; x64) AppleWebKit/537.36 (KHTML, like Gecko) Chrome/67.0.3396.18 Safari/537.36 OPR/55.0.2962.0 (Edition developer)" "-"
114.119.140.0 - - [23/Aug/2021:10:09:21 +0200] "GET /ShelfClauses-1.11-Linux.zip.sha256.txt HTTP/1.1" 200 64 shelfclauses.txt-soft.com "-" "Mozilla/5.0 (Linux; Android 7.0;) AppleWebKit/537.36 (KHTML, like Gecko) Mobile Safari/537.36 (compatible; PetalBot;+https://webmaster.petalsearch.com/site/petalbot)" "-"
14.215.224.0 - - [23/Aug/2021:10:09:32 +0200] "GET /cgi-bin/index_en_us.pl?URL=https://casino-mtp2009.com/ HTTP/1.1" 500 614 www.sensalgo.com "http://www.sensalgo.com/" "Mozilla/5.0 (Windows NT 6.1; Win64; x64) AppleWebKit/537.36 (KHTML, like Gecko) Chrome/67.0.3396.87 Safari/537.36" "-"
14.215.224.0 - - [23/Aug/2021:10:09:33 +0200] "GET /cgi-bin/index_en_us.pl?URL=https://casino-mtp2009.com/ HTTP/1.1" 500 614 www.sensalgo.com "http://www.sensalgo.com/cgi-bin/index_en_us.pl?URL=https://casino-mtp2009.com/" "Mozilla/5.0 (Windows NT 6.1; Win64; x64) AppleWebKit/537.36 (KHTML, like Gecko) Chrome/67.0.3396.87 Safari/537.36" "-"
82.77.245.0 - - [23/Aug/2021:10:11:17 +0200] "GET / HTTP/1.1" 200 8403 shelfclauses.txt-soft.com "-" "Mozilla/5.0 (compatible; MSIE 9.0; Windows NT 6.1; Trident/5.0)" "-"
114.119.151.0 - - [23/Aug/2021:10:13:37 +0200] "GET /cgi-bin/index_en_us.pl?URL=https%3A%2F%2Fvipsex.xyz%2Ftwistys%2F1430.html HTTP/1.1" 500 614 www.sensalgo.com "-" "Mozilla/5.0 (Linux; Android 7.0;) AppleWebKit/537.36 (KHTML, like Gecko) Mobile Safari/537.36 (compatible; PetalBot;+https://webmaster.petalsearch.com/site/petalbot)" "-"
2a01:e0a:300:: - - [23/Aug/2021:10:14:49 +0200] "GET /help_files/MS_Display.jpg HTTP/1.1" 200 30787 www.sensalgo.com "-" "Mozilla/5.0 (X11; Ubuntu; Linux x86_64; rv:72.0) Gecko/20100101 Firefox/72.0" "-"
123.183.224.0 - - [23/Aug/2021:10:15:27 +0200] "GET /en_us/index.php HTTP/1.1" 302 2 www.sensalgo.com "-" "Sogou web spider/4.0(+http://www.sogou.com/docs/help/webmasters.htm#07)" "-"
46.187.26.0 - - [23/Aug/2021:10:15:38 +0200] "GET /tristat2/pro2/index.php?export=pac&rand=877 HTTP/1.1" 404 640 www.sensalgo.com "-" "Mozilla/5.0 (Windows NT 10.0; WOW64; rv:45.0) Gecko/20100101 Firefox/45.0" "-"
82.77.245.0 - - [23/Aug/2021:10:16:42 +0200] "GET / HTTP/1.1" 200 8403 shelfclauses.txt-soft.com "-" "Mozilla/5.0 (compatible; MSIE 9.0; Windows NT 6.1; Trident/5.0)" "-"
172.241.168.0 - - [23/Aug/2021:10:16:47 +0200] "GET /cgi-bin/index_en_us.pl?URL=https://jokerslotvip.net/ HTTP/1.1" 500 614 www.sensalgo.com "http://www.sensalgo.com/" "Mozilla/5.0 (Windows NT 6.1; Win64; x64) AppleWebKit/537.36 (KHTML, like Gecko) Chrome/65.0.3325.183 Safari/537.36 Vivaldi/1.96.1147.36" "-"
172.241.168.0 - - [23/Aug/2021:10:16:48 +0200] "GET /cgi-bin/index_en_us.pl?URL=https://jokerslotvip.net/ HTTP/1.1" 500 614 www.sensalgo.com "http://www.sensalgo.com/cgi-bin/index_en_us.pl?URL=https://jokerslotvip.net/" "Mozilla/5.0 (Windows NT 6.1; Win64; x64) AppleWebKit/537.36 (KHTML, like Gecko) Chrome/65.0.3325.183 Safari/537.36 Vivaldi/1.96.1147.36" "-"
64.77.16.0 - - [23/Aug/2021:10:17:18 +0200] "GET /downloads/flexibledb_pad_file.xml HTTP/1.1" 200 13713 www.sensalgo.com "-" "Mozilla/5.0 (Windows NT 10.0; Win64; x64) AppleWebKit/537.36 (KHTML, like Gecko) Chrome/64.0.3278.0 Safari/537.36" "-"
64.77.16.0 - - [23/Aug/2021:10:17:18 +0200] "GET /downloads/flexibledb_pad_file.xml HTTP/1.1" 200 13713 www.sensalgo.com "-" "Mozilla/5.0 (Windows NT 10.0; Win64; x64) AppleWebKit/537.36 (KHTML, like Gecko) Chrome/64.0.3278.0 Safari/537.36" "-"
123.183.224.0 - - [23/Aug/2021:10:18:42 +0200] "GET /index_en_us.htm HTTP/1.1" 200 647 www.sensalgo.com "-" "Sogou web spider/4.0(+http://www.sogou.com/docs/help/webmasters.htm#07)" "-"
82.73.98.0 - - [23/Aug/2021:10:22:32 +0200] "GET /cgi-bin/index_en_us.pl?URL=https://elgrecocosmetics.nl HTTP/1.1" 500 614 www.sensalgo.com "http://www.sensalgo.com/" "Mozilla/5.0 (Windows NT 6.1; WOW64) AppleWebKit/537.36 (KHTML, like Gecko) Chrome/53.0.2785.104 Safari/537.36 Core/1.53.5006.400 QQBrowser/9.7.13080.400" "-"
82.73.98.0 - - [23/Aug/2021:10:22:36 +0200] "GET /cgi-bin/index_en_us.pl?URL=https://aremia.eu HTTP/1.1" 500 614 www.sensalgo.com "http://www.sensalgo.com/cgi-bin/index_en_us.pl?URL=https://elgrecocosmetics.nl" "Mozilla/5.0 (Windows NT 6.1; WOW64) AppleWebKit/537.36 (KHTML, like Gecko) Chrome/53.0.2785.104 Safari/537.36 Core/1.53.5006.400 QQBrowser/9.7.13080.400" "-"
82.77.245.0 - - [23/Aug/2021:10:23:38 +0200] "GET / HTTP/1.1" 200 8403 shelfclauses.txt-soft.com "-" "Mozilla/5.0 (compatible; MSIE 9.0; Windows NT 6.1; Trident/5.0)" "-"
114.119.151.0 - - [23/Aug/2021:10:25:42 +0200] "GET /cgi-bin/index_en_us.pl?URL=https%3A%2F%2Fziosex.com%2Fpussy%2F101906-closeup-clit-pussy-coinslot.php HTTP/1.1" 500 614 www.sensalgo.com "-" "Mozilla/5.0 (Linux; Android 7.0;) AppleWebKit/537.36 (KHTML, like Gecko) Mobile Safari/537.36 (compatible; PetalBot;+https://webmaster.petalsearch.com/site/petalbot)" "-"
54.36.148.0 - - [23/Aug/2021:10:25:53 +0200] "GET / HTTP/1.1" 200 1689 txt-soft.com "-" "Mozilla/5.0 (compatible; AhrefsBot/7.0; +http://ahrefs.com/robot/)" "-"
82.77.245.0 - - [23/Aug/2021:10:28:49 +0200] "GET / HTTP/1.1" 200 8403 shelfclauses.txt-soft.com "-" "Mozilla/5.0 (compatible; MSIE 9.0; Windows NT 6.1; Trident/5.0)" "-"
64.77.16.0 - - [23/Aug/2021:10:32:56 +0200] "GET / HTTP/1.1" 200 6942 mbfxwords.txt-soft.com "-" "Mozilla/5.0 (Windows NT 10.0; Win64; x64) AppleWebKit/537.36 (KHTML, like Gecko) Chrome/74.0.3729.131 Safari/537.36" "-"
64.77.16.0 - - [23/Aug/2021:10:32:57 +0200] "GET / HTTP/1.1" 200 8403 shelfclauses.txt-soft.com "-" "Mozilla/5.0 (Windows NT 10.0; Win64; x64) AppleWebKit/537.36 (KHTML, like Gecko) Chrome/74.0.3729.131 Safari/537.36" "-"
82.77.245.0 - - [23/Aug/2021:10:35:57 +0200] "GET / HTTP/1.1" 200 8403 shelfclauses.txt-soft.com "-" "Mozilla/5.0 (compatible; MSIE 9.0; Windows NT 6.1; Trident/5.0)" "-"
114.119.151.0 - - [23/Aug/2021:10:37:40 +0200] "GET /cgi-bin/index_en_us.pl?URL=https%3A%2F%2Fkoqsex.xyz%2Fsexy%2F115710-xhamster-hot-arab-sexy-belly-dance.php HTTP/1.1" 500 614 www.sensalgo.com "-" "Mozilla/5.0 (Linux; Android 7.0;) AppleWebKit/537.36 (KHTML, like Gecko) Mobile Safari/537.36 (compatible; PetalBot;+https://webmaster.petalsearch.com/site/petalbot)" "-"
82.77.245.0 - - [23/Aug/2021:10:42:45 +0200] "GET / HTTP/1.1" 200 8403 shelfclauses.txt-soft.com "-" "Mozilla/5.0 (compatible; MSIE 9.0; Windows NT 6.1; Trident/5.0)" "-"
196.242.115.0 - - [23/Aug/2021:10:42:46 +0200] "GET /cgi-bin/index_en_us.pl?URL=http://sc.devb.gov.hk/TuniS/paste2.org/jOeO6g8y HTTP/1.1" 500 614 www.sensalgo.com "http://www.sensalgo.com/" "Mozilla/5.0 (Windows NT 6.1; WOW64) AppleWebKit/537.36 (KHTML, like Gecko) Chrome/61.0.3163.79 Safari/537.36 Maxthon/5.2.1.6000" "-"
196.242.115.0 - - [23/Aug/2021:10:42:48 +0200] "GET /cgi-bin/index_en_us.pl?URL=https://www.pcb.its.dot.gov/PageRedirect.aspx?redirectedurl=https://anotepad.com/notes/wxtwpxkd HTTP/1.1" 500 614 www.sensalgo.com "http://www.sensalgo.com/cgi-bin/index_en_us.pl?URL=http://sc.devb.gov.hk/TuniS/paste2.org/jOeO6g8y" "Mozilla/5.0 (Windows NT 6.1; WOW64) AppleWebKit/537.36 (KHTML, like Gecko) Chrome/61.0.3163.79 Safari/537.36 Maxthon/5.2.1.6000" "-"
202.94.175.0 - - [23/Aug/2021:10:43:17 +0200] "GET /cgi-bin/index_en_us.pl?URL=http://www.authorstream.com/cropkite76/ HTTP/1.1" 500 614 www.sensalgo.com "http://www.sensalgo.com/" "Mozilla/5.0 (Windows NT 6.1; WOW64) AppleWebKit/537.36 (KHTML, like Gecko) Chrome/55.0.2883.96 Safari/537.36" "-"
202.94.175.0 - - [23/Aug/2021:10:43:18 +0200] "GET /cgi-bin/index_en_us.pl?URL=https://bfl-solutions.eu HTTP/1.1" 500 614 www.sensalgo.com "http://www.sensalgo.com/cgi-bin/index_en_us.pl?URL=http://www.authorstream.com/cropkite76/" "Mozilla/5.0 (Windows NT 6.1; WOW64) AppleWebKit/537.36 (KHTML, like Gecko) Chrome/55.0.2883.96 Safari/537.36" "-"
46.98.99.0 - - [23/Aug/2021:10:46:07 +0200] "GET /cgi-bin/index_en_us.pl?URL=https://nederland-casino.eu/gratis-bonus-casino-zonder-storten.html HTTP/1.1" 500 614 www.sensalgo.com "http://www.sensalgo.com/cgi-bin/index_en_us.pl?URL=https://nederland-casino.eu/gratis-bonus-casino-zonder-storten.html" "Mozilla/5.0 (Windows NT 6.1) AppleWebKit/537.36 (KHTML, like Gecko) Chrome/90.0.4430.93 Safari/537.36" "-"
109.207.48.0 - - [23/Aug/2021:10:46:10 +0200] "GET /cgi-bin/index_en_us.pl?URL=https://nederland-casino.eu/gratis-bonus-casino-zonder-storten.html HTTP/1.1" 500 614 www.sensalgo.com "http://www.sensalgo.com/cgi-bin/index_en_us.pl?URL=https://nederland-casino.eu/gratis-bonus-casino-zonder-storten.html" "Mozilla/5.0 (Windows NT 6.1) AppleWebKit/537.36 (KHTML, like Gecko) Chrome/90.0.4430.93 Safari/537.36" "-"
195.14.17.0 - - [23/Aug/2021:10:46:13 +0200] "GET /cgi-bin/index_en_us.pl?URL=https://nederland-casino.eu/gratis-bonus-casino-zonder-storten.html HTTP/1.1" 500 614 www.sensalgo.com "http://www.sensalgo.com/cgi-bin/index_en_us.pl?URL=https://nederland-casino.eu/gratis-bonus-casino-zonder-storten.html" "Mozilla/5.0 (Windows NT 6.1) AppleWebKit/537.36 (KHTML, like Gecko) Chrome/90.0.4430.93 Safari/537.36" "-"
109.72.13.0 - - [23/Aug/2021:10:46:15 +0200] "GET /cgi-bin/index_en_us.pl?URL=https://nederland-casino.eu/gratis-bonus-casino-zonder-storten.html HTTP/1.1" 500 614 www.sensalgo.com "http://www.sensalgo.com/cgi-bin/index_en_us.pl?URL=https://nederland-casino.eu/gratis-bonus-casino-zonder-storten.html" "Mozilla/5.0 (Windows NT 6.1) AppleWebKit/537.36 (KHTML, like Gecko) Chrome/90.0.4430.93 Safari/537.36" "-"
109.72.13.0 - - [23/Aug/2021:10:46:18 +0200] "GET / HTTP/1.1" 200 489 www.sensalgo.com "http://www.sensalgo.com/" "Mozilla/5.0 (Windows NT 6.1) AppleWebKit/537.36 (KHTML, like Gecko) Chrome/90.0.4430.93 Safari/537.36" "-"
49.48.114.0 - - [23/Aug/2021:10:46:38 +0200] "GET /cgi-bin/index_en_us.pl?URL=http://id.kaywa.com/superslot3 HTTP/1.1" 500 614 www.sensalgo.com "http://www.sensalgo.com/" "Mozilla/5.0 (Windows NT 6.1; rv:59.0) Gecko/20100101 Firefox/59.0,gzip(gfe)" "-"
49.48.114.0 - - [23/Aug/2021:10:46:38 +0200] "GET /cgi-bin/index_en_us.pl?URL=http://aghize.com/%e0%b9%80%e0%b8%a7%e0%b9%87%e0%b8%9a%e0%b9%84%e0%b8%8b%e0%b8%95%e0%b9%8c-superslot-%e0%b8%97%e0%b8%b3%e0%b8%82%e0%b8%b6%e0%b9%89%e0%b8%99%e0%b9%83%e0%b8%99%e0%b8%a8%e0%b8%95%e0%b8%a7%e0%b8%a3%e0%b8%a3/ HTTP/1.1" 500 614 www.sensalgo.com "http://www.sensalgo.com/cgi-bin/index_en_us.pl?URL=http://id.kaywa.com/superslot3" "Mozilla/5.0 (Windows NT 6.1; rv:59.0) Gecko/20100101 Firefox/59.0,gzip(gfe)" "-"
114.119.151.0 - - [23/Aug/2021:10:49:38 +0200] "GET /cgi-bin/index_en_us.pl?URL=https%3A%2F%2Ftytporn.com%2Ffucked%2F50290-joanna-angel-and-bellavendetta-fucks.php HTTP/1.1" 500 614 www.sensalgo.com "-" "Mozilla/5.0 (Linux; Android 7.0;) AppleWebKit/537.36 (KHTML, like Gecko) Mobile Safari/537.36 (compatible; PetalBot;+https://webmaster.petalsearch.com/site/petalbot)" "-"
82.77.245.0 - - [23/Aug/2021:10:50:01 +0200] "GET / HTTP/1.1" 200 8403 shelfclauses.txt-soft.com "-" "Mozilla/5.0 (compatible; MSIE 9.0; Windows NT 6.1; Trident/5.0)" "-"
178.201.196.0 - - [23/Aug/2021:10:56:14 +0200] "GET /downloads/ShelfClauses-pad.xml HTTP/1.1" 200 14742 shelfclauses.txt-soft.com "-" "Mozilla/5.0 (Windows NT 6.3; WOW64; Trident/7.0; rv:11.0) like Gecko" "-"
178.201.196.0 - - [23/Aug/2021:10:56:16 +0200] "GET /downloads/mbFXWords-pad.xml HTTP/1.1" 200 14094 mbfxwords.txt-soft.com "-" "Mozilla/5.0 (Windows NT 6.3; WOW64; Trident/7.0; rv:11.0) like Gecko" "-"
82.77.245.0 - - [23/Aug/2021:10:57:38 +0200] "GET / HTTP/1.1" 200 8403 shelfclauses.txt-soft.com "-" "Mozilla/5.0 (compatible; MSIE 9.0; Windows NT 6.1; Trident/5.0)" "-"
2a01:e0a:300:: - - [23/Aug/2021:10:58:31 +0200] "GET /help_files/HD_Example.jpg HTTP/1.1" 200 41008 www.sensalgo.com "-" "Mozilla/5.0 (X11; Ubuntu; Linux x86_64; rv:72.0) Gecko/20100101 Firefox/72.0" "-"
66.249.66.0 - - [23/Aug/2021:10:59:05 +0200] "GET /robots.txt HTTP/1.1" 404 640 www.sensalgo.com "-" "Mozilla/5.0 (compatible; Googlebot/2.1; +http://www.google.com/bot.html)" "-"
66.249.66.0 - - [23/Aug/2021:10:59:05 +0200] "GET /cgi-bin/index_en_us.pl?URL=https://xxx-vids-bang.buzz/3016 HTTP/1.1" 500 614 www.sensalgo.com "-" "Mozilla/5.0 (compatible; Googlebot/2.1; +http://www.google.com/bot.html)" "-"
162.55.191.0 - - [23/Aug/2021:11:00:28 +0200] "GET /cgi-bin/index_en_us.pl?URL=https://www.kbcjiolotterywinner.com/ HTTP/1.1" 500 614 www.sensalgo.com "http://www.sensalgo.com/" "Mozilla/5.0 (Windows NT 6.1; Win64; x64) AppleWebKit/537.36 (KHTML, like Gecko) Chrome/67.0.3396.79 Safari/537.36" "-"
162.55.191.0 - - [23/Aug/2021:11:00:28 +0200] "GET /cgi-bin/index_en_us.pl?URL=https://www.kbcjiolotterywinner.com/ HTTP/1.1" 500 614 www.sensalgo.com "http://www.sensalgo.com/cgi-bin/index_en_us.pl?URL=https://www.kbcjiolotterywinner.com/" "Mozilla/5.0 (Windows NT 6.1; Win64; x64) AppleWebKit/537.36 (KHTML, like Gecko) Chrome/67.0.3396.79 Safari/537.36" "-"
114.119.129.0 - - [23/Aug/2021:11:01:31 +0200] "GET /cgi-bin/index_en_us.pl?URL=http%3A%2F HTTP/1.1" 500 614 www.sensalgo.com "-" "Mozilla/5.0 (Linux; Android 7.0;) AppleWebKit/537.36 (KHTML, like Gecko) Mobile Safari/537.36 (compatible; PetalBot;+https://webmaster.petalsearch.com/site/petalbot)" "-"
2600:1f14:b00:: - - [23/Aug/2021:11:05:51 +0200] "GET / HTTP/1.1" 200 8403 shelfclauses.txt-soft.com "-" "Mozilla/5.0 (Windows NT 6.1; Win64; x64) AppleWebKit/537.36 (KHTML, like Gecko) Chrome/72.0.3626.109 Safari/537.36" "-"
82.77.245.0 - - [23/Aug/2021:11:07:43 +0200] "GET / HTTP/1.1" 200 8403 shelfclauses.txt-soft.com "-" "Mozilla/5.0 (compatible; MSIE 9.0; Windows NT 6.1; Trident/5.0)" "-"
114.119.150.0 - - [23/Aug/2021:11:11:47 +0200] "GET /cgi-bin/index_en_us.pl?URL=https%3A%2F%2Foboteen.com%2Fold%2F232452-new-trap-thread-old-one-hit.php HTTP/1.1" 500 614 www.sensalgo.com "-" "Mozilla/5.0 (Linux; Android 7.0;) AppleWebKit/537.36 (KHTML, like Gecko) Mobile Safari/537.36 (compatible; PetalBot;+https://webmaster.petalsearch.com/site/petalbot)" "-"
82.77.245.0 - - [23/Aug/2021:11:12:50 +0200] "GET / HTTP/1.1" 200 8403 shelfclauses.txt-soft.com "-" "Mozilla/5.0 (compatible; MSIE 9.0; Windows NT 6.1; Trident/5.0)" "-"
46.187.26.0 - - [23/Aug/2021:11:15:44 +0200] "GET /tristat2/pro2/index.php?export=pac&rand=877 HTTP/1.1" 404 640 www.sensalgo.com "-" "Mozilla/5.0 (Windows NT 10.0; WOW64; rv:45.0) Gecko/20100101 Firefox/45.0" "-"
95.163.255.0 - - [23/Aug/2021:11:16:17 +0200] "GET /robots.txt HTTP/1.1" 404 640 www.sensalgo.com "-" "Mozilla/5.0 (compatible; Linux x86_64; Mail.RU_Bot/2.0; +http://go.mail.ru/help/robots)" "-"
95.163.255.0 - - [23/Aug/2021:11:17:12 +0200] "GET / HTTP/1.1" 200 489 www.sensalgo.com "-" "Mozilla/5.0 (compatible; Linux x86_64; Mail.RU_Bot/2.0; +http://go.mail.ru/help/robots)" "-"
66.249.66.0 - - [23/Aug/2021:11:18:36 +0200] "GET /drktb/dissneu/ HTTP/1.1" 404 640 www.sensalgo.com "http://www.diss.drktb.de/" "Mozilla/5.0 AppleWebKit/537.36 (KHTML, like Gecko; compatible; Googlebot/2.1; +http://www.google.com/bot.html) Chrome/92.0.4515.119 Safari/537.36" "-"
82.77.245.0 - - [23/Aug/2021:11:19:21 +0200] "GET / HTTP/1.1" 200 8403 shelfclauses.txt-soft.com "-" "Mozilla/5.0 (compatible; MSIE 9.0; Windows NT 6.1; Trident/5.0)" "-"
114.119.151.0 - - [23/Aug/2021:11:23:17 +0200] "GET /cgi-bin/index_en_us.pl?URL=https%3A%2F%2Fkoqsex.xyz%2Fspreads%2F97240-latin-girl-nicole-bexley-spreads.php HTTP/1.1" 500 614 www.sensalgo.com "-" "Mozilla/5.0 (Linux; Android 7.0;) AppleWebKit/537.36 (KHTML, like Gecko) Mobile Safari/537.36 (compatible; PetalBot;+https://webmaster.petalsearch.com/site/petalbot)" "-"
82.77.245.0 - - [23/Aug/2021:11:24:03 +0200] "GET / HTTP/1.1" 200 8403 shelfclauses.txt-soft.com "-" "Mozilla/5.0 (compatible; MSIE 9.0; Windows NT 6.1; Trident/5.0)" "-"
66.249.66.0 - - [23/Aug/2021:11:28:07 +0200] "GET /cgi-bin/index_en_us.pl?URL=https://sexcams-movie-bang.buzz/4080 HTTP/1.1" 500 614 www.sensalgo.com "-" "Mozilla/5.0 (Linux; Android 6.0.1; Nexus 5X Build/MMB29P) AppleWebKit/537.36 (KHTML, like Gecko) Chrome/92.0.4515.119 Mobile Safari/537.36 (compatible; Googlebot/2.1; +http://www.google.com/bot.html)" "-"
82.77.245.0 - - [23/Aug/2021:11:29:40 +0200] "GET / HTTP/1.1" 200 8403 shelfclauses.txt-soft.com "-" "Mozilla/5.0 (compatible; MSIE 9.0; Windows NT 6.1; Trident/5.0)" "-"
213.180.203.0 - - [23/Aug/2021:11:31:10 +0200] "GET /robots.txt HTTP/1.1" 404 640 sensalgo.com "-" "Mozilla/5.0 (compatible; YandexBot/3.0; +http://yandex.com/bots)" "-"
5.45.207.0 - - [23/Aug/2021:11:31:14 +0200] "GET /cgi-bin/index_en_us.pl?URL=https://xxxpornhere.com/sexyvids-puretaboo-full-length-movies/1/ HTTP/1.1" 500 614 sensalgo.com "-" "Mozilla/5.0 (compatible; YandexBot/3.0; +http://yandex.com/bots)" "-"
114.119.151.0 - - [23/Aug/2021:11:34:00 +0200] "GET /cgi-bin/index_en_us.pl?URL=https%3A%2F%2Fpatsex.xyz%2Fbed%2F863.html HTTP/1.1" 500 614 www.sensalgo.com "-" "Mozilla/5.0 (Linux; Android 7.0;) AppleWebKit/537.36 (KHTML, like Gecko) Mobile Safari/537.36 (compatible; PetalBot;+https://webmaster.petalsearch.com/site/petalbot)" "-"
82.77.245.0 - - [23/Aug/2021:11:36:31 +0200] "GET / HTTP/1.1" 200 8403 shelfclauses.txt-soft.com "-" "Mozilla/5.0 (compatible; MSIE 9.0; Windows NT 6.1; Trident/5.0)" "-"
118.184.177.0 - - [23/Aug/2021:11:36:37 +0200] "GET / HTTP/1.1" 200 489 sensalgo.com "-" "Sogou web spider/4.0(+http://www.sogou.com/docs/help/webmasters.htm#07)" "-"
118.184.177.0 - - [23/Aug/2021:11:36:37 +0200] "GET /en_us/index.php HTTP/1.1" 302 2 www.sensalgo.com "-" "Sogou web spider/4.0(+http://www.sogou.com/docs/help/webmasters.htm#07)" "-"
118.184.177.0 - - [23/Aug/2021:11:36:38 +0200] "GET /index_en_us.htm HTTP/1.1" 200 647 www.sensalgo.com "-" "Sogou web spider/4.0(+http://www.sogou.com/docs/help/webmasters.htm#07)" "-"
195.246.120.0 - - [23/Aug/2021:11:38:02 +0200] "GET /cgi-bin/index_en_us.pl?url=http://www.corporacioneg.com/userprofile/tabid/43/userid/7046918/default.aspx HTTP/1.1" 500 614 www.sensalgo.com "http://www.sensalgo.com/cgi-bin/index_en_us.pl?url=http://www.corporacioneg.com/userprofile/tabid/43/userid/7046918/default.aspx" "Mozilla/5.0 (Windows NT 6.1; Win64; x64) AppleWebKit/537.36 (KHTML, like Gecko) Chrome/83.0.4103.24 Safari/537.36 Edg/83.0.478.18" "-"
195.246.120.0 - - [23/Aug/2021:11:38:06 +0200] "GET / HTTP/1.1" 200 489 www.sensalgo.com "http://www.sensalgo.com/" "Mozilla/5.0 (Windows NT 6.1; Win64; x64) AppleWebKit/537.36 (KHTML, like Gecko) Chrome/83.0.4103.24 Safari/537.36 Edg/83.0.478.18" "-"
88.99.96.0 - - [23/Aug/2021:11:38:23 +0200] "GET /cgi-bin/index_en_us.pl?URL=http://108.61.246.203/ HTTP/1.1" 500 614 www.sensalgo.com "http://www.sensalgo.com/" "Mozilla/5.0 (Windows NT 6.1; rv:45.0) Gecko/20100101 Firefox/45.9.0" "-"
66.70.247.0 - - [23/Aug/2021:11:42:01 +0200] "GET /cgi-bin/index_en_us.pl?URL=https://cardingteam.ru/ HTTP/1.1" 500 614 www.sensalgo.com "http://www.sensalgo.com/" "Mozilla/5.0 (Windows NT 6.1) AppleWebKit/537.36 (KHTML, like Gecko) Chrome/66.0.3359.170 Safari/537.36 OPR/53.0.2907.99" "-"
66.70.247.0 - - [23/Aug/2021:11:42:02 +0200] "GET /cgi-bin/index_en_us.pl?URL=https://cardingteam.ru/ HTTP/1.1" 500 614 www.sensalgo.com "http://www.sensalgo.com/cgi-bin/index_en_us.pl?URL=https://cardingteam.ru/" "Mozilla/5.0 (Windows NT 6.1) AppleWebKit/537.36 (KHTML, like Gecko) Chrome/66.0.3359.170 Safari/537.36 OPR/53.0.2907.99" "-"
82.77.245.0 - - [23/Aug/2021:11:43:46 +0200] "GET / HTTP/1.1" 200 8403 shelfclauses.txt-soft.com "-" "Mozilla/5.0 (compatible; MSIE 9.0; Windows NT 6.1; Trident/5.0)" "-"
124.122.59.0 - - [23/Aug/2021:11:43:51 +0200] "GET /cgi-bin/index_en_us.pl?URL=https://aremia.eu HTTP/1.1" 500 614 www.sensalgo.com "http://www.sensalgo.com/" "Mozilla/5.0 (Windows NT 6.1; Win64; x64) AppleWebKit/537.36 (KHTML, like Gecko) Chrome/66.0.3359.181 Safari/537.36,gzip(gfe)" "-"
114.119.151.0 - - [23/Aug/2021:11:45:11 +0200] "GET /cgi-bin/index_en_us.pl?URL=https%3A%2F%2Fonline-holland-casino.eu%2Fholland-casino-venlo-erfahrung.html HTTP/1.1" 500 614 www.sensalgo.com "-" "Mozilla/5.0 (Linux; Android 7.0;) AppleWebKit/537.36 (KHTML, like Gecko) Mobile Safari/537.36 (compatible; PetalBot;+https://webmaster.petalsearch.com/site/petalbot)" "-"
49.149.96.0 - - [23/Aug/2021:11:45:17 +0200] "GET /cgi-bin/index_en_us.pl?URL=https://medicationsforum.com/ HTTP/1.1" 500 614 www.sensalgo.com "http://www.sensalgo.com/" "Mozilla/5.0 (Windows NT 6.1; WOW64) AppleWebKit/537.36 (KHTML, like Gecko) Chrome/55.0.2883.75 Safari/537.36 Maxthon/5.1.5.2000" "-"
49.149.96.0 - - [23/Aug/2021:11:45:17 +0200] "GET /cgi-bin/index_en_us.pl?URL=https://cartpharmacy.com/ HTTP/1.1" 500 614 www.sensalgo.com "http://www.sensalgo.com/cgi-bin/index_en_us.pl?URL=https://medicationsforum.com/" "Mozilla/5.0 (Windows NT 6.1; WOW64) AppleWebKit/537.36 (KHTML, like Gecko) Chrome/55.0.2883.75 Safari/537.36 Maxthon/5.1.5.2000" "-"
82.77.245.0 - - [23/Aug/2021:11:50:35 +0200] "GET / HTTP/1.1" 200 8403 shelfclauses.txt-soft.com "-" "Mozilla/5.0 (compatible; MSIE 9.0; Windows NT 6.1; Trident/5.0)" "-"
5.102.173.0 - - [23/Aug/2021:11:52:08 +0200] "GET /robots.txt HTTP/1.1" 404 640 www.txt-soft.com "-" "Mozilla/5.0 (compatible; MojeekBot/0.10; +https://www.mojeek.com/bot.html)" "-"
5.102.173.0 - - [23/Aug/2021:11:52:08 +0200] "GET / HTTP/1.1" 200 1689 www.txt-soft.com "-" "Mozilla/5.0 (compatible; MojeekBot/0.10; +https://www.mojeek.com/bot.html)" "-"
114.119.142.0 - - [23/Aug/2021:11:56:28 +0200] "GET /cgi-bin/index_en_us.pl?URL=http%3A%2F%2Fdsviagralk.us HTTP/1.1" 500 614 www.sensalgo.com "-" "Mozilla/5.0 (Linux; Android 7.0;) AppleWebKit/537.36 (KHTML, like Gecko) Mobile Safari/537.36 (compatible; PetalBot;+https://webmaster.petalsearch.com/site/petalbot)" "-"
117.54.139.0 - - [23/Aug/2021:11:57:12 +0200] "GET /cgi-bin/index_en_us.pl?URL=https://labrias.fr/community/profile/lagolden-maha/ HTTP/1.1" 500 614 www.sensalgo.com "http://www.sensalgo.com/" "Mozilla/5.0 (Windows NT 6.1; Win64; x64) AppleWebKit/537.36 (KHTML, like Gecko) Chrome/65.0.3325.183 Safari/537.36 Vivaldi/1.96.1147.36" "-"
117.54.139.0 - - [23/Aug/2021:11:57:13 +0200] "GET /cgi-bin/index_en_us.pl?URL=https://autorouteplanner.eu HTTP/1.1" 500 614 www.sensalgo.com "http://www.sensalgo.com/cgi-bin/index_en_us.pl?URL=https://labrias.fr/community/profile/lagolden-maha/" "Mozilla/5.0 (Windows NT 6.1; Win64; x64) AppleWebKit/537.36 (KHTML, like Gecko) Chrome/65.0.3325.183 Safari/537.36 Vivaldi/1.96.1147.36" "-"
82.77.245.0 - - [23/Aug/2021:11:57:34 +0200] "GET / HTTP/1.1" 200 8403 shelfclauses.txt-soft.com "-" "Mozilla/5.0 (compatible; MSIE 9.0; Windows NT 6.1; Trident/5.0)" "-"
184.154.76.0 - - [23/Aug/2021:12:02:19 +0200] "GET / HTTP/1.1" 200 489 www.sensalgo.com "http://www.google.com/url?url=www.sensalgo.com&yahoo.com" "Mozilla/5.0 (compatible; MSIE 9.0; Windows NT 6.1; WOW64; Trident/6.0)" "-"
184.154.76.0 - - [23/Aug/2021:12:02:21 +0200] "GET /th1s_1s_a_4o4.html HTTP/1.1" 404 640 www.sensalgo.com "http://www.google.com/url?url=www.sensalgo.com&yahoo.com" "Mozilla/5.0 (compatible; MSIE 9.0; Windows NT 6.1; WOW64; Trident/6.0)" "-"
184.154.76.0 - - [23/Aug/2021:12:02:22 +0200] "GET /en_us/index.php HTTP/1.1" 302 2 www.sensalgo.com "http://www.google.com/url?url=www.sensalgo.com&yahoo.com" "Mozilla/5.0 (compatible; MSIE 9.0; Windows NT 6.1; WOW64; Trident/6.0)" "-"
184.154.76.0 - - [23/Aug/2021:12:02:23 +0200] "GET /index_en_us.htm HTTP/1.1" 200 647 www.sensalgo.com "-" "SiteLockSpider [en] (WinNT; I ;Nav)" "-"
184.154.76.0 - - [23/Aug/2021:12:02:24 +0200] "GET / HTTP/1.1" 200 489 www.sensalgo.com "-" "SiteLockSpider [en] (WinNT; I ;Nav)" "-"
184.154.76.0 - - [23/Aug/2021:12:02:24 +0200] "GET /de_de/email.htm HTTP/1.1" 200 6287 www.sensalgo.com "http://www.google.com/url?url=www.sensalgo.com&yahoo.com" "Mozilla/5.0 (compatible; MSIE 9.0; Windows NT 6.1; WOW64; Trident/6.0)" "-"
184.154.76.0 - - [23/Aug/2021:12:02:25 +0200] "GET /en_us/licenses.htm HTTP/1.1" 200 8991 www.sensalgo.com "-" "SiteLockSpider [en] (WinNT; I ;Nav)" "-"
184.154.76.0 - - [23/Aug/2021:12:02:27 +0200] "GET /cgi-bin/index_en_us.pl?URL=http:/www.sensalgo.com/help_files/dxmap%20help.htm HTTP/1.1" 500 1137 www.sensalgo.com "http://www.google.com/url?url=www.sensalgo.com&yahoo.com" "Mozilla/5.0 (compatible; MSIE 9.0; Windows NT 6.1; WOW64; Trident/6.0)" "-"
184.154.76.0 - - [23/Aug/2021:12:02:27 +0200] "GET /help_files/subclassing%20help.htm HTTP/1.1" 200 12323 www.sensalgo.com "http://www.google.com/url?url=www.sensalgo.com&yahoo.com" "Mozilla/5.0 (compatible; MSIE 9.0; Windows NT 6.1; WOW64; Trident/6.0)" "-"
184.154.76.0 - - [23/Aug/2021:12:02:28 +0200] "GET /en_us/gtc.htm HTTP/1.1" 200 12040 www.sensalgo.com "-" "SiteLockSpider [en] (WinNT; I ;Nav)" "-"
184.154.76.0 - - [23/Aug/2021:12:02:30 +0200] "GET /help_files/math%20help.htm HTTP/1.1" 200 35944 www.sensalgo.com "-" "SiteLockSpider [en] (WinNT; I ;Nav)" "-"
184.154.76.0 - - [23/Aug/2021:12:02:31 +0200] "GET /cgi-bin/MailLstParam.pl?=Abschicken&File=Mail_de.dat&eMail=1 HTTP/1.1" 500 1138 www.sensalgo.com "http://www.google.com/url?url=www.sensalgo.com&yahoo.com" "Mozilla/5.0 (compatible; MSIE 9.0; Windows NT 6.1; WOW64; Trident/6.0)" "-"
184.154.76.0 - - [23/Aug/2021:12:02:31 +0200] "GET /de_de/mailer-3-0.php?=Sende%20E-Mail&Email=1&Fax=1&Mail_to=message@sensalgo.com&Name=1&PMMpreview=1&Select_Interest=W%E4hlen%20Sie%20Ihr%20Anliegen&Subject=Subject&Tel=1&Text=1&clinfo=1&feedback=../cgi-bin/SaoSsi.pl?Seite=de_de/index.shtml&feedbackdelay=10000&required=Name%20Email%20Text HTTP/1.1" 200 2904 www.sensalgo.com "http://www.google.com/url?url=www.sensalgo.com&yahoo.com" "Mozilla/5.0 (compatible; MSIE 9.0; Windows NT 6.1; WOW64; Trident/6.0)" "-"
184.154.76.0 - - [23/Aug/2021:12:02:32 +0200] "GET /en_us/license%20agreement.htm HTTP/1.1" 200 6230 www.sensalgo.com "-" "SiteLockSpider [en] (WinNT; I ;Nav)" "-"
184.154.76.0 - - [23/Aug/2021:12:02:33 +0200] "GET /index_licenses.htm HTTP/1.1" 200 624 www.sensalgo.com "-" "SiteLockSpider [en] (WinNT; I ;Nav)" "-"
184.154.76.0 - - [23/Aug/2021:12:02:33 +0200] "GET /cgi-bin/SaoSsi.pl?Seite=de_de/index.shtml HTTP/1.1" 200 13122 www.sensalgo.com "http://www.google.com/url?url=www.sensalgo.com&yahoo.com" "Mozilla/5.0 (compatible; MSIE 9.0; Windows NT 6.1; WOW64; Trident/6.0)" "-"
184.154.76.0 - - [23/Aug/2021:12:02:37 +0200] "GET /en_us/downloadmodule.php?site=false&javaref=null HTTP/1.1" 200 74 www.sensalgo.com "-" "SiteLockSpider [en] (WinNT; I ;Nav)" "-"
184.154.76.0 - - [23/Aug/2021:12:02:38 +0200] "GET /downloads/dxmap_pad_file.htm HTTP/1.1" 200 3945 www.sensalgo.com "http://www.google.com/url?url=www.sensalgo.com&yahoo.com" "Mozilla/5.0 (compatible; MSIE 9.0; Windows NT 6.1; WOW64; Trident/6.0)" "-"
184.154.76.0 - - [23/Aug/2021:12:02:39 +0200] "GET /de_de/information_developer.htm HTTP/1.1" 200 10113 www.sensalgo.com "-" "SiteLockSpider [en] (WinNT; I ;Nav)" "-"
121.184.19.0 - - [23/Aug/2021:12:02:47 +0200] "GET /cgi-bin/index_en_us.pl?URL=https://www.ocn22.com HTTP/1.1" 500 614 www.sensalgo.com "http://www.sensalgo.com/" "Mozilla/5.0 (Windows NT 6.1; WOW64) AppleWebKit/537.36 (KHTML, like Gecko) Chrome/55.0.2883.96 Safari/537.36" "-"
121.184.19.0 - - [23/Aug/2021:12:02:48 +0200] "GET /cgi-bin/index_en_us.pl?URL=https://www.ocn22.com HTTP/1.1" 500 614 www.sensalgo.com "http://www.sensalgo.com/cgi-bin/index_en_us.pl?URL=https://www.ocn22.com" "Mozilla/5.0 (Windows NT 6.1; WOW64) AppleWebKit/537.36 (KHTML, like Gecko) Chrome/55.0.2883.96 Safari/537.36" "-"
82.77.245.0 - - [23/Aug/2021:12:03:02 +0200] "GET / HTTP/1.1" 200 8403 shelfclauses.txt-soft.com "-" "Mozilla/5.0 (compatible; MSIE 9.0; Windows NT 6.1; Trident/5.0)" "-"
54.36.149.0 - - [23/Aug/2021:12:05:41 +0200] "GET / HTTP/1.1" 200 489 www.sensalgo.com "-" "Mozilla/5.0 (compatible; AhrefsBot/7.0; +http://ahrefs.com/robot/)" "-"
195.201.31.0 - - [23/Aug/2021:12:06:01 +0200] "GET /cgi-bin/index_en_us.pl?URL=http%3A%2F%2Fwww.ijb.univ-lorraine.fr%2Fspip.php%3Fpage%3Drecherche%26recherche%3Dhttp%253A%252F%252Fciteres.univ-tours.fr%252Fspip.php%253Fpage%253Drecherche%2526recherche%253Dhttps%25253A%25252F%25252Fmrsk-cp.ru%25252Fbitrix%25252Frk.php%25253Fgoto%25253Dhttps%25253A%25252F%25252Fbong888.bet%25252Fvao-bong88.html%2526submit.x%253D0%2526submit.y%253D0%26submit.x%3D0%26submit.y%3D0%26lang%3Dfr HTTP/1.1" 500 614 www.sensalgo.com "-" "Mozilla/5.0 (Windows NT 10.0; Win64; x64) AppleWebKit/537.36 (KHTML, like Gecko) Chrome/66.0.3359.170 Safari/537.36 OPR/53.0.2907.99" "-"
195.201.31.0 - - [23/Aug/2021:12:06:01 +0200] "GET /cgi-bin/index_en_us.pl?URL=http%3A%2F%2Fwww.ijb.univ-lorraine.fr%2Fspip.php%3Fpage%3Drecherche%26recherche%3Dhttp%253A%252F%252Fciteres.univ-tours.fr%252Fspip.php%253Fpage%253Drecherche%2526recherche%253Dhttps%25253A%25252F%25252Fmrsk-cp.ru%25252Fbitrix%25252Frk.php%25253Fgoto%25253Dhttps%25253A%25252F%25252Fbong888.bet%25252Fvao-bong88.html%2526submit.x%253D0%2526submit.y%253D0%26submit.x%3D0%26submit.y%3D0%26lang%3Dfr HTTP/1.1" 500 614 www.sensalgo.com "-" "Mozilla/5.0 (Windows NT 10.0; Win64; x64) AppleWebKit/537.36 (KHTML, like Gecko) Chrome/66.0.3359.170 Safari/537.36 OPR/53.0.2907.99" "-"
114.119.151.0 - - [23/Aug/2021:12:07:01 +0200] "GET /cgi-bin/index_en_us.pl?URL=http%3A%2F%2Fbitly.com%2F3cMAXea%5Dauv HTTP/1.1" 500 614 www.sensalgo.com "-" "Mozilla/5.0 (Linux; Android 7.0;) AppleWebKit/537.36 (KHTML, like Gecko) Mobile Safari/537.36 (compatible; PetalBot;+https://webmaster.petalsearch.com/site/petalbot)" "-"
82.77.245.0 - - [23/Aug/2021:12:09:58 +0200] "GET / HTTP/1.1" 200 8403 shelfclauses.txt-soft.com "-" "Mozilla/5.0 (compatible; MSIE 9.0; Windows NT 6.1; Trident/5.0)" "-"
73.236.162.0 - - [23/Aug/2021:12:10:35 +0200] "GET /__media__/js/netsoltrademark.php?d=ww31.pestscontrol.com.au%2F__media__%2Fjs%2Fnetsoltrademark.php%3Fd%3Dwww.chmailorder.com%252Fproducts%252FWhat-To-Do-When-Your-Mom-or-Dad-Says-Be-Good-by-Joy-Berry%252F428993006 HTTP/1.1" 404 640 www.sensalgo.com "http://www.sensalgo.com/" "Mozilla/5.0 (Windows NT 6.1; Win64; x64; rv:47.0) Gecko/20100101 Firefox/47.0 Cyberfox/47.0.2" "-"
73.236.162.0 - - [23/Aug/2021:12:10:35 +0200] "GET /cgi-bin/index_en_us.pl?URL=http://Keeno.com/__media__/js/netsoltrademark.php?d=www.chmailorder.com%2Fproducts%2FA-Gentleman-and-a-Soldier-by-Cindy-Dees%2F429000238 HTTP/1.1" 500 614 www.sensalgo.com "http://www.sensalgo.com/__media__/js/netsoltrademark.php?d=ww31.pestscontrol.com.au%2F__media__%2Fjs%2Fnetsoltrademark.php%3Fd%3Dwww.chmailorder.com%252Fproducts%252FWhat-To-Do-When-Your-Mom-or-Dad-Says-Be-Good-by-Joy-Berry%252F428993006" "Mozilla/5.0 (Windows NT 6.1; Win64; x64; rv:47.0) Gecko/20100101 Firefox/47.0 Cyberfox/47.0.2" "-"
202.94.175.0 - - [23/Aug/2021:12:11:42 +0200] "GET /cgi-bin/index_en_us.pl?URL=http://jevois.org/qa/index.php?qa=user&qa_1=stevencocoa26 HTTP/1.1" 500 614 www.sensalgo.com "http://www.sensalgo.com/" "Mozilla/5.0 (Windows NT 6.1; WOW64) AppleWebKit/537.36 (KHTML, like Gecko) Chrome/53.0.2785.104 Safari/537.36 Core/1.53.4843.400 QQBrowser/9.7.13021.400" "-"
202.94.175.0 - - [23/Aug/2021:12:11:43 +0200] "GET /cgi-bin/index_en_us.pl?URL=https://bfl-solutions.eu HTTP/1.1" 500 614 www.sensalgo.com "http://www.sensalgo.com/cgi-bin/index_en_us.pl?URL=http://jevois.org/qa/index.php?qa=user&qa_1=stevencocoa26" "Mozilla/5.0 (Windows NT 6.1; WOW64) AppleWebKit/537.36 (KHTML, like Gecko) Chrome/53.0.2785.104 Safari/537.36 Core/1.53.4843.400 QQBrowser/9.7.13021.400" "-"
2a01:4f8:c000:: - - [23/Aug/2021:12:12:19 +0200] "GET /help_files/NI_Example.jpg HTTP/1.1" 200 28036 www.sensalgo.com "https://google.com" "Mozilla/5.0 (X11; Linux x86_64) AppleWebKit/537.36 (KHTML, like Gecko) Chrome/80.0.2227.0 Safari/537.36" "-"
2a01:4f8:c000:: - - [23/Aug/2021:12:12:44 +0200] "GET /help_files/MA_Example.jpg HTTP/1.1" 200 57267 www.sensalgo.com "https://google.com" "Mozilla/5.0 (X11; Linux x86_64) AppleWebKit/537.36 (KHTML, like Gecko) Chrome/80.0.2227.0 Safari/537.36" "-"
2a01:4f8:c000:: - - [23/Aug/2021:12:14:17 +0200] "GET /help_files/GI_Example.jpg HTTP/1.1" 200 73596 www.sensalgo.com "https://google.com" "Mozilla/5.0 (X11; Linux x86_64) AppleWebKit/537.36 (KHTML, like Gecko) Chrome/80.0.2227.0 Safari/537.36" "-"
221.158.33.0 - - [23/Aug/2021:12:14:36 +0200] "GET /cgi-bin/index_en_us.pl?URL=https://www.powerballgame365.com HTTP/1.1" 500 614 www.sensalgo.com "http://www.sensalgo.com/" "Mozilla/5.0 (Windows NT 6.1; WOW64) AppleWebKit/537.36 (KHTML, like Gecko) Chrome/53.0.2785.104 Safari/537.36 Core/1.53.4882.400 QQBrowser/9.7.13036.400" "-"
221.158.33.0 - - [23/Aug/2021:12:14:37 +0200] "GET /cgi-bin/index_en_us.pl?URL=https://b2btravel.eu HTTP/1.1" 500 614 www.sensalgo.com "http://www.sensalgo.com/cgi-bin/index_en_us.pl?URL=https://www.powerballgame365.com" "Mozilla/5.0 (Windows NT 6.1; WOW64) AppleWebKit/537.36 (KHTML, like Gecko) Chrome/53.0.2785.104 Safari/537.36 Core/1.53.4882.400 QQBrowser/9.7.13036.400" "-"
2a01:4f8:c000:: - - [23/Aug/2021:12:14:43 +0200] "GET /help_files/HD_Example.jpg HTTP/1.1" 200 41008 www.sensalgo.com "https://google.com" "Mozilla/5.0 (X11; Linux x86_64) AppleWebKit/537.36 (KHTML, like Gecko) Chrome/80.0.2227.0 Safari/537.36" "-"
2a01:4f8:c000:: - - [23/Aug/2021:12:15:13 +0200] "GET /help_files/IH_Example.jpg HTTP/1.1" 200 22329 www.sensalgo.com "https://google.com" "Mozilla/5.0 (X11; Linux x86_64) AppleWebKit/537.36 (KHTML, like Gecko) Chrome/80.0.2227.0 Safari/537.36" "-"
46.187.26.0 - - [23/Aug/2021:12:15:47 +0200] "GET /tristat2/pro2/index.php?export=pac&rand=877 HTTP/1.1" 404 640 www.sensalgo.com "-" "Mozilla/5.0 (Windows NT 10.0; WOW64; rv:45.0) Gecko/20100101 Firefox/45.0" "-"
94.242.62.0 - - [23/Aug/2021:12:17:21 +0200] "GET / HTTP/1.1" 200 489 sensalgo.com "-" "Mozilla/5.0 (Windows NT 10.0; Win64; x64) AppleWebKit/537.36 (KHTML, like Gecko) Chrome/80.0.3987.149 Safari/537.36" "-"
94.242.62.0 - - [23/Aug/2021:12:17:21 +0200] "GET / HTTP/1.1" 200 489 sensalgo.com "-" "Mozilla/5.0 (Windows NT 10.0; Win64; x64) AppleWebKit/537.36 (KHTML, like Gecko) Chrome/80.0.3987.149 Safari/537.36" "-"
94.242.62.0 - - [23/Aug/2021:12:17:22 +0200] "GET /wp-includes/wlwmanifest.xml HTTP/1.1" 404 640 sensalgo.com "-" "Mozilla/5.0 (Windows NT 10.0; Win64; x64) AppleWebKit/537.36 (KHTML, like Gecko) Chrome/80.0.3987.149 Safari/537.36" "-"
94.242.62.0 - - [23/Aug/2021:12:17:22 +0200] "GET /xmlrpc.php?rsd HTTP/1.1" 404 640 sensalgo.com "-" "Mozilla/5.0 (Windows NT 10.0; Win64; x64) AppleWebKit/537.36 (KHTML, like Gecko) Chrome/80.0.3987.149 Safari/537.36" "-"
94.242.62.0 - - [23/Aug/2021:12:17:22 +0200] "GET / HTTP/1.1" 200 489 sensalgo.com "-" "Mozilla/5.0 (Windows NT 10.0; Win64; x64) AppleWebKit/537.36 (KHTML, like Gecko) Chrome/80.0.3987.149 Safari/537.36" "-"
94.242.62.0 - - [23/Aug/2021:12:17:23 +0200] "GET /blog/wp-includes/wlwmanifest.xml HTTP/1.1" 404 640 sensalgo.com "-" "Mozilla/5.0 (Windows NT 10.0; Win64; x64) AppleWebKit/537.36 (KHTML, like Gecko) Chrome/80.0.3987.149 Safari/537.36" "-"
94.242.62.0 - - [23/Aug/2021:12:17:23 +0200] "GET /web/wp-includes/wlwmanifest.xml HTTP/1.1" 404 640 sensalgo.com "-" "Mozilla/5.0 (Windows NT 10.0; Win64; x64) AppleWebKit/537.36 (KHTML, like Gecko) Chrome/80.0.3987.149 Safari/537.36" "-"
94.242.62.0 - - [23/Aug/2021:12:17:23 +0200] "GET /wordpress/wp-includes/wlwmanifest.xml HTTP/1.1" 404 640 sensalgo.com "-" "Mozilla/5.0 (Windows NT 10.0; Win64; x64) AppleWebKit/537.36 (KHTML, like Gecko) Chrome/80.0.3987.149 Safari/537.36" "-"
94.242.62.0 - - [23/Aug/2021:12:17:24 +0200] "GET /website/wp-includes/wlwmanifest.xml HTTP/1.1" 404 640 sensalgo.com "-" "Mozilla/5.0 (Windows NT 10.0; Win64; x64) AppleWebKit/537.36 (KHTML, like Gecko) Chrome/80.0.3987.149 Safari/537.36" "-"
94.242.62.0 - - [23/Aug/2021:12:17:24 +0200] "GET /wp/wp-includes/wlwmanifest.xml HTTP/1.1" 404 640 sensalgo.com "-" "Mozilla/5.0 (Windows NT 10.0; Win64; x64) AppleWebKit/537.36 (KHTML, like Gecko) Chrome/80.0.3987.149 Safari/537.36" "-"
94.242.62.0 - - [23/Aug/2021:12:17:24 +0200] "GET /news/wp-includes/wlwmanifest.xml HTTP/1.1" 404 640 sensalgo.com "-" "Mozilla/5.0 (Windows NT 10.0; Win64; x64) AppleWebKit/537.36 (KHTML, like Gecko) Chrome/80.0.3987.149 Safari/537.36" "-"
94.242.62.0 - - [23/Aug/2021:12:17:25 +0200] "GET /2018/wp-includes/wlwmanifest.xml HTTP/1.1" 404 640 sensalgo.com "-" "Mozilla/5.0 (Windows NT 10.0; Win64; x64) AppleWebKit/537.36 (KHTML, like Gecko) Chrome/80.0.3987.149 Safari/537.36" "-"
94.242.62.0 - - [23/Aug/2021:12:17:25 +0200] "GET /2019/wp-includes/wlwmanifest.xml HTTP/1.1" 404 640 sensalgo.com "-" "Mozilla/5.0 (Windows NT 10.0; Win64; x64) AppleWebKit/537.36 (KHTML, like Gecko) Chrome/80.0.3987.149 Safari/537.36" "-"
94.242.62.0 - - [23/Aug/2021:12:17:25 +0200] "GET /shop/wp-includes/wlwmanifest.xml HTTP/1.1" 404 640 sensalgo.com "-" "Mozilla/5.0 (Windows NT 10.0; Win64; x64) AppleWebKit/537.36 (KHTML, like Gecko) Chrome/80.0.3987.149 Safari/537.36" "-"
94.242.62.0 - - [23/Aug/2021:12:17:26 +0200] "GET /wp1/wp-includes/wlwmanifest.xml HTTP/1.1" 404 640 sensalgo.com "-" "Mozilla/5.0 (Windows NT 10.0; Win64; x64) AppleWebKit/537.36 (KHTML, like Gecko) Chrome/80.0.3987.149 Safari/537.36" "-"
94.242.62.0 - - [23/Aug/2021:12:17:26 +0200] "GET /test/wp-includes/wlwmanifest.xml HTTP/1.1" 404 640 sensalgo.com "-" "Mozilla/5.0 (Windows NT 10.0; Win64; x64) AppleWebKit/537.36 (KHTML, like Gecko) Chrome/80.0.3987.149 Safari/537.36" "-"
94.242.62.0 - - [23/Aug/2021:12:17:26 +0200] "GET /media/wp-includes/wlwmanifest.xml HTTP/1.1" 404 640 sensalgo.com "-" "Mozilla/5.0 (Windows NT 10.0; Win64; x64) AppleWebKit/537.36 (KHTML, like Gecko) Chrome/80.0.3987.149 Safari/537.36" "-"
94.242.62.0 - - [23/Aug/2021:12:17:27 +0200] "GET /wp2/wp-includes/wlwmanifest.xml HTTP/1.1" 404 640 sensalgo.com "-" "Mozilla/5.0 (Windows NT 10.0; Win64; x64) AppleWebKit/537.36 (KHTML, like Gecko) Chrome/80.0.3987.149 Safari/537.36" "-"
94.242.62.0 - - [23/Aug/2021:12:17:27 +0200] "GET /site/wp-includes/wlwmanifest.xml HTTP/1.1" 404 640 sensalgo.com "-" "Mozilla/5.0 (Windows NT 10.0; Win64; x64) AppleWebKit/537.36 (KHTML, like Gecko) Chrome/80.0.3987.149 Safari/537.36" "-"
94.242.62.0 - - [23/Aug/2021:12:17:27 +0200] "GET /cms/wp-includes/wlwmanifest.xml HTTP/1.1" 404 640 sensalgo.com "-" "Mozilla/5.0 (Windows NT 10.0; Win64; x64) AppleWebKit/537.36 (KHTML, like Gecko) Chrome/80.0.3987.149 Safari/537.36" "-"
94.242.62.0 - - [23/Aug/2021:12:17:28 +0200] "GET /sito/wp-includes/wlwmanifest.xml HTTP/1.1" 404 640 sensalgo.com "-" "Mozilla/5.0 (Windows NT 10.0; Win64; x64) AppleWebKit/537.36 (KHTML, like Gecko) Chrome/80.0.3987.149 Safari/537.36" "-"
82.77.245.0 - - [23/Aug/2021:12:17:33 +0200] "GET / HTTP/1.1" 200 8403 shelfclauses.txt-soft.com "-" "Mozilla/5.0 (compatible; MSIE 9.0; Windows NT 6.1; Trident/5.0)" "-"
2600:1f14:b00:: - - [23/Aug/2021:12:17:37 +0200] "GET / HTTP/1.1" 200 8403 shelfclauses.txt-soft.com "-" "Mozilla/5.0 (Windows NT 6.1; Win64; x64) AppleWebKit/537.36 (KHTML, like Gecko) Chrome/72.0.3626.109 Safari/537.36" "-"
114.119.132.0 - - [23/Aug/2021:12:17:57 +0200] "GET /cgi-bin/index_en_us.pl?URL=https%3A%2F%2Fastursex.info%2Fv-3331444111.html HTTP/1.1" 500 614 www.sensalgo.com "-" "Mozilla/5.0 (Linux; Android 7.0;) AppleWebKit/537.36 (KHTML, like Gecko) Mobile Safari/537.36 (compatible; PetalBot;+https://webmaster.petalsearch.com/site/petalbot)" "-"
103.106.0.0 - - [23/Aug/2021:12:21:42 +0200] "GET /cgi-bin/index_en_us.pl?URL=http://get-free-instagram-likes.ampblogs.com/Top-private-instagram-viewer-Secrets-38500370 HTTP/1.1" 500 614 www.sensalgo.com "http://www.sensalgo.com/" "Mozilla/5.0 (Windows NT 6.1; WOW64) AppleWebKit/537.36 (KHTML, like Gecko) Chrome/47.0.2526.80 Safari/537.36 Core/1.47.516.400 QQBrowser/9.4.8186.400" "-"
103.106.0.0 - - [23/Aug/2021:12:21:43 +0200] "GET /cgi-bin/index_en_us.pl?URL=http://get-free-instagram-likes.ampblogs.com/Top-private-instagram-viewer-Secrets-38500370 HTTP/1.1" 500 614 www.sensalgo.com "http://www.sensalgo.com/cgi-bin/index_en_us.pl?URL=http://get-free-instagram-likes.ampblogs.com/Top-private-instagram-viewer-Secrets-38500370" "Mozilla/5.0 (Windows NT 6.1; WOW64) AppleWebKit/537.36 (KHTML, like Gecko) Chrome/47.0.2526.80 Safari/537.36 Core/1.47.516.400 QQBrowser/9.4.8186.400" "-"
114.119.140.0 - - [23/Aug/2021:12:21:55 +0200] "GET /robots.txt HTTP/1.1" 404 649 shelfclauses.txt-soft.com "-" "Mozilla/5.0 (compatible;PetalBot;+https://webmaster.petalsearch.com/site/petalbot)" "-"
149.56.43.0 - - [23/Aug/2021:12:24:28 +0200] "GET /cgi-bin/index_en_us.pl?URL=https://34q2.com/2021/08/18/harnessing-efficient-electric-power-on-nigeria-because-of-commercial-improvement/ HTTP/1.1" 500 614 www.sensalgo.com "http://www.sensalgo.com/" "Mozilla/5.0 (Windows NT 6.1; WOW64) AppleWebKit/537.36 (KHTML, like Gecko) Chrome/52.0.2743.116 YaBrowser/16.9.1.1131 Yowser/2.5 Safari/537.36" "-"
82.77.245.0 - - [23/Aug/2021:12:24:30 +0200] "GET / HTTP/1.1" 200 8403 shelfclauses.txt-soft.com "-" "Mozilla/5.0 (compatible; MSIE 9.0; Windows NT 6.1; Trident/5.0)" "-"
149.56.43.0 - - [23/Aug/2021:12:24:33 +0200] "GET /cgi-bin/index_en_us.pl?URL=https://autorouteplanner.eu HTTP/1.1" 500 614 www.sensalgo.com "http://www.sensalgo.com/cgi-bin/index_en_us.pl?URL=https://34q2.com/2021/08/18/harnessing-efficient-electric-power-on-nigeria-because-of-commercial-improvement/" "Mozilla/5.0 (Windows NT 6.1; WOW64) AppleWebKit/537.36 (KHTML, like Gecko) Chrome/52.0.2743.116 YaBrowser/16.9.1.1131 Yowser/2.5 Safari/537.36" "-"
43.230.63.0 - - [23/Aug/2021:12:27:04 +0200] "GET /cgi-bin/index_en_us.pl?URL=http://188.166.234.137/category/prediksi-togel-singapore/ HTTP/1.1" 500 614 www.sensalgo.com "http://www.sensalgo.com/" "Mozilla/5.0 (Windows NT 6.1; WOW64) AppleWebKit/537.36 (KHTML, like Gecko) Chrome/55.0.2883.75 Safari/537.36 Maxthon/5.1.5.2000" "-"
66.249.66.0 - - [23/Aug/2021:12:27:22 +0200] "GET /robots.txt HTTP/1.1" 404 640 txt-soft.com "-" "Mozilla/5.0 (compatible; Googlebot/2.1; +http://www.google.com/bot.html)" "-"
66.249.66.0 - - [23/Aug/2021:12:27:22 +0200] "GET / HTTP/1.1" 200 1689 txt-soft.com "-" "Mozilla/5.0 (compatible; Googlebot/2.1; +http://www.google.com/bot.html)" "-"
114.119.137.0 - - [23/Aug/2021:12:28:21 +0200] "GET /cgi-bin/index_en_us.pl?URL=https%3A%2F%2Fallahouakbar.eu HTTP/1.1" 500 614 www.sensalgo.com "-" "Mozilla/5.0 (Linux; Android 7.0;) AppleWebKit/537.36 (KHTML, like Gecko) Mobile Safari/537.36 (compatible; PetalBot;+https://webmaster.petalsearch.com/site/petalbot)" "-"
207.53.234.0 - - [23/Aug/2021:12:28:44 +0200] "GET /help_files/HD_Example.jpg HTTP/1.1" 200 41008 www.sensalgo.com "-" "Mozilla/5.0 (X11; Ubuntu; Linux x86_64; rv:72.0) Gecko/20100101 Firefox/72.0" "-"
82.77.245.0 - - [23/Aug/2021:12:31:51 +0200] "GET / HTTP/1.1" 200 8403 shelfclauses.txt-soft.com "-" "Mozilla/5.0 (compatible; MSIE 9.0; Windows NT 6.1; Trident/5.0)" "-"
64.77.16.0 - - [23/Aug/2021:12:33:33 +0200] "GET / HTTP/1.1" 200 6942 mbfxwords.txt-soft.com "-" "Mozilla/5.0 (Windows NT 10.0; Win64; x64) AppleWebKit/537.36 (KHTML, like Gecko) Chrome/74.0.3729.131 Safari/537.36" "-"
64.77.16.0 - - [23/Aug/2021:12:33:36 +0200] "GET / HTTP/1.1" 200 8403 shelfclauses.txt-soft.com "-" "Mozilla/5.0 (Windows NT 10.0; Win64; x64) AppleWebKit/537.36 (KHTML, like Gecko) Chrome/74.0.3729.131 Safari/537.36" "-"
210.99.181.0 - - [23/Aug/2021:12:36:35 +0200] "GET /cgi-bin/index_en_us.pl?URL=https://toygirl.co.kr HTTP/1.1" 500 614 www.sensalgo.com "http://www.sensalgo.com/cgi-bin/index_en_us.pl?URL=https://toygirl.co.kr" "Mozilla/5.0 (Windows NT 6.1; Win64; x64; rv:61.0) Gecko/20100101 Firefox/61.0" "-"
149.56.43.0 - - [23/Aug/2021:12:36:59 +0200] "GET /cgi-bin/index_en_us.pl?URL=https://autorouteplanner.eu HTTP/1.1" 500 614 www.sensalgo.com "-" "Mozilla/5.0 (Macintosh; Intel Mac OS X 10_12_4) AppleWebKit/537.36 (KHTML, like Gecko) Chrome/66.0.3359.181 Safari/537.36" "-"
82.77.245.0 - - [23/Aug/2021:12:37:14 +0200] "GET / HTTP/1.1" 200 8403 shelfclauses.txt-soft.com "-" "Mozilla/5.0 (compatible; MSIE 9.0; Windows NT 6.1; Trident/5.0)" "-"
23.95.3.0 - - [23/Aug/2021:12:39:00 +0200] "GET /cgi-bin/index_en_us.pl?URL=https://www.vegas-valley.com%2Fannouncements.html HTTP/1.1" 500 614 www.sensalgo.com "http://www.sensalgo.com/" "Mozilla/5.0 (X11; Linux x86_64) AppleWebKit/537.36 (KHTML, like Gecko) Chrome/58.0.3029.110 Safari/537.36" "-"
23.95.3.0 - - [23/Aug/2021:12:39:01 +0200] "GET /cgi-bin/index_en_us.pl?URL=https://medium.com%2F%40tinapena8 HTTP/1.1" 500 614 www.sensalgo.com "http://www.sensalgo.com/cgi-bin/index_en_us.pl?URL=https://www.vegas-valley.com%2Fannouncements.html" "Mozilla/5.0 (X11; Linux x86_64) AppleWebKit/537.36 (KHTML, like Gecko) Chrome/58.0.3029.110 Safari/537.36" "-"
114.119.151.0 - - [23/Aug/2021:12:39:19 +0200] "GET /cgi-bin/index_en_us.pl?URL=https%3A%2F%2Frubsex.xyz%2Fsexy%2F1238.html HTTP/1.1" 500 614 www.sensalgo.com "-" "Mozilla/5.0 (Linux; Android 7.0;) AppleWebKit/537.36 (KHTML, like Gecko) Mobile Safari/537.36 (compatible; PetalBot;+https://webmaster.petalsearch.com/site/petalbot)" "-"
87.121.171.0 - - [23/Aug/2021:12:42:54 +0200] "GET /tristat2/pro2/index.php?export=pac&rand=877 HTTP/1.1" 404 640 www.sensalgo.com "-" "Mozilla/5.0 (Windows NT 6.1; WOW64) AppleWebKit/537.36 (KHTML, like Gecko) Chrome/40.0.2214.111 Safari/537.36" "-"
82.77.245.0 - - [23/Aug/2021:12:44:04 +0200] "GET / HTTP/1.1" 200 8403 shelfclauses.txt-soft.com "-" "Mozilla/5.0 (compatible; MSIE 9.0; Windows NT 6.1; Trident/5.0)" "-"
5.188.48.0 - - [23/Aug/2021:12:50:05 +0200] "GET /cgi-bin/index_en_us.pl?url=http://www.corporacioneg.com/userprofile/tabid/43/userid/7046918/default.aspx HTTP/1.1" 500 614 www.sensalgo.com "http://www.sensalgo.com/cgi-bin/index_en_us.pl?url=http://www.corporacioneg.com/userprofile/tabid/43/userid/7046918/default.aspx" "Mozilla/5.0 (Windows NT 10.0) AppleWebKit/537.36 (KHTML, like Gecko) Chrome/90.0.4430.85 Safari/537.36" "-"
5.188.48.0 - - [23/Aug/2021:12:50:05 +0200] "GET / HTTP/1.1" 200 489 www.sensalgo.com "http://www.sensalgo.com/" "Mozilla/5.0 (Windows NT 10.0) AppleWebKit/537.36 (KHTML, like Gecko) Chrome/90.0.4430.85 Safari/537.36" "-"
114.119.151.0 - - [23/Aug/2021:12:50:08 +0200] "GET /cgi-bin/index_en_us.pl?URL=https%3A%2F%2Fjavplay.me HTTP/1.1" 500 614 www.sensalgo.com "-" "Mozilla/5.0 (Linux; Android 7.0;) AppleWebKit/537.36 (KHTML, like Gecko) Mobile Safari/537.36 (compatible; PetalBot;+https://webmaster.petalsearch.com/site/petalbot)" "-"
82.77.245.0 - - [23/Aug/2021:12:51:17 +0200] "GET / HTTP/1.1" 200 8403 shelfclauses.txt-soft.com "-" "Mozilla/5.0 (compatible; MSIE 9.0; Windows NT 6.1; Trident/5.0)" "-"
107.173.1.0 - - [23/Aug/2021:12:55:23 +0200] "GET /cgi-bin/index_en_us.pl?URL=https://independent.academia.edu/RubenDavenport9 HTTP/1.1" 500 614 www.sensalgo.com "http://www.sensalgo.com/" "Mozilla/5.0 (Windows NT 6.1) AppleWebKit/537.36 (KHTML, like Gecko) Chrome/67.0.3396.79 Safari/537.36" "-"
107.173.1.0 - - [23/Aug/2021:12:55:24 +0200] "GET /cgi-bin/index_en_us.pl?URL=http://studyroom.co.za/index.php?qa=user&qa_1=mcdonough92duffy HTTP/1.1" 500 614 www.sensalgo.com "http://www.sensalgo.com/cgi-bin/index_en_us.pl?URL=https://independent.academia.edu/RubenDavenport9" "Mozilla/5.0 (Windows NT 6.1) AppleWebKit/537.36 (KHTML, like Gecko) Chrome/67.0.3396.79 Safari/537.36" "-"
82.77.245.0 - - [23/Aug/2021:12:58:21 +0200] "GET / HTTP/1.1" 200 8403 shelfclauses.txt-soft.com "-" "Mozilla/5.0 (compatible; MSIE 9.0; Windows NT 6.1; Trident/5.0)" "-"
114.119.129.0 - - [23/Aug/2021:13:00:27 +0200] "GET /cgi-bin/index_en_us.pl?URL=https%3A%2F%2Falessandrobaglioni.eu HTTP/1.1" 500 614 www.sensalgo.com "-" "Mozilla/5.0 (Linux; Android 7.0;) AppleWebKit/537.36 (KHTML, like Gecko) Mobile Safari/537.36 (compatible; PetalBot;+https://webmaster.petalsearch.com/site/petalbot)" "-"
49.7.20.0 - - [23/Aug/2021:13:02:41 +0200] "GET / HTTP/1.1" 200 489 www.sensalgo.com "-" "Sogou web spider/4.0(+http://www.sogou.com/docs/help/webmasters.htm#07)" "-"
113.181.68.0 - - [23/Aug/2021:13:03:44 +0200] "GET /cgi-bin/index_en_us.pl?URL=http%3A%2F%2Fprobeadshop.com%2F__media__%2Fjs%2Fnetsoltrademark.php%3Fd%3Ditsporn.org HTTP/1.1" 500 614 www.sensalgo.com "-" "Mozilla/5.0 (Windows NT 10.0; Win64; x64) AppleWebKit/537.36 (KHTML, like Gecko) Chrome/66.0.3359.170 Safari/537.36 OPR/53.0.2907.99" "-"
113.181.68.0 - - [23/Aug/2021:13:03:44 +0200] "GET /cgi-bin/index_en_us.pl?URL=http%3A%2F%2Fprobeadshop.com%2F__media__%2Fjs%2Fnetsoltrademark.php%3Fd%3Ditsporn.org HTTP/1.1" 500 614 www.sensalgo.com "-" "Mozilla/5.0 (Windows NT 10.0; Win64; x64) AppleWebKit/537.36 (KHTML, like Gecko) Chrome/66.0.3359.170 Safari/537.36 OPR/53.0.2907.99" "-"
18.203.253.0 - - [23/Aug/2021:13:06:01 +0200] "GET / HTTP/1.1" 200 489 sensalgo.com "-" "Mozilla/5.0 (Macintosh; Intel Mac OS X 10.15; rv:81.0) Gecko/20100101 Firefox/81.0" "-"
23.83.93.0 - - [23/Aug/2021:13:06:46 +0200] "GET /cgi-bin/index_en_us.pl?url=https://jokerslotvip.net/ HTTP/1.1" 500 614 www.sensalgo.com "http://www.sensalgo.com/" "Mozilla/5.0 (Windows NT 6.1; Win64; x64) AppleWebKit/537.36 (KHTML, like Gecko) Chrome/67.0.3396.87 Safari/537.36,gzip(gfe)" "-"
