74.117.179.0 - - [23/Aug/2021:16:08:02 +0200] "GET /cgi-bin/index_en_us.pl?URL=http://www.sensalgo.com/help_files/carrent%20help.htm HTTP/1.1" 500 614 www.sensalgo.com "-" "-" "-"
74.117.179.0 - - [23/Aug/2021:16:08:03 +0200] "GET /cgi-bin/index_en_us.pl?URL=http://www.sensalgo.com/help_files/dxmap%20help.htm HTTP/1.1" 500 614 www.sensalgo.com "-" "Mozilla/5.0 (Macintosh; Intel Mac OS X 10.6; rv:9.0) Gecko/20100101 Firefox/9.0" "-"
74.117.179.0 - - [23/Aug/2021:16:08:03 +0200] "GET /cgi-bin/index_en_us.pl?URL=http://www.sensalgo.com/help_files/dxmap%20help.htm HTTP/1.1" 500 614 www.sensalgo.com "-" "-" "-"
74.117.179.0 - - [23/Aug/2021:16:08:04 +0200] "GET /cgi-bin/index_en_us.pl?URL=http://www.sensalgo.com/help_files/flexibledb%20help.htm HTTP/1.1" 500 614 www.sensalgo.com "-" "Mozilla/5.0 (Macintosh; Intel Mac OS X 10.6; rv:9.0) Gecko/20100101 Firefox/9.0" "-"
74.117.179.0 - - [23/Aug/2021:16:08:04 +0200] "GET /cgi-bin/index_en_us.pl?URL=http://www.sensalgo.com/help_files/flexibledb%20help.htm HTTP/1.1" 500 614 www.sensalgo.com "-" "-" "-"
74.117.179.0 - - [23/Aug/2021:16:08:04 +0200] "GET /cgi-bin/index_en_us.pl?URL=http://www.sensalgo.com/help_files/graphinquire%20help.htm HTTP/1.1" 500 614 www.sensalgo.com "-" "Mozilla/5.0 (Macintosh; Intel Mac OS X 10.6; rv:9.0) Gecko/20100101 Firefox/9.0" "-"
74.117.179.0 - - [23/Aug/2021:16:08:05 +0200] "GET /cgi-bin/index_en_us.pl?URL=http://www.sensalgo.com/help_files/graphinquire%20help.htm HTTP/1.1" 500 614 www.sensalgo.com "-" "-" "-"
74.117.179.0 - - [23/Aug/2021:16:08:05 +0200] "GET /cgi-bin/index_en_us.pl?URL=http://www.sensalgo.com/help_files/holiday%20help.htm HTTP/1.1" 500 614 www.sensalgo.com "-" "Mozilla/5.0 (Macintosh; Intel Mac OS X 10.6; rv:9.0) Gecko/20100101 Firefox/9.0" "-"
74.117.179.0 - - [23/Aug/2021:16:08:06 +0200] "GET /cgi-bin/index_en_us.pl?URL=http://www.sensalgo.com/help_files/holiday%20help.htm HTTP/1.1" 500 614 www.sensalgo.com "-" "-" "-"
74.117.179.0 - - [23/Aug/2021:16:08:06 +0200] "GET /cgi-bin/index_en_us.pl?URL=http://www.sensalgo.com/help_files/instanthelp%20help.htm HTTP/1.1" 500 614 www.sensalgo.com "-" "Mozilla/5.0 (Macintosh; Intel Mac OS X 10.6; rv:9.0) Gecko/20100101 Firefox/9.0" "-"
74.117.179.0 - - [23/Aug/2021:16:08:06 +0200] "GET /cgi-bin/index_en_us.pl?URL=http://www.sensalgo.com/help_files/instanthelp%20help.htm HTTP/1.1" 500 614 www.sensalgo.com "-" "-" "-"
74.117.179.0 - - [23/Aug/2021:16:08:07 +0200] "GET /cgi-bin/index_en_us.pl?URL=http://www.sensalgo.com/help_files/math%20help.htm HTTP/1.1" 500 614 www.sensalgo.com "-" "Mozilla/5.0 (Macintosh; Intel Mac OS X 10.6; rv:9.0) Gecko/20100101 Firefox/9.0" "-"
74.117.179.0 - - [23/Aug/2021:16:08:07 +0200] "GET /cgi-bin/index_en_us.pl?URL=http://www.sensalgo.com/help_files/math%20help.htm HTTP/1.1" 500 614 www.sensalgo.com "-" "-" "-"
74.117.179.0 - - [23/Aug/2021:16:08:08 +0200] "GET /cgi-bin/index_en_us.pl?URL=http://www.sensalgo.com/help_files/matrixshow%20help.htm HTTP/1.1" 500 614 www.sensalgo.com "-" "Mozilla/5.0 (Macintosh; Intel Mac OS X 10.6; rv:9.0) Gecko/20100101 Firefox/9.0" "-"
74.117.179.0 - - [23/Aug/2021:16:08:08 +0200] "GET /cgi-bin/index_en_us.pl?URL=http://www.sensalgo.com/help_files/matrixshow%20help.htm HTTP/1.1" 500 614 www.sensalgo.com "-" "-" "-"
74.117.179.0 - - [23/Aug/2021:16:08:08 +0200] "GET /cgi-bin/index_en_us.pl?URL=http://www.sensalgo.com/help_files/numberinput%20help.htm HTTP/1.1" 500 614 www.sensalgo.com "-" "Mozilla/5.0 (Macintosh; Intel Mac OS X 10.6; rv:9.0) Gecko/20100101 Firefox/9.0" "-"
74.117.179.0 - - [23/Aug/2021:16:08:09 +0200] "GET /cgi-bin/index_en_us.pl?URL=http://www.sensalgo.com/help_files/numberinput%20help.htm HTTP/1.1" 500 614 www.sensalgo.com "-" "-" "-"
74.117.179.0 - - [23/Aug/2021:16:08:09 +0200] "GET /cgi-bin/index_en_us.pl?URL=http://www.sensalgo.com/help_files/sencopy%20help.htm HTTP/1.1" 500 614 www.sensalgo.com "-" "Mozilla/5.0 (Macintosh; Intel Mac OS X 10.6; rv:9.0) Gecko/20100101 Firefox/9.0" "-"
74.117.179.0 - - [23/Aug/2021:16:08:10 +0200] "GET /cgi-bin/index_en_us.pl?URL=http://www.sensalgo.com/help_files/sencopy%20help.htm HTTP/1.1" 500 614 www.sensalgo.com "-" "-" "-"
74.117.179.0 - - [23/Aug/2021:16:08:10 +0200] "GET /cgi-bin/index_en_us.pl?URL=http://www.sensalgo.com/help_files/statistics%20help.htm HTTP/1.1" 500 614 www.sensalgo.com "-" "Mozilla/5.0 (Macintosh; Intel Mac OS X 10.6; rv:9.0) Gecko/20100101 Firefox/9.0" "-"
74.117.179.0 - - [23/Aug/2021:16:08:10 +0200] "GET /cgi-bin/index_en_us.pl?URL=http://www.sensalgo.com/help_files/statistics%20help.htm HTTP/1.1" 500 614 www.sensalgo.com "-" "-" "-"
74.117.179.0 - - [23/Aug/2021:16:08:11 +0200] "GET /cgi-bin/index_en_us.pl?URL=http://www.sensalgo.com/help_files/subclassing%20help.htm HTTP/1.1" 500 614 www.sensalgo.com "-" "Mozilla/5.0 (Macintosh; Intel Mac OS X 10.6; rv:9.0) Gecko/20100101 Firefox/9.0" "-"
74.117.179.0 - - [23/Aug/2021:16:08:11 +0200] "GET /cgi-bin/index_en_us.pl?URL=http://www.sensalgo.com/help_files/subclassing%20help.htm HTTP/1.1" 500 614 www.sensalgo.com "-" "-" "-"
82.77.245.0 - - [23/Aug/2021:16:10:36 +0200] "GET / HTTP/1.1" 200 8403 shelfclauses.txt-soft.com "-" "Mozilla/5.0 (compatible; MSIE 9.0; Windows NT 6.1; Trident/5.0)" "-"
64.77.16.0 - - [23/Aug/2021:16:12:26 +0200] "GET /downloads/flexibledb_pad_file.xml HTTP/1.1" 200 13713 www.sensalgo.com "-" "Mozilla/5.0 (Windows NT 10.0; Win64; x64) AppleWebKit/537.36 (KHTML, like Gecko) Chrome/64.0.3278.0 Safari/537.36" "-"
64.77.16.0 - - [23/Aug/2021:16:12:26 +0200] "GET /downloads/flexibledb_pad_file.xml HTTP/1.1" 200 13713 www.sensalgo.com "-" "Mozilla/5.0 (Windows NT 10.0; Win64; x64) AppleWebKit/537.36 (KHTML, like Gecko) Chrome/64.0.3278.0 Safari/537.36" "-"
82.77.245.0 - - [23/Aug/2021:16:15:43 +0200] "GET / HTTP/1.1" 200 8403 shelfclauses.txt-soft.com "-" "Mozilla/5.0 (compatible; MSIE 9.0; Windows NT 6.1; Trident/5.0)" "-"
114.119.151.0 - - [23/Aug/2021:16:15:45 +0200] "GET /cgi-bin/index_en_us.pl?URL=http%3A%2F%2Fdesarrolloyrecursos.org%2Fcontent%2Fdg-aliceirelandgawabcom-21112019-1650 HTTP/1.1" 500 614 www.sensalgo.com "-" "Mozilla/5.0 (Linux; Android 7.0;) AppleWebKit/537.36 (KHTML, like Gecko) Mobile Safari/537.36 (compatible; PetalBot;+https://webmaster.petalsearch.com/site/petalbot)" "-"
92.118.160.0 - - [23/Aug/2021:16:19:06 +0200] "GET / HTTP/1.1" 200 6942 mbfxwords.txt-soft.com "-" "NetSystemsResearch studies the availability of various services across the internet. Our website is netsystemsresearch.com" "-"
2600:1f18:6500:: - - [23/Aug/2021:16:20:08 +0200] "GET / HTTP/1.1" 200 8403 shelfclauses.txt-soft.com "-" "Mozilla/5.0 (Windows NT 6.1; Win64; x64) AppleWebKit/537.36 (KHTML, like Gecko) Chrome/72.0.3626.109 Safari/537.36" "-"
46.187.26.0 - - [23/Aug/2021:16:21:17 +0200] "GET /tristat2/pro2/index.php?export=pac&rand=877 HTTP/1.1" 404 640 www.sensalgo.com "-" "Mozilla/5.0 (Windows NT 10.0; WOW64; rv:45.0) Gecko/20100101 Firefox/45.0" "-"
82.77.245.0 - - [23/Aug/2021:16:23:11 +0200] "GET / HTTP/1.1" 200 8403 shelfclauses.txt-soft.com "-" "Mozilla/5.0 (compatible; MSIE 9.0; Windows NT 6.1; Trident/5.0)" "-"
157.55.39.0 - - [23/Aug/2021:16:24:17 +0200] "GET / HTTP/1.1" 200 8403 shelfclauses.txt-soft.com "-" "Mozilla/5.0 (compatible; bingbot/2.0; +http://www.bing.com/bingbot.htm)" "-"
82.77.245.0 - - [23/Aug/2021:16:26:03 +0200] "GET / HTTP/1.1" 200 8403 shelfclauses.txt-soft.com "-" "Mozilla/5.0 (compatible; MSIE 9.0; Windows NT 6.1; Trident/5.0)" "-"
114.119.151.0 - - [23/Aug/2021:16:26:28 +0200] "GET /cgi-bin/index_en_us.pl?URL=https%3A%2F%2Fcessex.xyz%2Fold%2F4406.html HTTP/1.1" 500 614 www.sensalgo.com "-" "Mozilla/5.0 (Linux; Android 7.0;) AppleWebKit/537.36 (KHTML, like Gecko) Mobile Safari/537.36 (compatible; PetalBot;+https://webmaster.petalsearch.com/site/petalbot)" "-"
82.77.245.0 - - [23/Aug/2021:16:29:14 +0200] "GET / HTTP/1.1" 200 8403 shelfclauses.txt-soft.com "-" "Mozilla/5.0 (compatible; MSIE 9.0; Windows NT 6.1; Trident/5.0)" "-"
62.175.182.0 - - [23/Aug/2021:16:30:39 +0200] "GET /cgi-bin/index_en_us.pl?URL=https://link.forex.pm/t544Wy HTTP/1.1" 500 614 www.sensalgo.com "http://www.sensalgo.com/" "Mozilla/5.0 (Windows NT 6.1; WOW64) AppleWebKit/537.36 (KHTML, like Gecko) Chrome/66.0.3359.139 Safari/537.36" "-"
62.175.182.0 - - [23/Aug/2021:16:30:41 +0200] "GET /cgi-bin/index_en_us.pl?URL=https://link.forex.pm/CBEf3K HTTP/1.1" 500 614 www.sensalgo.com "http://www.sensalgo.com/cgi-bin/index_en_us.pl?URL=https://link.forex.pm/t544Wy" "Mozilla/5.0 (Windows NT 6.1; WOW64) AppleWebKit/537.36 (KHTML, like Gecko) Chrome/66.0.3359.139 Safari/537.36" "-"
64.77.16.0 - - [23/Aug/2021:16:32:37 +0200] "GET / HTTP/1.1" 200 6942 mbfxwords.txt-soft.com "-" "Mozilla/5.0 (Windows NT 10.0; Win64; x64) AppleWebKit/537.36 (KHTML, like Gecko) Chrome/74.0.3729.131 Safari/537.36" "-"
64.77.16.0 - - [23/Aug/2021:16:32:38 +0200] "GET / HTTP/1.1" 200 8403 shelfclauses.txt-soft.com "-" "Mozilla/5.0 (Windows NT 10.0; Win64; x64) AppleWebKit/537.36 (KHTML, like Gecko) Chrome/74.0.3729.131 Safari/537.36" "-"
82.77.245.0 - - [23/Aug/2021:16:34:40 +0200] "GET / HTTP/1.1" 200 8403 shelfclauses.txt-soft.com "-" "Mozilla/5.0 (compatible; MSIE 9.0; Windows NT 6.1; Trident/5.0)" "-"
114.119.139.0 - - [23/Aug/2021:16:36:53 +0200] "GET /cgi-bin/index_en_us.pl?URL=https%3A%2F%2Fadamix.eu HTTP/1.1" 500 614 www.sensalgo.com "-" "Mozilla/5.0 (Linux; Android 7.0;) AppleWebKit/537.36 (KHTML, like Gecko) Mobile Safari/537.36 (compatible; PetalBot;+https://webmaster.petalsearch.com/site/petalbot)" "-"
5.255.253.0 - - [23/Aug/2021:16:36:55 +0200] "GET /robots.txt HTTP/1.1" 404 640 sensalgo.com "-" "Mozilla/5.0 (compatible; YandexBot/3.0; +http://yandex.com/bots)" "-"
213.180.203.0 - - [23/Aug/2021:16:36:58 +0200] "GET /cgi-bin/index_en_us.pl?URL=https://xnxx2.info/tag-sleeping-mom-fucks-son-1 HTTP/1.1" 500 614 sensalgo.com "-" "Mozilla/5.0 (compatible; YandexBot/3.0; +http://yandex.com/bots)" "-"
185.191.171.0 - - [23/Aug/2021:16:37:52 +0200] "GET /robots.txt HTTP/1.1" 404 640 www.sensalgo.com "-" "Mozilla/5.0 (compatible; SemrushBot/7~bl; +http://www.semrush.com/bot.html)" "-"
185.191.171.0 - - [23/Aug/2021:16:37:52 +0200] "GET /drktb/dissneu/downloadindex/index-wea.php HTTP/1.1" 404 640 www.sensalgo.com "-" "Mozilla/5.0 (compatible; SemrushBot/7~bl; +http://www.semrush.com/bot.html)" "-"
47.204.244.0 - - [23/Aug/2021:16:38:00 +0200] "GET /cgi-bin/index_en_us.pl?url=https://www.generent.ru/bitrix/rk.php?goto=https://topseller.website/blog/attachment/9957/ HTTP/1.1" 500 614 www.sensalgo.com "http://www.sensalgo.com/" "Mozilla/5.0 (Windows NT 6.1; WOW64) AppleWebKit/537.36 (KHTML, like Gecko) Chrome/47.0.2526.80 Safari/537.36 Core/1.47.516.400 QQBrowser/9.4.8186.400" "-"
47.204.244.0 - - [23/Aug/2021:16:38:00 +0200] "GET /cgi-bin/index_en_us.pl?url=http://vshk.ru.ridder.co/url/go/?url=http://mineralssupplements.tube/testoryze-male-enhancement-reviews-1-most-powerful-testosterone-booster-pills-does-it-works/ HTTP/1.1" 500 614 www.sensalgo.com "http://www.sensalgo.com/cgi-bin/index_en_us.pl?url=https://www.generent.ru/bitrix/rk.php?goto=https://topseller.website/blog/attachment/9957/" "Mozilla/5.0 (Windows NT 6.1; WOW64) AppleWebKit/537.36 (KHTML, like Gecko) Chrome/47.0.2526.80 Safari/537.36 Core/1.47.516.400 QQBrowser/9.4.8186.400" "-"
47.204.244.0 - - [23/Aug/2021:16:38:01 +0200] "GET /cgi-bin/index_en_us.pl?url=https://www.generent.ru/bitrix/rk.php%3Fgoto=https://topseller.website/blog/attachment/9957/ HTTP/1.1" 500 614 www.sensalgo.com "http://www.sensalgo.com/" "Mozilla/5.0 (Windows NT 6.1; WOW64) AppleWebKit/537.36 (KHTML, like Gecko) Chrome/47.0.2526.80 Safari/537.36 Core/1.47.516.400 QQBrowser/9.4.8186.400" "-"
82.77.245.0 - - [23/Aug/2021:16:39:45 +0200] "GET / HTTP/1.1" 200 8403 shelfclauses.txt-soft.com "-" "Mozilla/5.0 (compatible; MSIE 9.0; Windows NT 6.1; Trident/5.0)" "-"
23.250.45.0 - - [23/Aug/2021:16:40:36 +0200] "GET /cgi-bin/index_en_us.pl?URL=https://www.vegas-valley.com%2Fannouncements.html HTTP/1.1" 500 614 www.sensalgo.com "http://www.sensalgo.com/" "Mozilla/5.0 (Windows NT 10.0; Win64; x64) AppleWebKit/537.36 (KHTML, like Gecko) Chrome/59.0.3071.115 Safari/537.36" "-"
23.250.45.0 - - [23/Aug/2021:16:40:37 +0200] "GET /cgi-bin/index_en_us.pl?URL=https://baltimore-cremation-services.business.site HTTP/1.1" 500 614 www.sensalgo.com "http://www.sensalgo.com/cgi-bin/index_en_us.pl?URL=https://www.vegas-valley.com%2Fannouncements.html" "Mozilla/5.0 (Windows NT 10.0; Win64; x64) AppleWebKit/537.36 (KHTML, like Gecko) Chrome/59.0.3071.115 Safari/537.36" "-"
162.250.175.0 - - [23/Aug/2021:16:41:19 +0200] "GET /downloads/carrent_pad_file.xml HTTP/1.1" 200 14239 www.sensalgo.com "-" "Mozilla/5.0" "-"
180.241.46.0 - - [23/Aug/2021:16:41:37 +0200] "GET /cgi-bin/index_en_us.pl?URL=http://monitor.bravesite.ru/user/q7ggeee800 HTTP/1.1" 500 614 www.sensalgo.com "http://www.sensalgo.com/" "Mozilla/5.0 (Windows NT 6.1; rv:57.0) Gecko/20100101 Firefox/A46D" "-"
180.241.46.0 - - [23/Aug/2021:16:41:38 +0200] "GET /cgi-bin/index_en_us.pl?URL=http://ounb.lutsk.ua/user/g7jzgds339 HTTP/1.1" 500 614 www.sensalgo.com "http://www.sensalgo.com/cgi-bin/index_en_us.pl?URL=http://monitor.bravesite.ru/user/q7ggeee800" "Mozilla/5.0 (Windows NT 6.1; rv:57.0) Gecko/20100101 Firefox/A46D" "-"
31.11.34.0 - - [23/Aug/2021:16:42:29 +0200] "GET /downloads/mbFXWords-pad.xml HTTP/1.1" 200 14094 mbfxwords.txt-soft.com "-" "Mozilla/4.0 (compatible; MSIE 6.0; Windows NT 5.0; en-US; .NET CLR 1.0.3328)" "-"
162.250.175.0 - - [23/Aug/2021:16:44:20 +0200] "GET /downloads/dxmap_pad_file.xml HTTP/1.1" 200 15688 www.sensalgo.com "-" "Mozilla/5.0" "-"
162.250.175.0 - - [23/Aug/2021:16:45:17 +0200] "GET /downloads/flexibledb_pad_file.xml HTTP/1.1" 200 13713 www.sensalgo.com "-" "Mozilla/5.0" "-"
82.77.245.0 - - [23/Aug/2021:16:46:42 +0200] "GET / HTTP/1.1" 200 8403 shelfclauses.txt-soft.com "-" "Mozilla/5.0 (compatible; MSIE 9.0; Windows NT 6.1; Trident/5.0)" "-"
162.250.175.0 - - [23/Aug/2021:16:46:51 +0200] "GET /downloads/graphinquire_pad_file.xml HTTP/1.1" 200 15095 www.sensalgo.com "-" "Mozilla/5.0" "-"
114.119.151.0 - - [23/Aug/2021:16:47:26 +0200] "GET /cgi-bin/index_en_us.pl?URL=https%3A%2F%2Fblysex.com%2Fbabes%2F83529-blonde-babe-in-cute-uniform-charlie.php HTTP/1.1" 500 614 www.sensalgo.com "-" "Mozilla/5.0 (Linux; Android 7.0;) AppleWebKit/537.36 (KHTML, like Gecko) Mobile Safari/537.36 (compatible; PetalBot;+https://webmaster.petalsearch.com/site/petalbot)" "-"
162.250.175.0 - - [23/Aug/2021:16:47:34 +0200] "GET /downloads/holiday_pad_file.xml HTTP/1.1" 200 14850 www.sensalgo.com "-" "Mozilla/5.0" "-"
199.247.20.0 - - [23/Aug/2021:16:48:10 +0200] "GET /cgi-bin/index_en_us.pl?URL=https://www.hemoroid.co HTTP/1.1" 500 614 www.sensalgo.com "http://www.sensalgo.com/" "Mozilla/5.0 (Windows NT 6.1; Win64; x64) AppleWebKit/537.36 (KHTML, like Gecko) Chrome/66.0.3359.170 Safari/537.36 OPR/53.0.2907.99" "-"
199.247.20.0 - - [23/Aug/2021:16:48:10 +0200] "GET /cgi-bin/index_en_us.pl?URL=https://www.memekanseri.site HTTP/1.1" 500 614 www.sensalgo.com "http://www.sensalgo.com/cgi-bin/index_en_us.pl?URL=https://www.hemoroid.co" "Mozilla/5.0 (Windows NT 6.1; Win64; x64) AppleWebKit/537.36 (KHTML, like Gecko) Chrome/66.0.3359.170 Safari/537.36 OPR/53.0.2907.99" "-"
162.250.175.0 - - [23/Aug/2021:16:48:24 +0200] "GET /downloads/instanthelp_pad_file.xml HTTP/1.1" 200 15020 www.sensalgo.com "-" "Mozilla/5.0" "-"
162.250.175.0 - - [23/Aug/2021:16:51:06 +0200] "GET /downloads/math_pad_file.xml HTTP/1.1" 200 14769 www.sensalgo.com "-" "Mozilla/5.0" "-"
162.250.175.0 - - [23/Aug/2021:16:51:06 +0200] "GET /downloads/matrixshow_pad_file.xml HTTP/1.1" 200 14407 www.sensalgo.com "-" "Mozilla/5.0" "-"
82.77.245.0 - - [23/Aug/2021:16:51:49 +0200] "GET / HTTP/1.1" 200 8403 shelfclauses.txt-soft.com "-" "Mozilla/5.0 (compatible; MSIE 9.0; Windows NT 6.1; Trident/5.0)" "-"
162.250.175.0 - - [23/Aug/2021:16:53:27 +0200] "GET /downloads/numberinput_pad_file.xml HTTP/1.1" 200 15020 www.sensalgo.com "-" "Mozilla/5.0" "-"
82.77.245.0 - - [23/Aug/2021:16:57:01 +0200] "GET / HTTP/1.1" 200 8403 shelfclauses.txt-soft.com "-" "Mozilla/5.0 (compatible; MSIE 9.0; Windows NT 6.1; Trident/5.0)" "-"
114.119.151.0 - - [23/Aug/2021:16:57:52 +0200] "GET /en_us/downloadmodule.php?download=saobusax.zip HTTP/1.1" 200 86 www.sensalgo.com "-" "Mozilla/5.0 (Linux; Android 7.0;) AppleWebKit/537.36 (KHTML, like Gecko) Mobile Safari/537.36 (compatible; PetalBot;+https://webmaster.petalsearch.com/site/petalbot)" "-"
162.250.175.0 - - [23/Aug/2021:16:58:57 +0200] "GET /downloads/statistics_pad_file.xml HTTP/1.1" 200 14790 www.sensalgo.com "-" "Mozilla/5.0" "-"
162.250.175.0 - - [23/Aug/2021:16:58:57 +0200] "GET /downloads/subclassing_pad_file.xml HTTP/1.1" 200 15033 www.sensalgo.com "-" "Mozilla/5.0" "-"
23.231.38.0 - - [23/Aug/2021:17:04:20 +0200] "GET /cgi-bin/index_en_us.pl?URL=https://alvarosantos.eu HTTP/1.1" 500 614 www.sensalgo.com "http://www.sensalgo.com/" "Mozilla/5.0 (Windows NT 6.1; WOW64) AppleWebKit/537.36 (KHTML, like Gecko) Chrome/53.0.2785.104 Safari/537.36 Core/1.53.5006.400 QQBrowser/9.7.13080.400" "-"
82.77.245.0 - - [23/Aug/2021:17:05:15 +0200] "GET / HTTP/1.1" 200 8403 shelfclauses.txt-soft.com "-" "Mozilla/5.0 (compatible; MSIE 9.0; Windows NT 6.1; Trident/5.0)" "-"
114.119.151.0 - - [23/Aug/2021:17:08:55 +0200] "GET /cgi-bin/index_en_us.pl?URL=https%3A%2F%2Fpytgirls.xyz%2Fwet%2F954.html HTTP/1.1" 500 614 www.sensalgo.com "-" "Mozilla/5.0 (Linux; Android 7.0;) AppleWebKit/537.36 (KHTML, like Gecko) Mobile Safari/537.36 (compatible; PetalBot;+https://webmaster.petalsearch.com/site/petalbot)" "-"
188.34.153.0 - - [23/Aug/2021:17:15:30 +0200] "GET /drktb/ HTTP/1.1" 404 640 www.sensalgo.com "http://www.drktb.de/" "page-preview-tool Mozilla/5.0 (Windows NT 10.0; Win64; x64) AppleWebKit/537.36 (KHTML, like Gecko) Chrome/80.0.3987.132 Safari/537.36" "-"
82.77.245.0 - - [23/Aug/2021:17:16:16 +0200] "GET / HTTP/1.1" 200 8403 shelfclauses.txt-soft.com "-" "Mozilla/5.0 (compatible; MSIE 9.0; Windows NT 6.1; Trident/5.0)" "-"
23.83.88.0 - - [23/Aug/2021:17:18:19 +0200] "GET /cgi-bin/index_en_us.pl?URL=https://g2g1bet.com HTTP/1.1" 500 614 www.sensalgo.com "http://www.sensalgo.com/" "Mozilla/5.0 (Windows NT 6.1; Win64; x64) AppleWebKit/537.36 (KHTML, like Gecko) Chrome/66.0.3359.181 Safari/537.36,gzip(gfe)" "-"
23.83.88.0 - - [23/Aug/2021:17:18:20 +0200] "GET /cgi-bin/index_en_us.pl?URL=https://g2g1bet.com HTTP/1.1" 500 614 www.sensalgo.com "http://www.sensalgo.com/cgi-bin/index_en_us.pl?URL=https://g2g1bet.com" "Mozilla/5.0 (Windows NT 6.1; Win64; x64) AppleWebKit/537.36 (KHTML, like Gecko) Chrome/66.0.3359.181 Safari/537.36,gzip(gfe)" "-"
114.119.151.0 - - [23/Aug/2021:17:20:16 +0200] "GET /cgi-bin/index_en_us.pl?URL=https%3A%2F%2Fblysex.com%2Fnude%2F44507-mia-lelani-kladof.php HTTP/1.1" 500 614 www.sensalgo.com "-" "Mozilla/5.0 (Linux; Android 7.0;) AppleWebKit/537.36 (KHTML, like Gecko) Mobile Safari/537.36 (compatible; PetalBot;+https://webmaster.petalsearch.com/site/petalbot)" "-"
54.36.148.0 - - [23/Aug/2021:17:20:37 +0200] "GET /troubleshooting-linux.html HTTP/1.1" 200 2013 mbfxwords.txt-soft.com "-" "Mozilla/5.0 (compatible; AhrefsBot/7.0; +http://ahrefs.com/robot/)" "-"
46.187.26.0 - - [23/Aug/2021:17:21:19 +0200] "GET /tristat2/pro2/index.php?export=pac&rand=877 HTTP/1.1" 404 640 www.sensalgo.com "-" "Mozilla/5.0 (Windows NT 10.0; WOW64; rv:45.0) Gecko/20100101 Firefox/45.0" "-"
82.77.245.0 - - [23/Aug/2021:17:24:25 +0200] "GET / HTTP/1.1" 200 8403 shelfclauses.txt-soft.com "-" "Mozilla/5.0 (compatible; MSIE 9.0; Windows NT 6.1; Trident/5.0)" "-"
201.184.37.0 - - [23/Aug/2021:17:24:51 +0200] "GET /cgi-bin/index_en_us.pl?URL=https://maps.google.com.do/url?q=https://images.google.co.zw/url?q=http://sports-news-now.com HTTP/1.1" 500 614 www.sensalgo.com "http://www.sensalgo.com/" "Mozilla/5.0 (Windows NT 6.1; WOW64) AppleWebKit/537.36 (KHTML, like Gecko) Chrome/56.0.2924.90 Safari/537.36 2345Explorer/9.3.2.17331" "-"
201.184.37.0 - - [23/Aug/2021:17:24:52 +0200] "GET /cgi-bin/index_en_us.pl?URL=https://maps.google.com.do/url?q=http://sports-news-now.com HTTP/1.1" 500 614 www.sensalgo.com "http://www.sensalgo.com/cgi-bin/index_en_us.pl?URL=https://maps.google.com.do/url?q=https://images.google.co.zw/url?q=http://sports-news-now.com" "Mozilla/5.0 (Windows NT 6.1; WOW64) AppleWebKit/537.36 (KHTML, like Gecko) Chrome/56.0.2924.90 Safari/537.36 2345Explorer/9.3.2.17331" "-"
2600:1f14:b00:: - - [23/Aug/2021:17:25:22 +0200] "GET / HTTP/1.1" 200 8403 shelfclauses.txt-soft.com "-" "Mozilla/5.0 (Windows NT 6.1; Win64; x64) AppleWebKit/537.36 (KHTML, like Gecko) Chrome/72.0.3626.109 Safari/537.36" "-"
82.77.245.0 - - [23/Aug/2021:17:27:22 +0200] "GET / HTTP/1.1" 200 8403 shelfclauses.txt-soft.com "-" "Mozilla/5.0 (compatible; MSIE 9.0; Windows NT 6.1; Trident/5.0)" "-"
113.181.68.0 - - [23/Aug/2021:17:30:46 +0200] "GET /cgi-bin/index_en_us.pl?URL=http://cppbi.org/peace-award-nomination/ HTTP/1.1" 500 614 www.sensalgo.com "-" "Mozilla/5.0 (Windows NT 10.0; Win64; x64) AppleWebKit/537.36 (KHTML, like Gecko) Chrome/66.0.3359.170 Safari/537.36 OPR/53.0.2907.99" "-"
113.181.68.0 - - [23/Aug/2021:17:30:47 +0200] "GET /cgi-bin/index_en_us.pl?URL=http://cppbi.org/peace-award-nomination/ HTTP/1.1" 500 614 www.sensalgo.com "-" "Mozilla/5.0 (Windows NT 10.0; Win64; x64) AppleWebKit/537.36 (KHTML, like Gecko) Chrome/66.0.3359.170 Safari/537.36 OPR/53.0.2907.99" "-"
114.119.151.0 - - [23/Aug/2021:17:30:59 +0200] "GET /cgi-bin/index_en_us.pl?URL=https%3A%2F%2Fzepsex.xyz%2Ffucked%2F89.html HTTP/1.1" 500 614 www.sensalgo.com "-" "Mozilla/5.0 (Linux; Android 7.0;) AppleWebKit/537.36 (KHTML, like Gecko) Mobile Safari/537.36 (compatible; PetalBot;+https://webmaster.petalsearch.com/site/petalbot)" "-"
195.201.31.0 - - [23/Aug/2021:17:32:54 +0200] "GET /cgi-bin/index_en_us.pl?URL=http%3A%2F%2Feiledon-briards.biz%2F__media__%2Fjs%2Fnetsoltrademark.php%3Fd%3Dimages.google.bf%252Furl%253Fsa%253Dt%2526url%253Dhttps%25253A%25252F%25252Fec2-35-160-81-109.us-west-2.compute.amazonaws.com%25252FTrong_Khi_%2525C4%252591%2525C3%2525B3 HTTP/1.1" 500 614 www.sensalgo.com "-" "Mozilla/5.0 (Windows NT 10.0; Win64; x64) AppleWebKit/537.36 (KHTML, like Gecko) Chrome/66.0.3359.170 Safari/537.36 OPR/53.0.2907.99" "-"
195.201.31.0 - - [23/Aug/2021:17:32:54 +0200] "GET /cgi-bin/index_en_us.pl?URL=http%3A%2F%2Feiledon-briards.biz%2F__media__%2Fjs%2Fnetsoltrademark.php%3Fd%3Dimages.google.bf%252Furl%253Fsa%253Dt%2526url%253Dhttps%25253A%25252F%25252Fec2-35-160-81-109.us-west-2.compute.amazonaws.com%25252FTrong_Khi_%2525C4%252591%2525C3%2525B3 HTTP/1.1" 500 614 www.sensalgo.com "-" "Mozilla/5.0 (Windows NT 10.0; Win64; x64) AppleWebKit/537.36 (KHTML, like Gecko) Chrome/66.0.3359.170 Safari/537.36 OPR/53.0.2907.99" "-"
82.77.245.0 - - [23/Aug/2021:17:33:20 +0200] "GET / HTTP/1.1" 200 8403 shelfclauses.txt-soft.com "-" "Mozilla/5.0 (compatible; MSIE 9.0; Windows NT 6.1; Trident/5.0)" "-"
47.204.244.0 - - [23/Aug/2021:17:34:52 +0200] "GET /cgi-bin/index_en_us.pl?url=http://www.old.sksu.su/go/url=http://topseller.website/?attachment_id=450315 HTTP/1.1" 500 614 www.sensalgo.com "http://www.sensalgo.com/" "Mozilla/5.0 (Windows NT 6.1; Win64; x64) AppleWebKit/537.36 (KHTML, like Gecko) Chrome/66.0.3359.170 Safari/537.36" "-"
47.204.244.0 - - [23/Aug/2021:17:34:53 +0200] "GET /cgi-bin/index_en_us.pl?url=http://www.lighthousehoptown.org/System/Login.asp?id=55666&Referer=http://komteks-a.ru/bitrix/redirect.php%3Fgoto=http://kettlebells.tube/enter-the-kettlebell-pavel-tsatsouline/ HTTP/1.1" 500 614 www.sensalgo.com "http://www.sensalgo.com/cgi-bin/index_en_us.pl?url=http://www.old.sksu.su/go/url=http://topseller.website/?attachment_id=450315" "Mozilla/5.0 (Windows NT 6.1; Win64; x64) AppleWebKit/537.36 (KHTML, like Gecko) Chrome/66.0.3359.170 Safari/537.36" "-"
47.204.244.0 - - [23/Aug/2021:17:34:53 +0200] "GET /cgi-bin/index_en_us.pl?url=http://www.old.sksu.su/go/url=http://topseller.website/%3Fattachment_id=450315 HTTP/1.1" 500 614 www.sensalgo.com "http://www.sensalgo.com/" "Mozilla/5.0 (Windows NT 6.1; Win64; x64) AppleWebKit/537.36 (KHTML, like Gecko) Chrome/66.0.3359.170 Safari/537.36" "-"
8.142.31.0 - - [23/Aug/2021:17:35:27 +0200] "GET /robots.txt HTTP/1.1" 404 640 www.sensalgo.com "-" "Mozilla/5.0 (Windows NT 10.0; WOW64; rv:48.0) Gecko/20100101 Firefox/48.0" "-"
64.77.16.0 - - [23/Aug/2021:17:35:54 +0200] "GET / HTTP/1.1" 200 6942 mbfxwords.txt-soft.com "-" "Mozilla/5.0 (Windows NT 10.0; Win64; x64) AppleWebKit/537.36 (KHTML, like Gecko) Chrome/74.0.3729.131 Safari/537.36" "-"
64.77.16.0 - - [23/Aug/2021:17:35:56 +0200] "GET / HTTP/1.1" 200 8403 shelfclauses.txt-soft.com "-" "Mozilla/5.0 (Windows NT 10.0; Win64; x64) AppleWebKit/537.36 (KHTML, like Gecko) Chrome/74.0.3729.131 Safari/537.36" "-"
82.77.245.0 - - [23/Aug/2021:17:38:24 +0200] "GET / HTTP/1.1" 200 8403 shelfclauses.txt-soft.com "-" "Mozilla/5.0 (compatible; MSIE 9.0; Windows NT 6.1; Trident/5.0)" "-"
207.46.13.0 - - [23/Aug/2021:17:40:23 +0200] "GET / HTTP/1.1" 200 8403 shelfclauses.txt-soft.com "-" "Mozilla/5.0 (compatible; bingbot/2.0; +http://www.bing.com/bingbot.htm)" "-"
114.119.151.0 - - [23/Aug/2021:17:42:22 +0200] "GET /cgi-bin/index_en_us.pl?URL=https%3A%2F%2Fhrasex.com%2Fnude%2F151404-pornlyrical-latest-tweet-news-on-twiit.php HTTP/1.1" 500 614 www.sensalgo.com "-" "Mozilla/5.0 (Linux; Android 7.0;) AppleWebKit/537.36 (KHTML, like Gecko) Mobile Safari/537.36 (compatible; PetalBot;+https://webmaster.petalsearch.com/site/petalbot)" "-"
114.119.141.0 - - [23/Aug/2021:17:43:32 +0200] "GET /robots.txt HTTP/1.1" 404 643 mbfxwords.txt-soft.com "-" "Mozilla/5.0 (compatible;PetalBot;+https://webmaster.petalsearch.com/site/petalbot)" "-"
82.77.245.0 - - [23/Aug/2021:17:45:45 +0200] "GET / HTTP/1.1" 200 8403 shelfclauses.txt-soft.com "-" "Mozilla/5.0 (compatible; MSIE 9.0; Windows NT 6.1; Trident/5.0)" "-"
82.77.245.0 - - [23/Aug/2021:17:50:55 +0200] "GET / HTTP/1.1" 200 8403 shelfclauses.txt-soft.com "-" "Mozilla/5.0 (compatible; MSIE 9.0; Windows NT 6.1; Trident/5.0)" "-"
102.128.142.0 - - [23/Aug/2021:17:51:13 +0200] "GET /cgi-bin/index_en_us.pl?URL=https://mobile.sites.google.com/view/doubledown-codes-2021-working/ HTTP/1.1" 500 614 www.sensalgo.com "http://www.sensalgo.com/" "Mozilla/5.0 (Windows NT 6.1; Win64; x64) AppleWebKit/537.36 (KHTML, like Gecko) Chrome/66.0.3359.181 Safari/537.36" "-"
102.128.142.0 - - [23/Aug/2021:17:51:14 +0200] "GET /cgi-bin/index_en_us.pl?URL=https://web.sites.google.com/view/jackpot-party-casino-coins2021/jackpot-party-casino-coins-chips-free-generator-working HTTP/1.1" 500 614 www.sensalgo.com "http://www.sensalgo.com/cgi-bin/index_en_us.pl?URL=https://mobile.sites.google.com/view/doubledown-codes-2021-working/" "Mozilla/5.0 (Windows NT 6.1; Win64; x64) AppleWebKit/537.36 (KHTML, like Gecko) Chrome/66.0.3359.181 Safari/537.36" "-"
178.201.196.0 - - [23/Aug/2021:17:52:08 +0200] "GET /downloads/ShelfClauses-pad.xml HTTP/1.1" 200 14742 shelfclauses.txt-soft.com "-" "Mozilla/5.0 (Windows NT 6.3; WOW64; Trident/7.0; rv:11.0) like Gecko" "-"
178.201.196.0 - - [23/Aug/2021:17:52:12 +0200] "GET /downloads/mbFXWords-pad.xml HTTP/1.1" 200 14094 mbfxwords.txt-soft.com "-" "Mozilla/5.0 (Windows NT 6.3; WOW64; Trident/7.0; rv:11.0) like Gecko" "-"
114.119.128.0 - - [23/Aug/2021:17:53:19 +0200] "GET /robots.txt HTTP/1.1" 404 640 www.sensalgo.com "-" "Mozilla/5.0 (compatible;PetalBot;+https://webmaster.petalsearch.com/site/petalbot)" "-"
82.77.245.0 - - [23/Aug/2021:17:58:15 +0200] "GET / HTTP/1.1" 200 8403 shelfclauses.txt-soft.com "-" "Mozilla/5.0 (compatible; MSIE 9.0; Windows NT 6.1; Trident/5.0)" "-"
52.48.122.0 - - [23/Aug/2021:18:01:10 +0200] "GET /downloads/ShelfClauses-pad.xml HTTP/1.1" 200 14742 shelfclauses.txt-soft.com "-" "http-request/v0.7.0 (http://git.io/tl_S2w) node.js/v8.17.0" "-"
86.106.74.0 - - [23/Aug/2021:18:02:43 +0200] "GET / HTTP/1.1" 200 6942 mbfxwords.txt-soft.com "http://mbfxwords.txt-soft.com/" "Mozilla/5.0 (Windows NT 10.0) AppleWebKit/537.36 (KHTML, like Gecko) Chrome/72.0.3626.121 Safari/537.36" "-"
82.77.245.0 - - [23/Aug/2021:18:03:24 +0200] "GET / HTTP/1.1" 200 8403 shelfclauses.txt-soft.com "-" "Mozilla/5.0 (compatible; MSIE 9.0; Windows NT 6.1; Trident/5.0)" "-"
114.119.136.0 - - [23/Aug/2021:18:04:44 +0200] "GET /cgi-bin/index_en_us.pl?URL=https%3A%2F%2Fninsex.xyz%2Fbeautiful%2F38345-dakota-brunette-nude-naked-beauty-dakot.php HTTP/1.1" 500 614 www.sensalgo.com "-" "Mozilla/5.0 (Linux; Android 7.0;) AppleWebKit/537.36 (KHTML, like Gecko) Mobile Safari/537.36 (compatible; PetalBot;+https://webmaster.petalsearch.com/site/petalbot)" "-"
88.99.96.0 - - [23/Aug/2021:18:08:23 +0200] "GET /cgi-bin/index_en_us.pl?URL=http://108.61.246.203/ HTTP/1.1" 500 614 www.sensalgo.com "http://www.sensalgo.com/" "Mozilla/5.0 (Windows NT 6.1; Win64; x64) AppleWebKit/537.36 (KHTML, like Gecko) Chrome/65.0.3325.181 Safari/986368" "-"
82.77.245.0 - - [23/Aug/2021:18:08:29 +0200] "GET / HTTP/1.1" 200 8403 shelfclauses.txt-soft.com "-" "Mozilla/5.0 (compatible; MSIE 9.0; Windows NT 6.1; Trident/5.0)" "-"
54.218.68.0 - - [23/Aug/2021:18:12:51 +0200] "GET / HTTP/1.1" 200 489 sensalgo.com "-" "Mozilla/5.0 (X11; Linux x86_64) AppleWebKit/537.36 (KHTML, like Gecko) Chrome/83.0.4103.97 Safari/537.36" "-"
54.189.60.0 - - [23/Aug/2021:18:13:22 +0200] "GET /favicon.ico HTTP/1.1" 404 640 sensalgo.com "-" "Mozilla/5.0 (X11; Linux x86_64) AppleWebKit/537.36 (KHTML, like Gecko) Chrome/83.0.4103.97 Safari/537.36" "-"
54.189.60.0 - - [23/Aug/2021:18:13:28 +0200] "GET / HTTP/1.1" 200 489 sensalgo.com "-" "Mozilla/5.0 (X11; Linux x86_64) AppleWebKit/537.36 (KHTML, like Gecko) Chrome/83.0.4103.97 Safari/537.36" "-"
82.77.245.0 - - [23/Aug/2021:18:15:37 +0200] "GET / HTTP/1.1" 200 8403 shelfclauses.txt-soft.com "-" "Mozilla/5.0 (compatible; MSIE 9.0; Windows NT 6.1; Trident/5.0)" "-"
114.119.144.0 - - [23/Aug/2021:18:16:11 +0200] "GET /cgi-bin/index_en_us.pl?URL=https%3A%2F%2Fwww.iptvsmart.co%2Fhow-install-iptv%2Fhow-install-smart-iptv-app%2F HTTP/1.1" 500 614 www.sensalgo.com "-" "Mozilla/5.0 (Linux; Android 7.0;) AppleWebKit/537.36 (KHTML, like Gecko) Mobile Safari/537.36 (compatible; PetalBot;+https://webmaster.petalsearch.com/site/petalbot)" "-"
210.99.181.0 - - [23/Aug/2021:18:17:18 +0200] "GET /cgi-bin/index_en_us.pl?URL=http://%EB%A8%B9%ED%8A%80%EC%95%84%EC%9B%83.kr HTTP/1.1" 500 614 www.sensalgo.com "http://www.sensalgo.com/" "Mozilla/5.0 (Windows NT 6.1; WOW64) AppleWebKit/537.36 (KHTML, like Gecko) Chrome/56.0.2924.90 Safari/537.36 2345Explorer/9.3.2.17331" "-"
82.77.245.0 - - [23/Aug/2021:18:22:52 +0200] "GET / HTTP/1.1" 200 8403 shelfclauses.txt-soft.com "-" "Mozilla/5.0 (compatible; MSIE 9.0; Windows NT 6.1; Trident/5.0)" "-"
2600:1f18:6500:: - - [23/Aug/2021:18:25:01 +0200] "GET / HTTP/1.1" 200 8403 shelfclauses.txt-soft.com "-" "Mozilla/5.0 (Windows NT 6.1; Win64; x64) AppleWebKit/537.36 (KHTML, like Gecko) Chrome/72.0.3626.109 Safari/537.36" "-"
46.187.26.0 - - [23/Aug/2021:18:25:01 +0200] "GET /tristat2/pro2/index.php?export=pac&rand=877 HTTP/1.1" 404 640 www.sensalgo.com "-" "Mozilla/5.0 (Windows NT 10.0; WOW64; rv:45.0) Gecko/20100101 Firefox/45.0" "-"
82.77.245.0 - - [23/Aug/2021:18:25:25 +0200] "GET / HTTP/1.1" 200 8403 shelfclauses.txt-soft.com "-" "Mozilla/5.0 (compatible; MSIE 9.0; Windows NT 6.1; Trident/5.0)" "-"
195.201.31.0 - - [23/Aug/2021:18:26:17 +0200] "GET /cgi-bin/index_en_us.pl?URL=http%3A%2F%2Ffollowx.net%2F__media__%2Fjs%2Fnetsoltrademark.php%3Fd%3Dsska.kz%252Fbitrix%252Fredirect.php%253Fevent1%253D%2526event2%253D%2526event3%253D%2526goto%253Dhttps%253A%252F%252Fpl.grepolis.com%252Fstart%252Fredirect%253Furl%253Dhttps%253A%252F%252Fcallboyvn.net%252Fdiendan%252Fspa-sauna-massage-danh-cho-gay-viet-69%252F HTTP/1.1" 500 614 www.sensalgo.com "-" "Mozilla/5.0 (Windows NT 10.0; Win64; x64) AppleWebKit/537.36 (KHTML, like Gecko) Chrome/66.0.3359.170 Safari/537.36 OPR/53.0.2907.99" "-"
195.201.31.0 - - [23/Aug/2021:18:26:17 +0200] "GET /cgi-bin/index_en_us.pl?URL=http%3A%2F%2Ffollowx.net%2F__media__%2Fjs%2Fnetsoltrademark.php%3Fd%3Dsska.kz%252Fbitrix%252Fredirect.php%253Fevent1%253D%2526event2%253D%2526event3%253D%2526goto%253Dhttps%253A%252F%252Fpl.grepolis.com%252Fstart%252Fredirect%253Furl%253Dhttps%253A%252F%252Fcallboyvn.net%252Fdiendan%252Fspa-sauna-massage-danh-cho-gay-viet-69%252F HTTP/1.1" 500 614 www.sensalgo.com "-" "Mozilla/5.0 (Windows NT 10.0; Win64; x64) AppleWebKit/537.36 (KHTML, like Gecko) Chrome/66.0.3359.170 Safari/537.36 OPR/53.0.2907.99" "-"
207.53.234.0 - - [23/Aug/2021:18:27:49 +0200] "GET /help_files/GI_Example.jpg HTTP/1.1" 200 73596 www.sensalgo.com "-" "Mozilla/5.0 (X11; Ubuntu; Linux x86_64; rv:72.0) Gecko/20100101 Firefox/72.0" "-"
82.77.245.0 - - [23/Aug/2021:18:28:09 +0200] "GET / HTTP/1.1" 200 8403 shelfclauses.txt-soft.com "-" "Mozilla/5.0 (compatible; MSIE 9.0; Windows NT 6.1; Trident/5.0)" "-"
114.119.147.0 - - [23/Aug/2021:18:30:17 +0200] "GET /cgi-bin/index_en_us.pl?URL=hbocom.ru HTTP/1.1" 500 614 www.sensalgo.com "-" "Mozilla/5.0 (Linux; Android 7.0;) AppleWebKit/537.36 (KHTML, like Gecko) Mobile Safari/537.36 (compatible; PetalBot;+https://webmaster.petalsearch.com/site/petalbot)" "-"
173.213.85.0 - - [23/Aug/2021:18:33:05 +0200] "GET /cgi-bin/index_en_us.pl?URL=http://linksalternatif.com/ HTTP/1.1" 500 614 www.sensalgo.com "http://www.sensalgo.com/" "Mozilla/5.0 (Windows NT 6.1; Win64; x64; rv:52.9) Gecko/20100101 Goanna/3.4 Firefox/52.9 PaleMoon/27.8.1" "-"
173.213.85.0 - - [23/Aug/2021:18:33:06 +0200] "GET /cgi-bin/index_en_us.pl?URL=http://linksalternatif.com/ HTTP/1.1" 500 614 www.sensalgo.com "http://www.sensalgo.com/cgi-bin/index_en_us.pl?URL=http://linksalternatif.com/" "Mozilla/5.0 (Windows NT 6.1; Win64; x64; rv:52.9) Gecko/20100101 Goanna/3.4 Firefox/52.9 PaleMoon/27.8.1" "-"
82.77.245.0 - - [23/Aug/2021:18:33:26 +0200] "GET / HTTP/1.1" 200 8403 shelfclauses.txt-soft.com "-" "Mozilla/5.0 (compatible; MSIE 9.0; Windows NT 6.1; Trident/5.0)" "-"
64.77.16.0 - - [23/Aug/2021:18:34:26 +0200] "GET / HTTP/1.1" 200 6942 mbfxwords.txt-soft.com "-" "Mozilla/5.0 (Windows NT 10.0; Win64; x64) AppleWebKit/537.36 (KHTML, like Gecko) Chrome/74.0.3729.131 Safari/537.36" "-"
64.77.16.0 - - [23/Aug/2021:18:34:26 +0200] "GET / HTTP/1.1" 200 8403 shelfclauses.txt-soft.com "-" "Mozilla/5.0 (Windows NT 10.0; Win64; x64) AppleWebKit/537.36 (KHTML, like Gecko) Chrome/74.0.3729.131 Safari/537.36" "-"
202.5.52.0 - - [23/Aug/2021:18:35:21 +0200] "GET /cgi-bin/index_en_us.pl?URL=http://trade.forexbinaryoptions.info/ HTTP/1.1" 500 614 www.sensalgo.com "http://www.sensalgo.com/cgi-bin/index_en_us.pl?URL=http://trade.forexbinaryoptions.info/" "Mozilla/5.0 (Windows NT 6.1; rv:59.0) Gecko/20100101 Firefox/59.0,gzip(gfe)" "-"
47.204.244.0 - - [23/Aug/2021:18:38:37 +0200] "GET /cgi-bin/index_en_us.pl?url=https://maxilingvo.kz/go?url=https://topseller.website/product/hemppy-dog-hemp-oil-for-dogs-anxiety-stress-relief-calming-organic-oil-excellent-in-aiding-separation-anxiety-seizures-chronic-pains-anti-inflammatory-irritations-joint-pain-from-arthritis/ HTTP/1.1" 500 614 www.sensalgo.com "http://www.sensalgo.com/" "Mozilla/5.0 (Windows NT 6.1; WOW64) AppleWebKit/537.36 (KHTML, like Gecko) Chrome/53.0.2785.104 Safari/537.36 Core/1.53.2759.400 QQBrowser/9.6.11266.400" "-"
47.204.244.0 - - [23/Aug/2021:18:38:37 +0200] "GET /cgi-bin/index_en_us.pl?url=http://www.lighthousehoptown.org/System/Login.asp?id=55666&Referer=http://komteks-a.ru/bitrix/redirect.php%3Fgoto=http://kettlebells.tube/enter-the-kettlebell-pavel-tsatsouline/ HTTP/1.1" 500 614 www.sensalgo.com "http://www.sensalgo.com/cgi-bin/index_en_us.pl?url=https://maxilingvo.kz/go?url=https://topseller.website/product/hemppy-dog-hemp-oil-for-dogs-anxiety-stress-relief-calming-organic-oil-excellent-in-aiding-separation-anxiety-seizures-chronic-pains-anti-inflammatory-irritations-joint-pain-from-arthritis/" "Mozilla/5.0 (Windows NT 6.1; WOW64) AppleWebKit/537.36 (KHTML, like Gecko) Chrome/53.0.2785.104 Safari/537.36 Core/1.53.2759.400 QQBrowser/9.6.11266.400" "-"
47.204.244.0 - - [23/Aug/2021:18:38:38 +0200] "GET /cgi-bin/index_en_us.pl?url=https://maxilingvo.kz/go%3Furl=https://topseller.website/product/hemppy-dog-hemp-oil-for-dogs-anxiety-stress-relief-calming-organic-oil-excellent-in-aiding-separation-anxiety-seizures-chronic-pains-anti-inflammatory-irritations-joint-pain-from-arthritis/ HTTP/1.1" 500 614 www.sensalgo.com "http://www.sensalgo.com/" "Mozilla/5.0 (Windows NT 6.1; WOW64) AppleWebKit/537.36 (KHTML, like Gecko) Chrome/53.0.2785.104 Safari/537.36 Core/1.53.2759.400 QQBrowser/9.6.11266.400" "-"
82.77.245.0 - - [23/Aug/2021:18:38:45 +0200] "GET / HTTP/1.1" 200 8403 shelfclauses.txt-soft.com "-" "Mozilla/5.0 (compatible; MSIE 9.0; Windows NT 6.1; Trident/5.0)" "-"
114.119.149.0 - - [23/Aug/2021:18:38:53 +0200] "GET /cgi-bin/index_en_us.pl?URL=http%3A%2F%2Fvpn2.noimang.com%2Fmediawiki%2Findex.php%2FUser%3ACeliaMyd0123 HTTP/1.1" 500 614 www.sensalgo.com "-" "Mozilla/5.0 (Linux; Android 7.0;) AppleWebKit/537.36 (KHTML, like Gecko) Mobile Safari/537.36 (compatible; PetalBot;+https://webmaster.petalsearch.com/site/petalbot)" "-"
162.250.175.0 - - [23/Aug/2021:18:39:52 +0200] "GET /downloads/sencopy_pad_file.xml HTTP/1.1" 200 14415 www.sensalgo.com "-" "Mozilla/5.0" "-"
207.53.234.0 - - [23/Aug/2021:18:41:27 +0200] "GET /help_files/NI_Example.jpg HTTP/1.1" 200 28036 www.sensalgo.com "-" "Mozilla/5.0 (X11; Ubuntu; Linux x86_64; rv:72.0) Gecko/20100101 Firefox/72.0" "-"
195.201.31.0 - - [23/Aug/2021:18:43:21 +0200] "GET /cgi-bin/index_en_us.pl?URL=http%3A%2F%2Fgreek-stoles.com%2F__media__%2Fjs%2Fnetsoltrademark.php%3Fd%3Dbong888.bet%252Fsoi-keo-nhan-dinh-bong-da%252Fsoi-keo-italia HTTP/1.1" 500 614 www.sensalgo.com "-" "Mozilla/5.0 (Windows NT 10.0; Win64; x64) AppleWebKit/537.36 (KHTML, like Gecko) Chrome/66.0.3359.170 Safari/537.36 OPR/53.0.2907.99" "-"
195.201.31.0 - - [23/Aug/2021:18:43:21 +0200] "GET /cgi-bin/index_en_us.pl?URL=http%3A%2F%2Fgreek-stoles.com%2F__media__%2Fjs%2Fnetsoltrademark.php%3Fd%3Dbong888.bet%252Fsoi-keo-nhan-dinh-bong-da%252Fsoi-keo-italia HTTP/1.1" 500 614 www.sensalgo.com "-" "Mozilla/5.0 (Windows NT 10.0; Win64; x64) AppleWebKit/537.36 (KHTML, like Gecko) Chrome/66.0.3359.170 Safari/537.36 OPR/53.0.2907.99" "-"
170.254.18.0 - - [23/Aug/2021:18:43:46 +0200] "GET /cgi-bin/index_en_us.pl?URL=https://bfl-solutions.eu HTTP/1.1" 500 614 www.sensalgo.com "http://www.sensalgo.com/" "Mozilla/5.0 (Windows NT 6.1) AppleWebKit/537.36 (KHTML, like Gecko) Chrome/66.0.3359.181 Safari/537.36" "-"
82.77.245.0 - - [23/Aug/2021:18:45:49 +0200] "GET / HTTP/1.1" 200 8403 shelfclauses.txt-soft.com "-" "Mozilla/5.0 (compatible; MSIE 9.0; Windows NT 6.1; Trident/5.0)" "-"
114.119.151.0 - - [23/Aug/2021:18:50:29 +0200] "GET /cgi-bin/index_en_us.pl?URL=https%3A%2F%2Fdomskazok.info%2Fold%2F9513-karup-older-women.php HTTP/1.1" 500 614 www.sensalgo.com "-" "Mozilla/5.0 (Linux; Android 7.0;) AppleWebKit/537.36 (KHTML, like Gecko) Mobile Safari/537.36 (compatible; PetalBot;+https://webmaster.petalsearch.com/site/petalbot)" "-"
82.77.245.0 - - [23/Aug/2021:18:52:46 +0200] "GET / HTTP/1.1" 200 8403 shelfclauses.txt-soft.com "-" "Mozilla/5.0 (compatible; MSIE 9.0; Windows NT 6.1; Trident/5.0)" "-"
195.201.31.0 - - [23/Aug/2021:18:54:00 +0200] "GET /cgi-bin/index_en_us.pl?URL=http%3A%2F%2FL.U.F.E.Ngk.Uan.Gni.Ubi.Xn--.U.K.3@econom.uu.ru%2F%3Fa%255B%255D%3D%253Ca+href%253Dhttp%3A%2F%2Fcl-policlinic1.ru%2Fbitrix%2Frk.php%253Fgoto%253Dhttp%3A%2F%2Fmaps.google.com.pe%2Furl%25253Fq%253Dhttps%3A%2F%2Fbong888.bet%2Fld789-lo-de-online.html%253Em%25E1%25BA%25A1ng+l%25C3%25B4+%25C4%2591%25E1%25BB%2581+online%253C%2Fa%253E HTTP/1.1" 500 614 www.sensalgo.com "-" "Mozilla/5.0 (Windows NT 10.0; Win64; x64) AppleWebKit/537.36 (KHTML, like Gecko) Chrome/66.0.3359.170 Safari/537.36 OPR/53.0.2907.99" "-"
195.201.31.0 - - [23/Aug/2021:18:54:00 +0200] "GET /cgi-bin/index_en_us.pl?URL=http%3A%2F%2FL.U.F.E.Ngk.Uan.Gni.Ubi.Xn--.U.K.3@econom.uu.ru%2F%3Fa%255B%255D%3D%253Ca+href%253Dhttp%3A%2F%2Fcl-policlinic1.ru%2Fbitrix%2Frk.php%253Fgoto%253Dhttp%3A%2F%2Fmaps.google.com.pe%2Furl%25253Fq%253Dhttps%3A%2F%2Fbong888.bet%2Fld789-lo-de-online.html%253Em%25E1%25BA%25A1ng+l%25C3%25B4+%25C4%2591%25E1%25BB%2581+online%253C%2Fa%253E HTTP/1.1" 500 614 www.sensalgo.com "-" "Mozilla/5.0 (Windows NT 10.0; Win64; x64) AppleWebKit/537.36 (KHTML, like Gecko) Chrome/66.0.3359.170 Safari/537.36 OPR/53.0.2907.99" "-"
49.7.20.0 - - [23/Aug/2021:18:56:54 +0200] "GET /en_us/index.php HTTP/1.1" 302 2 www.sensalgo.com "-" "Sogou web spider/4.0(+http://www.sogou.com/docs/help/webmasters.htm#07)" "-"
82.77.245.0 - - [23/Aug/2021:18:57:49 +0200] "GET / HTTP/1.1" 200 8403 shelfclauses.txt-soft.com "-" "Mozilla/5.0 (compatible; MSIE 9.0; Windows NT 6.1; Trident/5.0)" "-"
114.119.151.0 - - [23/Aug/2021:19:01:40 +0200] "GET /en_us/downloadmodule.php?download=saoaccax.zip HTTP/1.1" 200 86 www.sensalgo.com "-" "Mozilla/5.0 (Linux; Android 7.0;) AppleWebKit/537.36 (KHTML, like Gecko) Mobile Safari/537.36 (compatible; PetalBot;+https://webmaster.petalsearch.com/site/petalbot)" "-"
49.7.20.0 - - [23/Aug/2021:19:04:58 +0200] "GET /index_en_us.htm HTTP/1.1" 200 647 www.sensalgo.com "-" "Sogou web spider/4.0(+http://www.sogou.com/docs/help/webmasters.htm#07)" "-"
82.77.245.0 - - [23/Aug/2021:19:05:22 +0200] "GET / HTTP/1.1" 200 8403 shelfclauses.txt-soft.com "-" "Mozilla/5.0 (compatible; MSIE 9.0; Windows NT 6.1; Trident/5.0)" "-"
49.7.20.0 - - [23/Aug/2021:19:09:14 +0200] "GET / HTTP/1.1" 200 489 www.sensalgo.com "-" "Sogou web spider/4.0(+http://www.sogou.com/docs/help/webmasters.htm#07)" "-"
49.7.20.0 - - [23/Aug/2021:19:09:14 +0200] "GET /en_us/index.php HTTP/1.1" 302 2 www.sensalgo.com "-" "Sogou web spider/4.0(+http://www.sogou.com/docs/help/webmasters.htm#07)" "-"
49.7.20.0 - - [23/Aug/2021:19:09:15 +0200] "GET /index_en_us.htm HTTP/1.1" 200 647 www.sensalgo.com "-" "Sogou web spider/4.0(+http://www.sogou.com/docs/help/webmasters.htm#07)" "-"
82.77.245.0 - - [23/Aug/2021:19:10:29 +0200] "GET / HTTP/1.1" 200 8403 shelfclauses.txt-soft.com "-" "Mozilla/5.0 (compatible; MSIE 9.0; Windows NT 6.1; Trident/5.0)" "-"
207.148.102.0 - - [23/Aug/2021:19:10:38 +0200] "GET /cgi-bin/index_en_us.pl?URL=https://209.97.173.178/?togel HTTP/1.1" 500 614 www.sensalgo.com "http://www.sensalgo.com/" "Mozilla/5.0 (Windows NT 6.1; Win64; x64; rv:61.0) Gecko/20100101 Firefox/61.0" "-"
114.119.135.0 - - [23/Aug/2021:19:13:20 +0200] "GET /cgi-bin/index_en_us.pl?URL=https%3A%2F%2Fxvideo.fun%2Fvideos-mom-1.html HTTP/1.1" 500 614 www.sensalgo.com "-" "Mozilla/5.0 (Linux; Android 7.0;) AppleWebKit/537.36 (KHTML, like Gecko) Mobile Safari/537.36 (compatible; PetalBot;+https://webmaster.petalsearch.com/site/petalbot)" "-"
82.77.245.0 - - [23/Aug/2021:19:15:55 +0200] "GET / HTTP/1.1" 200 8403 shelfclauses.txt-soft.com "-" "Mozilla/5.0 (compatible; MSIE 9.0; Windows NT 6.1; Trident/5.0)" "-"
38.130.221.0 - - [23/Aug/2021:19:18:18 +0200] "GET /cgi-bin/index_en_us.pl?URL=https://autorouteplanner.eu HTTP/1.1" 500 614 www.sensalgo.com "http://www.sensalgo.com/" "Mozilla/5.0 (Windows NT 6.1; rv:3.4) Goanna/20180327 PaleMoon/27.8.3" "-"
47.204.244.0 - - [23/Aug/2021:19:18:50 +0200] "GET /cgi-bin/index_en_us.pl?url=http://asna.ru/bitrix/rk.php?goto=https://kidsonboard.co.nz/activity_dw/st-annes-lagoon/?return=https://www.google.com.sv/url%3Fq=https://fractionalconsultant.services/ HTTP/1.1" 500 614 www.sensalgo.com "http://www.sensalgo.com/" "Mozilla/5.0 (Windows NT 6.1; WOW64) AppleWebKit/537.36 (KHTML, like Gecko) Chrome/53.0.2785.104 Safari/537.36 Core/1.53.4882.400 QQBrowser/9.7.13036.400" "-"
47.204.244.0 - - [23/Aug/2021:19:18:51 +0200] "GET /cgi-bin/index_en_us.pl?url=http://asna.ru/bitrix/rk.php?goto=http://paulmann.ru/bitrix/redirect.php%3Fgoto=https://sportsnutrition.tube/if-an-athlete-wants-to-change-their-body-composition-what-should-they-do-jorunn-sundgot-borgen/ HTTP/1.1" 500 614 www.sensalgo.com "http://www.sensalgo.com/cgi-bin/index_en_us.pl?url=http://asna.ru/bitrix/rk.php?goto=https://kidsonboard.co.nz/activity_dw/st-annes-lagoon/?return=https://www.google.com.sv/url%3Fq=https://fractionalconsultant.services/" "Mozilla/5.0 (Windows NT 6.1; WOW64) AppleWebKit/537.36 (KHTML, like Gecko) Chrome/53.0.2785.104 Safari/537.36 Core/1.53.4882.400 QQBrowser/9.7.13036.400" "-"
47.204.244.0 - - [23/Aug/2021:19:18:51 +0200] "GET /cgi-bin/index_en_us.pl?url=https://kidsonboard.co.nz/activity_dw/st-annes-lagoon/%3Freturn=https://www.google.com.sv/url%3Fq=https://fractionalconsultant.services/ HTTP/1.1" 500 614 www.sensalgo.com "http://www.sensalgo.com/" "Mozilla/5.0 (Windows NT 6.1; WOW64) AppleWebKit/537.36 (KHTML, like Gecko) Chrome/53.0.2785.104 Safari/537.36 Core/1.53.4882.400 QQBrowser/9.7.13036.400" "-"
54.36.148.0 - - [23/Aug/2021:19:19:27 +0200] "GET / HTTP/1.1" 200 489 www.sensalgo.com "-" "Mozilla/5.0 (compatible; AhrefsBot/7.0; +http://ahrefs.com/robot/)" "-"
114.119.151.0 - - [23/Aug/2021:19:24:30 +0200] "GET /cgi-bin/index_en_us.pl?URL=http%3A%2F%2Fviagraonlineviagra.us%5Dviagra HTTP/1.1" 500 614 www.sensalgo.com "-" "Mozilla/5.0 (Linux; Android 7.0;) AppleWebKit/537.36 (KHTML, like Gecko) Mobile Safari/537.36 (compatible; PetalBot;+https://webmaster.petalsearch.com/site/petalbot)" "-"
82.77.245.0 - - [23/Aug/2021:19:24:38 +0200] "GET / HTTP/1.1" 200 8403 shelfclauses.txt-soft.com "-" "Mozilla/5.0 (compatible; MSIE 9.0; Windows NT 6.1; Trident/5.0)" "-"
46.187.26.0 - - [23/Aug/2021:19:25:05 +0200] "GET /tristat2/pro2/index.php?export=pac&rand=877 HTTP/1.1" 404 640 www.sensalgo.com "-" "Mozilla/5.0 (Windows NT 10.0; WOW64; rv:45.0) Gecko/20100101 Firefox/45.0" "-"
2600:1f18:6500:: - - [23/Aug/2021:19:26:24 +0200] "GET / HTTP/1.1" 200 8403 shelfclauses.txt-soft.com "-" "Mozilla/5.0 (Windows NT 6.1; Win64; x64) AppleWebKit/537.36 (KHTML, like Gecko) Chrome/72.0.3626.109 Safari/537.36" "-"
82.77.245.0 - - [23/Aug/2021:19:29:49 +0200] "GET / HTTP/1.1" 200 8403 shelfclauses.txt-soft.com "-" "Mozilla/5.0 (compatible; MSIE 9.0; Windows NT 6.1; Trident/5.0)" "-"
121.184.19.0 - - [23/Aug/2021:19:32:48 +0200] "GET /cgi-bin/index_en_us.pl?URL=https://www.bacaraday-kor.com HTTP/1.1" 500 614 www.sensalgo.com "http://www.sensalgo.com/" "Mozilla/5.0 (Windows NT 6.1; Win64; x64; rv:52.0) Gecko/20100101 Firefox/4FD9" "-"
121.184.19.0 - - [23/Aug/2021:19:32:49 +0200] "GET /cgi-bin/index_en_us.pl?URL=https://b2btravel.eu HTTP/1.1" 500 614 www.sensalgo.com "http://www.sensalgo.com/cgi-bin/index_en_us.pl?URL=https://www.bacaraday-kor.com" "Mozilla/5.0 (Windows NT 6.1; Win64; x64; rv:52.0) Gecko/20100101 Firefox/4FD9" "-"
114.119.140.0 - - [23/Aug/2021:19:35:50 +0200] "GET /robots.txt HTTP/1.1" 404 649 shelfclauses.txt-soft.com "-" "Mozilla/5.0 (compatible;PetalBot;+https://webmaster.petalsearch.com/site/petalbot)" "-"
114.119.151.0 - - [23/Aug/2021:19:35:54 +0200] "GET /cgi-bin/index_en_us.pl?URL=https%3A%2F%2Fpeasex.com%2Fblowjob%2F63047-trina-michaels-rounded-tits-enjoying-sucking.php HTTP/1.1" 500 614 www.sensalgo.com "-" "Mozilla/5.0 (Linux; Android 7.0;) AppleWebKit/537.36 (KHTML, like Gecko) Mobile Safari/537.36 (compatible; PetalBot;+https://webmaster.petalsearch.com/site/petalbot)" "-"
64.77.16.0 - - [23/Aug/2021:19:37:06 +0200] "GET / HTTP/1.1" 200 6942 mbfxwords.txt-soft.com "-" "Mozilla/5.0 (Windows NT 10.0; Win64; x64) AppleWebKit/537.36 (KHTML, like Gecko) Chrome/74.0.3729.131 Safari/537.36" "-"
64.77.16.0 - - [23/Aug/2021:19:37:09 +0200] "GET / HTTP/1.1" 200 8403 shelfclauses.txt-soft.com "-" "Mozilla/5.0 (Windows NT 10.0; Win64; x64) AppleWebKit/537.36 (KHTML, like Gecko) Chrome/74.0.3729.131 Safari/537.36" "-"
82.77.245.0 - - [23/Aug/2021:19:37:26 +0200] "GET / HTTP/1.1" 200 8403 shelfclauses.txt-soft.com "-" "Mozilla/5.0 (compatible; MSIE 9.0; Windows NT 6.1; Trident/5.0)" "-"
54.185.61.0 - - [23/Aug/2021:19:42:11 +0200] "GET / HTTP/1.1" 200 1689 txt-soft.com "-" "Mozilla/5.0 (X11; Linux x86_64) AppleWebKit/537.36 (KHTML, like Gecko) Chrome/83.0.4103.97 Safari/537.36" "-"
54.185.7.0 - - [23/Aug/2021:19:42:39 +0200] "GET /favicon.ico HTTP/1.1" 404 640 txt-soft.com "-" "Mozilla/5.0 (X11; Linux x86_64) AppleWebKit/537.36 (KHTML, like Gecko) Chrome/83.0.4103.97 Safari/537.36" "-"
54.185.7.0 - - [23/Aug/2021:19:42:39 +0200] "GET / HTTP/1.1" 200 1689 txt-soft.com "-" "Mozilla/5.0 (X11; Linux x86_64) AppleWebKit/537.36 (KHTML, like Gecko) Chrome/83.0.4103.97 Safari/537.36" "-"
172.245.42.0 - - [23/Aug/2021:19:43:31 +0200] "GET /cgi-bin/index_en_us.pl?URL=http://onderzoeksvragen.ou.nl/index.php?qa=user&qa_1=gibbonsjensen7 HTTP/1.1" 500 614 www.sensalgo.com "http://www.sensalgo.com/" "Mozilla/5.0 (Windows NT 6.1) AppleWebKit/537.36 (KHTML, like Gecko) Chrome/66.0.3355.4 Safari/537.36" "-"
172.245.42.0 - - [23/Aug/2021:19:43:31 +0200] "GET /cgi-bin/index_en_us.pl?URL=https://b2btravel.eu HTTP/1.1" 500 614 www.sensalgo.com "http://www.sensalgo.com/cgi-bin/index_en_us.pl?URL=http://onderzoeksvragen.ou.nl/index.php?qa=user&qa_1=gibbonsjensen7" "Mozilla/5.0 (Windows NT 6.1) AppleWebKit/537.36 (KHTML, like Gecko) Chrome/66.0.3355.4 Safari/537.36" "-"
82.77.245.0 - - [23/Aug/2021:19:44:22 +0200] "GET / HTTP/1.1" 200 8403 shelfclauses.txt-soft.com "-" "Mozilla/5.0 (compatible; MSIE 9.0; Windows NT 6.1; Trident/5.0)" "-"
8.208.24.0 - - [23/Aug/2021:19:47:38 +0200] "GET /help_files/MS_Display.jpg HTTP/1.1" 200 30787 www.sensalgo.com "https://google.com" "Mozilla/5.0 (X11; Linux i686 (x86_64)) AppleWebKit/537.36 (KHTML, like Gecko) Chrome/66.0.3334.0 Safari/537.36" "-"
114.119.147.0 - - [23/Aug/2021:19:47:45 +0200] "GET /cgi-bin/index_en_us.pl?URL=https%3A%2F%2Fcasino-legali.eu%2Fbest-slot-machine-game-on-android.html HTTP/1.1" 500 614 www.sensalgo.com "-" "Mozilla/5.0 (Linux; Android 7.0;) AppleWebKit/537.36 (KHTML, like Gecko) Mobile Safari/537.36 (compatible; PetalBot;+https://webmaster.petalsearch.com/site/petalbot)" "-"
